Component: ARM Compiler 5.05 update 1 (build 106) Tool: armlink [4d0efa]

==============================================================================

Section Cross References

    stm32f10x_it.o(.text) refers to usart.o(.text) for UsartPrintf
    system_stm32f10x.o(.text) refers to system_stm32f10x.o(.data) for SystemCoreClock
    startup_stm32f10x_md.o(STACK) refers (Special) to heapauxi.o(.text) for __use_two_region_memory
    startup_stm32f10x_md.o(HEAP) refers (Special) to heapauxi.o(.text) for __use_two_region_memory
    startup_stm32f10x_md.o(RESET) refers (Special) to heapauxi.o(.text) for __use_two_region_memory
    startup_stm32f10x_md.o(RESET) refers to startup_stm32f10x_md.o(STACK) for __initial_sp
    startup_stm32f10x_md.o(RESET) refers to startup_stm32f10x_md.o(.text) for Reset_Handler
    startup_stm32f10x_md.o(RESET) refers to stm32f10x_it.o(.text) for NMI_Handler
    startup_stm32f10x_md.o(RESET) refers to main.o(.text) for EXTI9_5_IRQHandler
    startup_stm32f10x_md.o(RESET) refers to bsp_generaltim.o(.text) for TIM4_IRQHandler
    startup_stm32f10x_md.o(RESET) refers to usart.o(.text) for USART1_IRQHandler
    startup_stm32f10x_md.o(RESET) refers to esp8266.o(.text) for USART2_IRQHandler
    startup_stm32f10x_md.o(.text) refers (Special) to heapauxi.o(.text) for __use_two_region_memory
    startup_stm32f10x_md.o(.text) refers to system_stm32f10x.o(.text) for SystemInit
    startup_stm32f10x_md.o(.text) refers to __main.o(!!!main) for __main
    startup_stm32f10x_md.o(.text) refers to startup_stm32f10x_md.o(HEAP) for Heap_Mem
    startup_stm32f10x_md.o(.text) refers to startup_stm32f10x_md.o(STACK) for Stack_Mem
    stm32f10x_gpio.o(.text) refers to stm32f10x_rcc.o(.text) for RCC_APB2PeriphResetCmd
    stm32f10x_rcc.o(.text) refers to stm32f10x_rcc.o(.data) for APBAHBPrescTable
    stm32f10x_usart.o(.text) refers to stm32f10x_rcc.o(.text) for RCC_APB2PeriphResetCmd
    stm32f10x_adc.o(.text) refers to stm32f10x_rcc.o(.text) for RCC_APB2PeriphResetCmd
    stm32f10x_tim.o(.text) refers to stm32f10x_rcc.o(.text) for RCC_APB2PeriphResetCmd
    delay.o(.text) refers to delay.o(.data) for UsCount
    usart.o(.text) refers to stm32f10x_rcc.o(.text) for RCC_APB2PeriphClockCmd
    usart.o(.text) refers to stm32f10x_gpio.o(.text) for GPIO_Init
    usart.o(.text) refers to stm32f10x_usart.o(.text) for USART_Init
    usart.o(.text) refers to misc.o(.text) for NVIC_Init
    usart.o(.text) refers to vsnprintf.o(.text) for vsnprintf
    led.o(.text) refers to stm32f10x_gpio.o(.text) for GPIO_WriteBit
    led.o(.text) refers to stm32f10x_rcc.o(.text) for RCC_APB2PeriphClockCmd
    led.o(.text) refers to led.o(.data) for led_info
    key.o(.text) refers to stm32f10x_rcc.o(.text) for RCC_APB2PeriphClockCmd
    key.o(.text) refers to stm32f10x_gpio.o(.text) for GPIO_Init
    key.o(.text) refers to stm32f10x_exti.o(.text) for EXTI_Init
    key.o(.text) refers to misc.o(.text) for NVIC_Init
    bsp_adc.o(.text) refers to stm32f10x_rcc.o(.text) for RCC_APB2PeriphClockCmd
    bsp_adc.o(.text) refers to stm32f10x_adc.o(.text) for ADC_Init
    tds.o(.text) refers to stm32f10x_rcc.o(.text) for RCC_APB2PeriphClockCmd
    tds.o(.text) refers to stm32f10x_gpio.o(.text) for GPIO_Init
    tds.o(.text) refers to bsp_adc.o(.text) for ADCx_Init
    tds.o(.text) refers to delay.o(.text) for DelayXms
    tds.o(.text) refers to fflt_clz.o(x$fpl$ffltu) for __aeabi_ui2f
    tds.o(.text) refers to faddsub_clz.o(x$fpl$fadd) for __aeabi_fadd
    tds.o(.text) refers to fdiv.o(x$fpl$fdiv) for __aeabi_fdiv
    tds.o(.text) refers to f2d.o(x$fpl$f2d) for __aeabi_f2d
    tds.o(.text) refers to ddiv.o(x$fpl$ddiv) for __aeabi_ddiv
    tds.o(.text) refers to dmul.o(x$fpl$dmul) for __aeabi_dmul
    tds.o(.text) refers to d2f.o(x$fpl$d2f) for __aeabi_d2f
    tds.o(.text) refers to faddsub_clz.o(x$fpl$fsub) for __aeabi_fsub
    tds.o(.text) refers to daddsub_clz.o(x$fpl$dadd) for __aeabi_dadd
    tds.o(.text) refers to fmul.o(x$fpl$fmul) for __aeabi_fmul
    tds.o(.text) refers to daddsub_clz.o(x$fpl$dsub) for __aeabi_dsub
    tds.o(.text) refers to fleqf.o(x$fpl$fleqf) for __aeabi_cfcmple
    tds.o(.text) refers to frleqf.o(x$fpl$frleqf) for __aeabi_cfrcmple
    tds.o(.text) refers to dfixu.o(x$fpl$dfixu) for __aeabi_d2uiz
    tds.o(.text) refers to ds18b20.o(.data) for temperature1
    hx711.o(.text) refers to stm32f10x_rcc.o(.text) for RCC_APB2PeriphClockCmd
    hx711.o(.text) refers to stm32f10x_gpio.o(.text) for GPIO_Init
    hx711.o(.text) refers to delay.o(.text) for DelayUs
    hx711.o(.text) refers to fflt_clz.o(x$fpl$fflt) for __aeabi_i2f
    hx711.o(.text) refers to f2d.o(x$fpl$f2d) for __aeabi_f2d
    hx711.o(.text) refers to ddiv.o(x$fpl$ddiv) for __aeabi_ddiv
    hx711.o(.text) refers to dfix.o(x$fpl$dfix) for __aeabi_d2iz
    hx711.o(.text) refers to hx711.o(.data) for Weight_Maopi
    sys.o(.text) refers to misc.o(.text) for NVIC_PriorityGroupConfig
[...]
    RCC_ClearITPendingBit                    0x08000d83   Thumb Code     6  stm32f10x_rcc.o(.text)
    USART_DeInit                             0x08000dad   Thumb Code   134  stm32f10x_usart.o(.text)
    USART_Init                               0x08000e33   Thumb Code   210  stm32f10x_usart.o(.text)
    USART_StructInit                         0x08000f05   Thumb Code    24  stm32f10x_usart.o(.text)
    USART_ClockInit                          0x08000f1d   Thumb Code    34  stm32f10x_usart.o(.text)
    USART_ClockStructInit                    0x08000f3f   Thumb Code    12  stm32f10x_usart.o(.text)
    USART_Cmd                                0x08000f4b   Thumb Code    24  stm32f10x_usart.o(.text)
    USART_ITConfig                           0x08000f63   Thumb Code    74  stm32f10x_usart.o(.text)
    USART_DMACmd                             0x08000fad   Thumb Code    18  stm32f10x_usart.o(.text)
    USART_SetAddress                         0x08000fbf   Thumb Code    18  stm32f10x_usart.o(.text)
    USART_WakeUpConfig                       0x08000fd1   Thumb Code    18  stm32f10x_usart.o(.text)
    USART_ReceiverWakeUpCmd                  0x08000fe3   Thumb Code    24  stm32f10x_usart.o(.text)
    USART_LINBreakDetectLengthConfig         0x08000ffb   Thumb Code    18  stm32f10x_usart.o(.text)
    USART_LINCmd                             0x0800100d   Thumb Code    24  stm32f10x_usart.o(.text)
    USART_SendData                           0x08001025   Thumb Code     8  stm32f10x_usart.o(.text)
    USART_ReceiveData                        0x0800102d   Thumb Code    10  stm32f10x_usart.o(.text)
    USART_SendBreak                          0x08001037   Thumb Code    10  stm32f10x_usart.o(.text)
    USART_SetGuardTime                       0x08001041   Thumb Code    16  stm32f10x_usart.o(.text)
    USART_SetPrescaler                       0x08001051   Thumb Code    16  stm32f10x_usart.o(.text)
    USART_SmartCardCmd                       0x08001061   Thumb Code    24  stm32f10x_usart.o(.text)
    USART_SmartCardNACKCmd                   0x08001079   Thumb Code    24  stm32f10x_usart.o(.text)
    USART_HalfDuplexCmd                      0x08001091   Thumb Code    24  stm32f10x_usart.o(.text)
    USART_OverSampling8Cmd                   0x080010a9   Thumb Code    22  stm32f10x_usart.o(.text)
    USART_OneBitMethodCmd                    0x080010bf   Thumb Code    24  stm32f10x_usart.o(.text)
    USART_IrDAConfig                         0x080010d7   Thumb Code    18  stm32f10x_usart.o(.text)
    USART_IrDACmd                            0x080010e9   Thumb Code    24  stm32f10x_usart.o(.text)
    USART_GetFlagStatus                      0x08001101   Thumb Code    26  stm32f10x_usart.o(.text)
    USART_ClearFlag                          0x0800111b   Thumb Code    18  stm32f10x_usart.o(.text)
    USART_GetITStatus                        0x0800112d   Thumb Code    84  stm32f10x_usart.o(.text)
    USART_ClearITPendingBit                  0x08001181   Thumb Code    52  stm32f10x_usart.o(.text)
    EXTI_DeInit                              0x080011b5   Thumb Code    28  stm32f10x_exti.o(.text)
    EXTI_Init                                0x080011d1   Thumb Code   142  stm32f10x_exti.o(.text)
    EXTI_StructInit                          0x0800125f   Thumb Code    16  stm32f10x_exti.o(.text)
    EXTI_GenerateSWInterrupt                 0x0800126f   Thumb Code    16  stm32f10x_exti.o(.text)
    EXTI_GetFlagStatus                       0x0800127f   Thumb Code    22  stm32f10x_exti.o(.text)
    EXTI_ClearFlag                           0x08001295   Thumb Code     8  stm32f10x_exti.o(.text)
    EXTI_GetITStatus                         0x0800129d   Thumb Code    34  stm32f10x_exti.o(.text)
    EXTI_ClearITPendingBit                   0x080012bf   Thumb Code     8  stm32f10x_exti.o(.text)
    ADC_DeInit                               0x080012d1   Thumb Code    78  stm32f10x_adc.o(.text)
    ADC_Init                                 0x0800131f   Thumb Code    70  stm32f10x_adc.o(.text)
    ADC_StructInit                           0x08001365   Thumb Code    18  stm32f10x_adc.o(.text)
    ADC_Cmd                                  0x08001377   Thumb Code    22  stm32f10x_adc.o(.text)
    ADC_DMACmd                               0x0800138d   Thumb Code    22  stm32f10x_adc.o(.text)
    ADC_ITConfig                             0x080013a3   Thumb Code    24  stm32f10x_adc.o(.text)
    ADC_ResetCalibration                     0x080013bb   Thumb Code    10  stm32f10x_adc.o(.text)
    ADC_GetResetCalibrationStatus            0x080013c5   Thumb Code    20  stm32f10x_adc.o(.text)
    ADC_StartCalibration                     0x080013d9   Thumb Code    10  stm32f10x_adc.o(.text)
    ADC_GetCalibrationStatus                 0x080013e3   Thumb Code    20  stm32f10x_adc.o(.text)
    ADC_SoftwareStartConvCmd                 0x080013f7   Thumb Code    22  stm32f10x_adc.o(.text)
    ADC_GetSoftwareStartConvStatus           0x0800140d   Thumb Code    20  stm32f10x_adc.o(.text)
    ADC_DiscModeChannelCountConfig           0x08001421   Thumb Code    24  stm32f10x_adc.o(.text)
    ADC_DiscModeCmd                          0x08001439   Thumb Code    22  stm32f10x_adc.o(.text)
    ADC_RegularChannelConfig                 0x0800144f   Thumb Code   184  stm32f10x_adc.o(.text)
    ADC_ExternalTrigConvCmd                  0x08001507   Thumb Code    22  stm32f10x_adc.o(.text)
    ADC_GetConversionValue                   0x0800151d   Thumb Code     8  stm32f10x_adc.o(.text)
    ADC_GetDualModeConversionValue           0x08001525   Thumb Code     8  stm32f10x_adc.o(.text)
    ADC_AutoInjectedConvCmd                  0x0800152d   Thumb Code    22  stm32f10x_adc.o(.text)
    ADC_InjectedDiscModeCmd                  0x08001543   Thumb Code    22  stm32f10x_adc.o(.text)
    ADC_ExternalTrigInjectedConvConfig       0x08001559   Thumb Code    16  stm32f10x_adc.o(.text)
    ADC_ExternalTrigInjectedConvCmd          0x08001569   Thumb Code    22  stm32f10x_adc.o(.text)
    ADC_SoftwareStartInjectedConvCmd         0x0800157f   Thumb Code    22  stm32f10x_adc.o(.text)
    ADC_GetSoftwareStartInjectedConvCmdStatus 0x08001595   Thumb Code    20  stm32f10x_adc.o(.text)
    ADC_InjectedChannelConfig                0x080015a9   Thumb Code   130  stm32f10x_adc.o(.text)
    ADC_InjectedSequencerLengthConfig        0x0800162b   Thumb Code    24  stm32f10x_adc.o(.text)
    ADC_SetInjectedOffset                    0x08001643   Thumb Code    20  stm32f10x_adc.o(.text)
    ADC_GetInjectedConversionValue           0x08001657   Thumb Code    28  stm32f10x_adc.o(.text)
    ADC_AnalogWatchdogCmd                    0x08001673   Thumb Code    16  stm32f10x_adc.o(.text)
    ADC_AnalogWatchdogThresholdsConfig       0x08001683   Thumb Code     6  stm32f10x_adc.o(.text)
    ADC_AnalogWatchdogSingleChannelConfig    0x08001689   Thumb Code    16  stm32f10x_adc.o(.text)
    ADC_TempSensorVrefintCmd                 0x08001699   Thumb Code    64  stm32f10x_adc.o(.text)
    ADC_GetFlagStatus                        0x080016d9   Thumb Code    18  stm32f10x_adc.o(.text)
    ADC_ClearFlag                            0x080016eb   Thumb Code     6  stm32f10x_adc.o(.text)
    ADC_GetITStatus                          0x080016f1   Thumb Code    36  stm32f10x_adc.o(.text)
    ADC_ClearITPendingBit                    0x08001715   Thumb Code    10  stm32f10x_adc.o(.text)
    TIM_DeInit                               0x08001721   Thumb Code   424  stm32f10x_tim.o(.text)
    TIM_TimeBaseInit                         0x080018c9   Thumb Code   122  stm32f10x_tim.o(.text)
    TIM_OC1Init                              0x08001943   Thumb Code   132  stm32f10x_tim.o(.text)
    TIM_OC2Init                              0x080019c7   Thumb Code   154  stm32f10x_tim.o(.text)
    TIM_OC3Init                              0x08001a61   Thumb Code   150  stm32f10x_tim.o(.text)
    TIM_OC4Init                              0x08001af7   Thumb Code   182  stm32f10x_tim.o(.text)
    TIM_SetIC4Prescaler                      0x08001bad   Thumb Code    26  stm32f10x_tim.o(.text)
    TIM_SetIC3Prescaler                      0x08001c49   Thumb Code    18  stm32f10x_tim.o(.text)
    TIM_SetIC2Prescaler                      0x08001cd5   Thumb Code    26  stm32f10x_tim.o(.text)
    TIM_SetIC1Prescaler                      0x08001d71   Thumb Code    18  stm32f10x_tim.o(.text)
    TIM_ICInit                               0x08001def   Thumb Code   150  stm32f10x_tim.o(.text)
    TIM_PWMIConfig                           0x08001e85   Thumb Code   124  stm32f10x_tim.o(.text)
    TIM_BDTRConfig                           0x08001f01   Thumb Code    32  stm32f10x_tim.o(.text)
    TIM_TimeBaseStructInit                   0x08001f21   Thumb Code    18  stm32f10x_tim.o(.text)
    TIM_OCStructInit                         0x08001f33   Thumb Code    20  stm32f10x_tim.o(.text)
    TIM_ICStructInit                         0x08001f47   Thumb Code    18  stm32f10x_tim.o(.text)
    TIM_BDTRStructInit                       0x08001f59   Thumb Code    40  stm32f10x_tim.o(.text)
    TIM_Cmd                                  0x08001f81   Thumb Code    24  stm32f10x_tim.o(.text)
    TIM_CtrlPWMOutputs                       0x08001f99   Thumb Code    30  stm32f10x_tim.o(.text)
    TIM_ITConfig                             0x08001fb7   Thumb Code    18  stm32f10x_tim.o(.text)
    TIM_GenerateEvent                        0x08001fc9   Thumb Code     4  stm32f10x_tim.o(.text)
    TIM_DMAConfig                            0x08001fcd   Thumb Code    10  stm32f10x_tim.o(.text)
    TIM_DMACmd                               0x08001fd7   Thumb Code    18  stm32f10x_tim.o(.text)
    TIM_InternalClockConfig                  0x08001fe9   Thumb Code    12  stm32f10x_tim.o(.text)
    TIM_SelectInputTrigger                   0x08001ff5   Thumb Code    18  stm32f10x_tim.o(.text)
    TIM_ITRxExternalClockConfig              0x08002007   Thumb Code    24  stm32f10x_tim.o(.text)
    TIM_TIxExternalClockConfig               0x0800201f   Thumb Code    62  stm32f10x_tim.o(.text)
    TIM_ETRConfig                            0x0800205d   Thumb Code    28  stm32f10x_tim.o(.text)
    TIM_ETRClockMode1Config                  0x08002079   Thumb Code    54  stm32f10x_tim.o(.text)
    TIM_ETRClockMode2Config                  0x080020af   Thumb Code    32  stm32f10x_tim.o(.text)
    TIM_PrescalerConfig                      0x080020cf   Thumb Code     6  stm32f10x_tim.o(.text)
    TIM_CounterModeConfig                    0x080020d5   Thumb Code    18  stm32f10x_tim.o(.text)
    TIM_EncoderInterfaceConfig               0x080020e7   Thumb Code    66  stm32f10x_tim.o(.text)
    TIM_ForcedOC1Config                      0x08002129   Thumb Code    18  stm32f10x_tim.o(.text)
    TIM_ForcedOC2Config                      0x0800213b   Thumb Code    26  stm32f10x_tim.o(.text)
    TIM_ForcedOC3Config                      0x08002155   Thumb Code    18  stm32f10x_tim.o(.text)
    TIM_ForcedOC4Config                      0x08002167   Thumb Code    26  stm32f10x_tim.o(.text)
    TIM_ARRPreloadConfig                     0x08002181   Thumb Code    24  stm32f10x_tim.o(.text)
    TIM_SelectCOM                            0x08002199   Thumb Code    24  stm32f10x_tim.o(.text)
    TIM_SelectCCDMA                          0x080021b1   Thumb Code    24  stm32f10x_tim.o(.text)
    TIM_CCPreloadControl                     0x080021c9   Thumb Code    24  stm32f10x_tim.o(.text)
    TIM_OC1PreloadConfig                     0x080021e1   Thumb Code    18  stm32f10x_tim.o(.text)
    TIM_OC2PreloadConfig                     0x080021f3   Thumb Code    26  stm32f10x_tim.o(.text)
    TIM_OC3PreloadConfig                     0x0800220d   Thumb Code    18  stm32f10x_tim.o(.text)
    TIM_OC4PreloadConfig                     0x0800221f   Thumb Code    26  stm32f10x_tim.o(.text)
    TIM_OC1FastConfig                        0x08002239   Thumb Code    18  stm32f10x_tim.o(.text)
    TIM_OC2FastConfig                        0x0800224b   Thumb Code    26  stm32f10x_tim.o(.text)
    TIM_OC3FastConfig                        0x08002265   Thumb Code    18  stm32f10x_tim.o(.text)
    TIM_OC4FastConfig                        0x08002277   Thumb Code    26  stm32f10x_tim.o(.text)
    TIM_ClearOC1Ref                          0x08002291   Thumb Code    18  stm32f10x_tim.o(.text)
    TIM_ClearOC2Ref                          0x080022a3   Thumb Code    24  stm32f10x_tim.o(.text)
    TIM_ClearOC3Ref                          0x080022bb   Thumb Code    18  stm32f10x_tim.o(.text)
    TIM_ClearOC4Ref                          0x080022cd   Thumb Code    24  stm32f10x_tim.o(.text)
    TIM_OC1PolarityConfig                    0x080022e5   Thumb Code    18  stm32f10x_tim.o(.text)
    TIM_OC1NPolarityConfig                   0x080022f7   Thumb Code    18  stm32f10x_tim.o(.text)
    TIM_OC2PolarityConfig                    0x08002309   Thumb Code    26  stm32f10x_tim.o(.text)
    TIM_OC2NPolarityConfig                   0x08002323   Thumb Code    26  stm32f10x_tim.o(.text)
    TIM_OC3PolarityConfig                    0x0800233d   Thumb Code    26  stm32f10x_tim.o(.text)
    TIM_OC3NPolarityConfig                   0x08002357   Thumb Code    26  stm32f10x_tim.o(.text)
    TIM_OC4PolarityConfig                    0x08002371   Thumb Code    26  stm32f10x_tim.o(.text)
    TIM_CCxCmd                               0x0800238b   Thumb Code    30  stm32f10x_tim.o(.text)
    TIM_CCxNCmd                              0x080023a9   Thumb Code    30  stm32f10x_tim.o(.text)
    TIM_SelectOCxM                           0x080023c7   Thumb Code    82  stm32f10x_tim.o(.text)
    TIM_UpdateDisableConfig                  0x08002419   Thumb Code    24  stm32f10x_tim.o(.text)
    TIM_UpdateRequestConfig                  0x08002431   Thumb Code    24  stm32f10x_tim.o(.text)
    TIM_SelectHallSensor                     0x08002449   Thumb Code    24  stm32f10x_tim.o(.text)
    TIM_SelectOnePulseMode                   0x08002461   Thumb Code    18  stm32f10x_tim.o(.text)
    TIM_SelectOutputTrigger                  0x08002473   Thumb Code    18  stm32f10x_tim.o(.text)
    TIM_SelectSlaveMode                      0x08002485   Thumb Code    18  stm32f10x_tim.o(.text)
    TIM_SelectMasterSlaveMode                0x08002497   Thumb Code    18  stm32f10x_tim.o(.text)
    TIM_SetCounter                           0x080024a9   Thumb Code     4  stm32f10x_tim.o(.text)
    TIM_SetAutoreload                        0x080024ad   Thumb Code     4  stm32f10x_tim.o(.text)
    TIM_SetCompare1                          0x080024b1   Thumb Code     4  stm32f10x_tim.o(.text)
    TIM_SetCompare2                          0x080024b5   Thumb Code     4  stm32f10x_tim.o(.text)
    TIM_SetCompare3                          0x080024b9   Thumb Code     4  stm32f10x_tim.o(.text)
    TIM_SetCompare4                          0x080024bd   Thumb Code     6  stm32f10x_tim.o(.text)
    TIM_SetClockDivision                     0x080024c3   Thumb Code    18  stm32f10x_tim.o(.text)
    TIM_GetCapture1                          0x080024d5   Thumb Code     6  stm32f10x_tim.o(.text)
    TIM_GetCapture2                          0x080024db   Thumb Code     6  stm32f10x_tim.o(.text)
    TIM_GetCapture3                          0x080024e1   Thumb Code     6  stm32f10x_tim.o(.text)
    TIM_GetCapture4                          0x080024e7   Thumb Code     8  stm32f10x_tim.o(.text)
    TIM_GetCounter                           0x080024ef   Thumb Code     6  stm32f10x_tim.o(.text)
    TIM_GetPrescaler                         0x080024f5   Thumb Code     6  stm32f10x_tim.o(.text)
    TIM_GetFlagStatus                        0x080024fb   Thumb Code    18  stm32f10x_tim.o(.text)
    TIM_ClearFlag                            0x0800250d   Thumb Code     6  stm32f10x_tim.o(.text)
    TIM_GetITStatus                          0x08002513   Thumb Code    34  stm32f10x_tim.o(.text)
    TIM_ClearITPendingBit                    0x08002535   Thumb Code     6  stm32f10x_tim.o(.text)
    Delay_Init                               0x0800253d   Thumb Code    48  delay.o(.text)
    DelayUs                                  0x0800256d   Thumb Code    60  delay.o(.text)
    DelayXms                                 0x080025a9   Thumb Code    66  delay.o(.text)
    DelayMs                                  0x080025eb   Thumb Code    60  delay.o(.text)
    Usart1_Init                              0x08002631   Thumb Code   166  usart.o(.text)
    Usart2_Init                              0x080026d7   Thumb Code   162  usart.o(.text)
    Usart3_Init                              0x08002779   Thumb Code   170  usart.o(.text)
    Usart_SendString                         0x08002823   Thumb Code    50  usart.o(.text)
    UsartPrintf                              0x08002855   Thumb Code    72  usart.o(.text)
    USART1_IRQHandler                        0x0800289d   Thumb Code    24  usart.o(.text)
    Led_Set                                  0x080028c9   Thumb Code    24  led.o(.text)
    Led_Init                                 0x080028e1   Thumb Code    44  led.o(.text)
    GPIOInit                                 0x0800290d   Thumb Code    50  led.o(.text)
    Key_Init                                 0x0800294d   Thumb Code   124  key.o(.text)
    ADCx_Init                                0x080029cd   Thumb Code   104  bsp_adc.o(.text)
    ADC_GetValue                             0x08002a35   Thumb Code    48  bsp_adc.o(.text)
    TDS_Init                                 0x08002a69   Thumb Code    36  tds.o(.text)
    TDS_ADC_Read                             0x08002a8d   Thumb Code    12  tds.o(.text)
    TDS_GetData                              0x08002a99   Thumb Code    38  tds.o(.text)
    TDS_GetData_PPM                          0x08002abf   Thumb Code   366  tds.o(.text)
    Init_HX711pin                            0x08002c71   Thumb Code    66  hx711.o(.text)
    HX711_Read                               0x08002cb3   Thumb Code   108  hx711.o(.text)
    Get_Maopi                                0x08002d1f   Thumb Code    12  hx711.o(.text)
    Get_Weight                               0x08002d2b   Thumb Code    84  hx711.o(.text)
    SoftReset                                0x08002d9d   Thumb Code    38  ds18b20.o(.text)
    DQ1820_OUT                               0x08002dc3   Thumb Code    32  ds18b20.o(.text)
    DS18B20_Rst                              0x08002de3   Thumb Code    44  ds18b20.o(.text)
    DQ1820_IN                                0x08002e0f   Thumb Code    32  ds18b20.o(.text)
    DS18B20_Check                            0x08002e2f   Thumb Code    86  ds18b20.o(.text)
    DS18B20_Read_Bit                         0x08002e85   Thumb Code    72  ds18b20.o(.text)
    DS18B20_Read_Byte                        0x08002ecd   Thumb Code    34  ds18b20.o(.text)
    DS18B20_Write_Byte                       0x08002eef   Thumb Code   100  ds18b20.o(.text)
    DS18B20_Start                            0x08002f53   Thumb Code    24  ds18b20.o(.text)
    DS18B20_Init                             0x08002f6b   Thumb Code    58  ds18b20.o(.text)
    DS18B20_Get_Temp                         0x08002fa5   Thumb Code   136  ds18b20.o(.text)
    DS18B20_WHILE                            0x0800302d   Thumb Code    28  ds18b20.o(.text)
    DS18B20_GetTemperature                   0x08003049   Thumb Code   128  ds18b20.o(.text)
    GENERAL_TIM_Init                         0x080031c9   Thumb Code    20  bsp_generaltim.o(.text)
    TIM4_IRQHandler                          0x080031dd   Thumb Code    28  bsp_generaltim.o(.text)
    getData                                  0x08003201   Thumb Code   198  main.o(.text)
    Hardware_Init                            0x080032c7   Thumb Code   112  main.o(.text)
    main                                     0x08003337   Thumb Code   242  main.o(.text)
    EXTI9_5_IRQHandler                       0x08003429   Thumb Code    70  main.o(.text)
    TIM2_IRQHandler                          0x0800346f   Thumb Code    58  main.o(.text)
    OneNET_RegisterDevice                    0x080037bb   Thumb Code   216  onenet.o(.text)
    OneNet_DevLink                           0x08003893   Thumb Code   244  onenet.o(.text)
    OneNet_FillBuf                           0x08003987   Thumb Code   918  onenet.o(.text)
    OneNet_SendData                          0x08003d1d   Thumb Code   146  onenet.o(.text)
    OneNET_Publish                           0x08003daf   Thumb Code    86  onenet.o(.text)
    OneNET_Subscribe                         0x08003e05   Thumb Code    86  onenet.o(.text)
    OneNet_RevPro                            0x08003e5b   Thumb Code   262  onenet.o(.text)
    ft                                       0x080040a5   Thumb Code    76  hmac_sha1.o(.text)
    k                                        0x080040f1   Thumb Code    34  hmac_sha1.o(.text)
    rotr                                     0x08004113   Thumb Code    40  hmac_sha1.o(.text)
    rotl                                     0x0800413b   Thumb Code    46  hmac_sha1.o(.text)
    sha1                                     0x08004169   Thumb Code   632  hmac_sha1.o(.text)
    hmac_sha1                                0x080043e1   Thumb Code   330  hmac_sha1.o(.text)
    BASE64_Encode                            0x0800452d   Thumb Code   320  base64.o(.text)
    BASE64_Decode                            0x0800466d   Thumb Code   360  base64.o(.text)
    MQTT_NewBuffer                           0x080047dd   Thumb Code    88  mqttkit.o(.text)
    MQTT_DeleteBuffer                        0x08004835   Thumb Code    28  mqttkit.o(.text)
    MQTT_DumpLength                          0x08004851   Thumb Code    46  mqttkit.o(.text)
    MQTT_ReadLength                          0x0800487f   Thumb Code    70  mqttkit.o(.text)
    MQTT_UnPacketRecv                        0x080048c5   Thumb Code   106  mqttkit.o(.text)
    MQTT_PacketConnect                       0x0800492f   Thumb Code   666  mqttkit.o(.text)
    MQTT_PacketDisConnect                    0x08004bc9   Thumb Code    48  mqttkit.o(.text)
    MQTT_UnPacketConnectAck                  0x08004bf9   Thumb Code    30  mqttkit.o(.text)
    MQTT_PacketPublish                       0x08004c17   Thumb Code   452  mqttkit.o(.text)
    MQTT_PacketSaveData                      0x08004ddb   Thumb Code    68  mqttkit.o(.text)
    MQTT_PacketSaveBinData                   0x08004e1f   Thumb Code   192  mqttkit.o(.text)
    MQTT_UnPacketCmd                         0x08004edf   Thumb Code   140  mqttkit.o(.text)
    MQTT_PacketCmdResp                       0x08004f6b   Thumb Code   132  mqttkit.o(.text)
    MQTT_PacketSubscribe                     0x08004fef   Thumb Code   254  mqttkit.o(.text)
    MQTT_UnPacketSubscribe                   0x080050ed   Thumb Code    52  mqttkit.o(.text)
    MQTT_PacketUnSubscribe                   0x08005121   Thumb Code   300  mqttkit.o(.text)
    MQTT_UnPacketUnSubscribe                 0x0800524d   Thumb Code    18  mqttkit.o(.text)
    MQTT_UnPacketPublish                     0x0800525f   Thumb Code   440  mqttkit.o(.text)
    MQTT_PacketPublishAck                    0x08005417   Thumb Code    72  mqttkit.o(.text)
    MQTT_UnPacketPublishAck                  0x0800545f   Thumb Code    30  mqttkit.o(.text)
    MQTT_PacketPublishRec                    0x0800547d   Thumb Code    72  mqttkit.o(.text)
    MQTT_UnPacketPublishRec                  0x080054c5   Thumb Code    30  mqttkit.o(.text)
    MQTT_PacketPublishRel                    0x080054e3   Thumb Code    72  mqttkit.o(.text)
    MQTT_UnPacketPublishRel                  0x0800552b   Thumb Code    36  mqttkit.o(.text)
    MQTT_PacketPublishComp                   0x0800554f   Thumb Code    72  mqttkit.o(.text)
    MQTT_UnPacketPublishComp                 0x08005597   Thumb Code    30  mqttkit.o(.text)
    MQTT_PacketPing                          0x080055b5   Thumb Code    48  mqttkit.o(.text)
    ESP8266_Clear                            0x080055e5   Thumb Code    20  esp8266.o(.text)
    ESP8266_WaitRecive                       0x080055f9   Thumb Code    42  esp8266.o(.text)
    ESP8266_SendCmd                          0x08005623   Thumb Code    76  esp8266.o(.text)
    ESP8266_SendData                         0x0800566f   Thumb Code    46  esp8266.o(.text)
    ESP8266_GetIPD                           0x0800569d   Thumb Code    68  esp8266.o(.text)
    ESP8266_Init                             0x080056e1   Thumb Code   212  esp8266.o(.text)
    USART2_IRQHandler                        0x080057b5   Thumb Code    64  esp8266.o(.text)
    cJSON_GetErrorPtr                        0x08005901   Thumb Code     6  cjson.o(.text)
    cJSON_InitHooks                          0x0800597b   Thumb Code    48  cjson.o(.text)
    cJSON_Delete                             0x080059c5   Thumb Code    82  cjson.o(.text)
    cJSON_ParseWithOpts                      0x08006531   Thumb Code   152  cjson.o(.text)
    cJSON_Parse                              0x080065c9   Thumb Code    16  cjson.o(.text)
    cJSON_Print                              0x08006d59   Thumb Code    18  cjson.o(.text)
    cJSON_PrintUnformatted                   0x08006d6b   Thumb Code    18  cjson.o(.text)
    cJSON_PrintBuffered                      0x08006d7d   Thumb Code    52  cjson.o(.text)
    cJSON_GetArraySize                       0x08006db1   Thumb Code    18  cjson.o(.text)
    cJSON_GetArrayItem                       0x08006dc3   Thumb Code    18  cjson.o(.text)
    cJSON_GetObjectItem                      0x08006dd5   Thumb Code    30  cjson.o(.text)
    cJSON_AddItemToArray                     0x08006e29   Thumb Code    42  cjson.o(.text)
    cJSON_AddItemToObject                    0x08006e53   Thumb Code    44  cjson.o(.text)
    cJSON_AddItemToObjectCS                  0x08006e7f   Thumb Code    54  cjson.o(.text)
    cJSON_AddItemReferenceToArray            0x08006eb5   Thumb Code    24  cjson.o(.text)
    cJSON_AddItemReferenceToObject           0x08006ecd   Thumb Code    32  cjson.o(.text)
    cJSON_DetachItemFromArray                0x08006eed   Thumb Code    66  cjson.o(.text)
    cJSON_DeleteItemFromArray                0x08006f2f   Thumb Code    22  cjson.o(.text)
    cJSON_DetachItemFromObject               0x08006f45   Thumb Code    50  cjson.o(.text)
    cJSON_DeleteItemFromObject               0x08006f77   Thumb Code    22  cjson.o(.text)
    cJSON_InsertItemInArray                  0x08006f8d   Thumb Code    64  cjson.o(.text)
    cJSON_ReplaceItemInArray                 0x08006fcd   Thumb Code    76  cjson.o(.text)
    cJSON_ReplaceItemInObject                0x08007019   Thumb Code    62  cjson.o(.text)
    cJSON_CreateNull                         0x08007057   Thumb Code    18  cjson.o(.text)
    cJSON_CreateTrue                         0x08007069   Thumb Code    18  cjson.o(.text)
    cJSON_CreateFalse                        0x0800707b   Thumb Code    18  cjson.o(.text)
    cJSON_CreateBool                         0x0800708d   Thumb Code    26  cjson.o(.text)
    cJSON_CreateNumber                       0x080070a7   Thumb Code    36  cjson.o(.text)
    cJSON_CreateString                       0x080070cb   Thumb Code    28  cjson.o(.text)
    cJSON_CreateArray                        0x080070e7   Thumb Code    18  cjson.o(.text)
    cJSON_CreateObject                       0x080070f9   Thumb Code    18  cjson.o(.text)
    cJSON_CreateIntArray                     0x0800710b   Thumb Code    68  cjson.o(.text)
    cJSON_CreateFloatArray                   0x0800714f   Thumb Code    68  cjson.o(.text)
    cJSON_CreateDoubleArray                  0x08007193   Thumb Code    68  cjson.o(.text)
    cJSON_CreateStringArray                  0x080071d7   Thumb Code    62  cjson.o(.text)
    cJSON_Duplicate                          0x08007215   Thumb Code   178  cjson.o(.text)
    cJSON_Minify                             0x080072c7   Thumb Code   186  cjson.o(.text)
    IIC_Start                                0x08007381   Thumb Code    36  oled.o(.text)
    IIC_Stop                                 0x080073a5   Thumb Code    28  oled.o(.text)
    IIC_Wait_Ack                             0x080073c1   Thumb Code    20  oled.o(.text)
    Write_IIC_Byte                           0x080073d5   Thumb Code    80  oled.o(.text)
    Write_IIC_Command                        0x08007425   Thumb Code    44  oled.o(.text)
    Write_IIC_Data                           0x08007451   Thumb Code    44  oled.o(.text)
    OLED_WR_Byte                             0x0800747d   Thumb Code    24  oled.o(.text)
    fill_picture                             0x08007495   Thumb Code    64  oled.o(.text)
    Delay_50ms                               0x080074d5   Thumb Code    22  oled.o(.text)
    Delay_1ms                                0x080074eb   Thumb Code    26  oled.o(.text)
    OLED_Set_Pos                             0x08007505   Thumb Code    40  oled.o(.text)
    OLED_Display_On                          0x0800752d   Thumb Code    28  oled.o(.text)
    OLED_Display_Off                         0x08007549   Thumb Code    28  oled.o(.text)
    OLED_Clear                               0x08007565   Thumb Code    62  oled.o(.text)
    OLED_On                                  0x080075a3   Thumb Code    62  oled.o(.text)
    OLED_ShowChar                            0x080075e1   Thumb Code   154  oled.o(.text)
    oled_pow                                 0x0800767b   Thumb Code    22  oled.o(.text)
    OLED_ShowNum                             0x08007691   Thumb Code   136  oled.o(.text)
    OLED_ShowString                          0x08007719   Thumb Code    58  oled.o(.text)
    OLED_ShowCHinese                         0x08007753   Thumb Code   112  oled.o(.text)
    OLED_DrawBMP                             0x080077c3   Thumb Code   118  oled.o(.text)
    OLED_Init                                0x08007839   Thumb Code   274  oled.o(.text)
    malloc                                   0x08007955   Thumb Code    94  h1_alloc.o(.text)
    free                                     0x080079b3   Thumb Code    78  h1_free.o(.text)
    tolower                                  0x08007a01   Thumb Code    26  tolower.o(.text)
    vsnprintf                                0x08007a1d   Thumb Code    48  vsnprintf.o(.text)
    __2sprintf                               0x08007a51   Thumb Code    38  __2sprintf.o(.text)
    __2snprintf                              0x08007a7d   Thumb Code    50  __2snprintf.o(.text)
    _printf_pre_padding                      0x08007ab5   Thumb Code    44  _printf_pad.o(.text)
    _printf_post_padding                     0x08007ae1   Thumb Code    34  _printf_pad.o(.text)
    _printf_str                              0x08007b03   Thumb Code    82  _printf_str.o(.text)
    _printf_int_dec                          0x08007b55   Thumb Code   104  _printf_dec.o(.text)
    _printf_longlong_hex                     0x08007bcd   Thumb Code    86  _printf_hex_int_ll_ptr.o(.text)
    _printf_int_hex                          0x08007c23   Thumb Code    28  _printf_hex_int_ll_ptr.o(.text)
    _printf_ll_hex                           0x08007c3f   Thumb Code    12  _printf_hex_int_ll_ptr.o(.text)
    _printf_hex_ptr                          0x08007c4b   Thumb Code    18  _printf_hex_int_ll_ptr.o(.text)
    __printf                                 0x08007c61   Thumb Code   388  __printf_flags_ss_wp.o(.text)
    __0sscanf                                0x08007de9   Thumb Code    52  __0sscanf.o(.text)
    _scanf_int                               0x08007e25   Thumb Code   332  _scanf_int.o(.text)
    _scanf_string                            0x08007f71   Thumb Code   224  _scanf_str.o(.text)
    strchr                                   0x08008051   Thumb Code    20  strchr.o(.text)
    strncat                                  0x08008065   Thumb Code    36  strncat.o(.text)
    strstr                                   0x08008089   Thumb Code    36  strstr.o(.text)
    strcpy                                   0x080080ad   Thumb Code    72  strcpy.o(.text)
    strlen                                   0x080080f5   Thumb Code    62  strlen.o(.text)
    strncmp                                  0x08008133   Thumb Code   150  strncmp.o(.text)
    strcat                                   0x080081c9   Thumb Code    24  strcat.o(.text)
    __aeabi_memcpy                           0x080081e1   Thumb Code     0  rt_memcpy_v6.o(.text)
    __rt_memcpy                              0x080081e1   Thumb Code   138  rt_memcpy_v6.o(.text)
    _memcpy_lastbytes                        0x08008247   Thumb Code     0  rt_memcpy_v6.o(.text)
    __aeabi_memcpy4                          0x0800826b   Thumb Code     0  rt_memcpy_w.o(.text)
    __aeabi_memcpy8                          0x0800826b   Thumb Code     0  rt_memcpy_w.o(.text)
    __rt_memcpy_w                            0x0800826b   Thumb Code   100  rt_memcpy_w.o(.text)
    _memcpy_lastbytes_aligned                0x080082b3   Thumb Code     0  rt_memcpy_w.o(.text)
    __aeabi_memclr                           0x080082cf   Thumb Code     0  rt_memclr.o(.text)
    __rt_memclr                              0x080082cf   Thumb Code    68  rt_memclr.o(.text)
    _memset                                  0x080082d3   Thumb Code     0  rt_memclr.o(.text)
    __aeabi_memclr4                          0x08008313   Thumb Code     0  rt_memclr_w.o(.text)
    __aeabi_memclr8                          0x08008313   Thumb Code     0  rt_memclr_w.o(.text)
    __rt_memclr_w                            0x08008313   Thumb Code    78  rt_memclr_w.o(.text)
    _memset_w                                0x08008317   Thumb Code     0  rt_memclr_w.o(.text)
    __use_two_region_memory                  0x08008361   Thumb Code     2  heapauxi.o(.text)
    __rt_heap_escrow                         0x08008363   Thumb Code     2  heapauxi.o(.text)
    __rt_heap_expand                         0x08008365   Thumb Code     2  heapauxi.o(.text)
    __rt_ctype_table                         0x08008369   Thumb Code    16  rt_ctype_table.o(.text)
    __rt_heap_descriptor                     0x08008379   Thumb Code     8  rt_heap_descriptor_intlibspace.o(.text)
    __use_no_heap                            0x08008381   Thumb Code     2  hguard.o(.text)
    __heap$guard                             0x08008383   Thumb Code     2  hguard.o(.text)
    _terminate_user_alloc                    0x08008385   Thumb Code     2  init_alloc.o(.text)
    _init_user_alloc                         0x08008387   Thumb Code     2  init_alloc.o(.text)
    __Heap_Full                              0x08008389   Thumb Code    34  init_alloc.o(.text)
    __Heap_Broken                            0x080083ab   Thumb Code     6  init_alloc.o(.text)
    _init_alloc                              0x080083b1   Thumb Code    94  init_alloc.o(.text)
    __Heap_Initialize                        0x0800840f   Thumb Code    10  h1_init.o(.text)
    __Heap_DescSize                          0x08008419   Thumb Code     4  h1_init.o(.text)
    __read_errno                             0x0800841d   Thumb Code    10  _rserrno.o(.text)
    __set_errno                              0x08008427   Thumb Code    12  _rserrno.o(.text)
    _printf_truncate_signed                  0x08008433   Thumb Code    18  _printf_truncate.o(.text)
    _printf_truncate_unsigned                0x08008445   Thumb Code    18  _printf_truncate.o(.text)
    _printf_int_common                       0x08008457   Thumb Code   178  _printf_intcommon.o(.text)
    _printf_charcount                        0x08008509   Thumb Code    40  _printf_charcount.o(.text)
    __lib_sel_fp_printf                      0x08008531   Thumb Code     2  _printf_fp_dec.o(.text)
    _printf_fp_dec_real                      0x080086df   Thumb Code   620  _printf_fp_dec.o(.text)
    _printf_char_common                      0x08008957   Thumb Code    32  _printf_char_common.o(.text)
    _sputc                                   0x0800897d   Thumb Code    10  _sputc.o(.text)
    _snputc                                  0x08008987   Thumb Code    16  _snputc.o(.text)
    _printf_cs_common                        0x08008997   Thumb Code    20  _printf_char.o(.text)
    _printf_char                             0x080089ab   Thumb Code    16  _printf_char.o(.text)
    _printf_string                           0x080089bb   Thumb Code     8  _printf_char.o(.text)
    _printf_wctomb                           0x080089c5   Thumb Code   182  _printf_wctomb.o(.text)
    _printf_longlong_dec                     0x08008a81   Thumb Code   108  _printf_longlong_dec.o(.text)
    _printf_longlong_oct                     0x08008afd   Thumb Code    68  _printf_oct_int_ll.o(.text)
    _printf_int_oct                          0x08008b41   Thumb Code    24  _printf_oct_int_ll.o(.text)
    _printf_ll_oct                           0x08008b59   Thumb Code    12  _printf_oct_int_ll.o(.text)
    _chval                                   0x08008b6d   Thumb Code    28  _chval.o(.text)
    __vfscanf_char                           0x08008b95   Thumb Code    24  scanf_char.o(.text)
    _sgetc                                   0x08008bb5   Thumb Code    30  _sgetc.o(.text)
    _sbackspace                              0x08008bd3   Thumb Code    34  _sgetc.o(.text)
    __user_libspace                          0x08008bf5   Thumb Code     8  libspace.o(.text)
    __user_perproc_libspace                  0x08008bf5   Thumb Code     0  libspace.o(.text)
    __user_perthread_libspace                0x08008bf5   Thumb Code     0  libspace.o(.text)
    __rt_locale                              0x08008bfd   Thumb Code     8  rt_locale_intlibspace.o(.text)
    __aeabi_errno_addr                       0x08008c05   Thumb Code     8  rt_errno_addr_intlibspace.o(.text)
    __errno$intlibspace                      0x08008c05   Thumb Code     0  rt_errno_addr_intlibspace.o(.text)
    __rt_errno_addr$intlibspace              0x08008c05   Thumb Code     0  rt_errno_addr_intlibspace.o(.text)
    __Heap_ProvideMemory                     0x08008c0d   Thumb Code    52  h1_extend.o(.text)
    _ll_udiv10                               0x08008c41   Thumb Code   138  lludiv10.o(.text)
    isspace                                  0x08008ccb   Thumb Code    18  isspace.o(.text)
    _printf_fp_hex_real                      0x08008cdd   Thumb Code   754  _printf_fp_hex.o(.text)
    _printf_fp_infnan                        0x08008fd9   Thumb Code   112  _printf_fp_infnan.o(.text)
    _printf_lcs_common                       0x08009059   Thumb Code    20  _printf_wchar.o(.text)
    _printf_wchar                            0x0800906d   Thumb Code    16  _printf_wchar.o(.text)
    _printf_wstring                          0x0800907d   Thumb Code     8  _printf_wchar.o(.text)
    __vfscanf                                0x08009085   Thumb Code   878  _scanf.o(.text)
    _btod_etento                             0x080093f9   Thumb Code   216  bigflt0.o(.text)
    _wcrtomb                                 0x080094d5   Thumb Code    64  _wcrtomb.o(.text)
    __rt_SIGRTMEM                            0x08009515   Thumb Code    14  defsig_rtmem_outer.o(.text)
    __I$use$semihosting                      0x08009523   Thumb Code     0  use_no_semi.o(.text)
    __use_no_semihosting_swi                 0x08009523   Thumb Code     2  use_no_semi.o(.text)
    __semihosting_library_function           0x08009525   Thumb Code     0  indicate_semi.o(.text)
    __user_setup_stackheap                   0x08009525   Thumb Code    74  sys_stackheap_outer.o(.text)
    exit                                     0x0800956f   Thumb Code    12  exit.o(.text)
    __sig_exit                               0x0800957b   Thumb Code    10  defsig_exit.o(.text)
    __rt_SIGRTMEM_inner                      0x08009585   Thumb Code    22  defsig_rtmem_inner.o(.text)
    strcmp                                   0x080095d5   Thumb Code   128  strcmpv7m.o(.text)
    _sys_exit                                0x08009655   Thumb Code     8  sys_exit.o(.text)
    __default_signal_display                 0x08009661   Thumb Code    50  defsig_general.o(.text)
    _ttywrch                                 0x08009693   Thumb Code    14  sys_wrch.o(.text)
    _btod_d2e                                0x080096a1   Thumb Code    62  btod.o(CL$$btod_d2e)
    _d2e_denorm_low                          0x080096df   Thumb Code    70  btod.o(CL$$btod_d2e_denorm_low)
    _d2e_norm_op1                            0x08009725   Thumb Code    96  btod.o(CL$$btod_d2e_norm_op1)
    __btod_div_common                        0x08009785   Thumb Code   696  btod.o(CL$$btod_div_common)
    _e2e                                     0x08009abd   Thumb Code   198  btod.o(CL$$btod_e2e)
    _btod_ediv                               0x08009b83   Thumb Code    40  btod.o(CL$$btod_ediv)
    _btod_emul                               0x08009bab   Thumb Code    40  btod.o(CL$$btod_emul)
    __btod_mult_common                       0x08009bd3   Thumb Code   580  btod.o(CL$$btod_mult_common)
    __ARM_fpclassify                         0x08009e17   Thumb Code    40  fpclassify.o(i.__ARM_fpclassify)
    __kernel_poly                            0x08009e3f   Thumb Code   170  poly.o(i.__kernel_poly)
    __mathlib_dbl_divzero                    0x08009ee9   Thumb Code    12  dunder.o(i.__mathlib_dbl_divzero)
    __mathlib_dbl_infnan2                    0x08009ef9   Thumb Code     4  dunder.o(i.__mathlib_dbl_infnan2)
    __mathlib_dbl_invalid                    0x08009efd   Thumb Code    12  dunder.o(i.__mathlib_dbl_invalid)
    __mathlib_dbl_overflow                   0x08009f09   Thumb Code    14  dunder.o(i.__mathlib_dbl_overflow)
    __mathlib_dbl_underflow                  0x08009f19   Thumb Code    10  dunder.o(i.__mathlib_dbl_underflow)
    _is_digit                                0x08009f29   Thumb Code    14  __printf_wp.o(i._is_digit)
    floor                                    0x08009f39   Thumb Code   204  floor.o(i.floor)
    pow                                      0x0800a015   Thumb Code  2478  pow.o(i.pow)
    sqrt                                     0x0800a9cd   Thumb Code    76  sqrt.o(i.sqrt)
    _get_lc_ctype                            0x0800aa19   Thumb Code    44  lc_ctype_c.o(locale$$code)
    _get_lc_numeric                          0x0800aa45   Thumb Code    44  lc_numeric_c.o(locale$$code)
    __aeabi_d2f                              0x0800aa71   Thumb Code     0  d2f.o(x$fpl$d2f)
    _d2f                                     0x0800aa71   Thumb Code    98  d2f.o(x$fpl$d2f)
    __aeabi_dadd                             0x0800aad5   Thumb Code     0  daddsub_clz.o(x$fpl$dadd)
    _dadd                                    0x0800aad5   Thumb Code   332  daddsub_clz.o(x$fpl$dadd)
    __fpl_dcheck_NaN1                        0x0800ac25   Thumb Code    10  dcheck1.o(x$fpl$dcheck1)
    __fpl_dcmp_Inf                           0x0800ac35   Thumb Code    24  dcmpi.o(x$fpl$dcmpinf)
    __aeabi_ddiv                             0x0800ac4d   Thumb Code     0  ddiv.o(x$fpl$ddiv)
    _ddiv                                    0x0800ac4d   Thumb Code   552  ddiv.o(x$fpl$ddiv)
    __aeabi_cdcmpeq                          0x0800aefd   Thumb Code     0  deqf.o(x$fpl$deqf)
    _dcmpeq                                  0x0800aefd   Thumb Code   120  deqf.o(x$fpl$deqf)
    __aeabi_d2iz                             0x0800af75   Thumb Code     0  dfix.o(x$fpl$dfix)
    _dfix                                    0x0800af75   Thumb Code    94  dfix.o(x$fpl$dfix)
    __aeabi_d2uiz                            0x0800afd5   Thumb Code     0  dfixu.o(x$fpl$dfixu)
    _dfixu                                   0x0800afd5   Thumb Code    90  dfixu.o(x$fpl$dfixu)
    __aeabi_i2d                              0x0800b02f   Thumb Code     0  dflt_clz.o(x$fpl$dflt)
    _dflt                                    0x0800b02f   Thumb Code    46  dflt_clz.o(x$fpl$dflt)
    __aeabi_cdcmple                          0x0800b05d   Thumb Code     0  dleqf.o(x$fpl$dleqf)
    _dcmple                                  0x0800b05d   Thumb Code   120  dleqf.o(x$fpl$dleqf)
    __fpl_dcmple_InfNaN                      0x0800b0bf   Thumb Code     0  dleqf.o(x$fpl$dleqf)
    __aeabi_dmul                             0x0800b0d5   Thumb Code     0  dmul.o(x$fpl$dmul)
    _dmul                                    0x0800b0d5   Thumb Code   332  dmul.o(x$fpl$dmul)
    __fpl_dnaninf                            0x0800b229   Thumb Code   156  dnaninf.o(x$fpl$dnaninf)
    __fpl_dretinf                            0x0800b2c5   Thumb Code    12  dretinf.o(x$fpl$dretinf)
    __aeabi_cdrcmple                         0x0800b2d1   Thumb Code     0  drleqf.o(x$fpl$drleqf)
    _drcmple                                 0x0800b2d1   Thumb Code   108  drleqf.o(x$fpl$drleqf)
    __aeabi_drsub                            0x0800b33d   Thumb Code     0  daddsub_clz.o(x$fpl$drsb)
    _drsb                                    0x0800b33d   Thumb Code    22  daddsub_clz.o(x$fpl$drsb)
    _dsqrt                                   0x0800b355   Thumb Code   456  dsqrt_noumaal.o(x$fpl$dsqrt)
    __aeabi_dsub                             0x0800b521   Thumb Code     0  daddsub_clz.o(x$fpl$dsub)
    _dsub                                    0x0800b521   Thumb Code   464  daddsub_clz.o(x$fpl$dsub)
    __aeabi_f2d                              0x0800b6f5   Thumb Code     0  f2d.o(x$fpl$f2d)
    _f2d                                     0x0800b6f5   Thumb Code    86  f2d.o(x$fpl$f2d)
    __aeabi_fadd                             0x0800b74d   Thumb Code     0  faddsub_clz.o(x$fpl$fadd)
    _fadd                                    0x0800b74d   Thumb Code   196  faddsub_clz.o(x$fpl$fadd)
    __fpl_fcmp_Inf                           0x0800b811   Thumb Code    24  fcmpi.o(x$fpl$fcmpinf)
    __aeabi_fdiv                             0x0800b829   Thumb Code     0  fdiv.o(x$fpl$fdiv)
    _fdiv                                    0x0800b829   Thumb Code   384  fdiv.o(x$fpl$fdiv)
    __aeabi_f2uiz                            0x0800b9ad   Thumb Code     0  ffixu.o(x$fpl$ffixu)
    _ffixu                                   0x0800b9ad   Thumb Code    62  ffixu.o(x$fpl$ffixu)
    __aeabi_i2f                              0x0800b9ed   Thumb Code     0  fflt_clz.o(x$fpl$fflt)
    _fflt                                    0x0800b9ed   Thumb Code    48  fflt_clz.o(x$fpl$fflt)
    __aeabi_ui2f                             0x0800ba1d   Thumb Code     0  fflt_clz.o(x$fpl$ffltu)
    _ffltu                                   0x0800ba1d   Thumb Code    38  fflt_clz.o(x$fpl$ffltu)
    __aeabi_cfcmple                          0x0800ba45   Thumb Code     0  fleqf.o(x$fpl$fleqf)
    _fcmple                                  0x0800ba45   Thumb Code   104  fleqf.o(x$fpl$fleqf)
    __fpl_fcmple_InfNaN                      0x0800ba97   Thumb Code     0  fleqf.o(x$fpl$fleqf)
    __aeabi_fmul                             0x0800baad   Thumb Code     0  fmul.o(x$fpl$fmul)
    _fmul                                    0x0800baad   Thumb Code   258  fmul.o(x$fpl$fmul)
    __fpl_fnaninf                            0x0800bbaf   Thumb Code   140  fnaninf.o(x$fpl$fnaninf)
    __fpl_fretinf                            0x0800bc3b   Thumb Code    10  fretinf.o(x$fpl$fretinf)
    __aeabi_cfrcmple                         0x0800bc45   Thumb Code     0  frleqf.o(x$fpl$frleqf)
    _frcmple                                 0x0800bc45   Thumb Code    98  frleqf.o(x$fpl$frleqf)
    __aeabi_fsub                             0x0800bca9   Thumb Code     0  faddsub_clz.o(x$fpl$fsub)
    _fsub                                    0x0800bca9   Thumb Code   234  faddsub_clz.o(x$fpl$fsub)
    _printf_fp_dec                           0x0800bd93   Thumb Code     4  printf1.o(x$fpl$printf1)
    _printf_fp_hex                           0x0800bd97   Thumb Code     4  printf2.o(x$fpl$printf2)
    __fpl_return_NaN                         0x0800bd9b   Thumb Code   100  retnan.o(x$fpl$retnan)
    __ARM_scalbn                             0x0800bdff   Thumb Code    92  scalbn.o(x$fpl$scalbn)
    __fpl_cmpreturn                          0x0800be5b   Thumb Code    48  trapv.o(x$fpl$trapveneer)
    __I$use$fp                               0x0800be8a   Number         0  usenofp.o(x$fpl$usenofp)
    F6x8                                     0x0800bf51   Data         552  oled.o(.constdata)
    F8X16                                    0x0800c179   Data        1520  oled.o(.constdata)
    __mathlib_zero                           0x0800c838   Data           8  qnan.o(.constdata)
    Region$$Table$$Base                      0x0800ca20   Number         0  anon$$obj.o(Region$$Table)
    Region$$Table$$Limit                     0x0800ca40   Number         0  anon$$obj.o(Region$$Table)
    __ctype                                  0x0800ca4d   Data           0  lc_ctype_c.o(locale$$data)
    SystemCoreClock                          0x20000000   Data           4  system_stm32f10x.o(.data)
    AHBPrescTable                            0x20000004   Data          16  system_stm32f10x.o(.data)
    UsCount                                  0x20000028   Data           1  delay.o(.data)
    MsCount                                  0x2000002a   Data           2  delay.o(.data)
    led_info                                 0x2000002c   Data           1  led.o(.data)
    HX711_Buffer                             0x20000030   Data           4  hx711.o(.data)
    Weight_Maopi                             0x20000034   Data           4  hx711.o(.data)
    Weight_Shiwu                             0x20000038   Data           4  hx711.o(.data)
    Flag_Error                               0x2000003c   Data           1  hx711.o(.data)
    temperature1                             0x20000040   Data           4  ds18b20.o(.data)
    TDS                                      0x20000044   Data           2  main.o(.data)
    Volume_Shiwu                             0x20000046   Data           2  main.o(.data)
    temperature                              0x20000048   Data           1  main.o(.data)
    timeCount                                0x2000004a   Data           2  main.o(.data)
    SendWaitForAck                           0x2000004c   Data           1  main.o(.data)
    tds_data                                 0x20000050   Data           4  main.o(.data)
    Voice_reminder                           0x20000054   Data           1  main.o(.data)
    timer_started                            0x20000055   Data           1  main.o(.data)
    timer_expired                            0x20000056   Data           1  main.o(.data)
    esp8266_cnt                              0x2000005a   Data           2  esp8266.o(.data)
    esp8266_cntPre                           0x2000005c   Data           2  esp8266.o(.data)
    Hzk                                      0x2000006c   Data         640  oled.o(.data)
    devid                                    0x200002ec   Data          16  onenet.o(.bss)
    key                                      0x200002fc   Data          48  onenet.o(.bss)
    esp8266_buf                              0x2000032c   Data         512  esp8266.o(.bss)
    __libspace_start                         0x2000052c   Data          96  libspace.o(.bss)
    __temporary_stack_top$libspace           0x2000058c   Data           0  libspace.o(.bss)



==============================================================================

Memory Map of the image

  Image Entry point : 0x080000ed

  Load Region LR_IROM1 (Base: 0x08000000, Size: 0x0000ce58, Max: 0x00010000, ABSOLUTE, COMPRESSED[0x0000cc70])

    Execution Region ER_IROM1 (Base: 0x08000000, Size: 0x0000cb6c, Max: 0x00010000, ABSOLUTE)

    Base Addr    Size         Type   Attr      Idx    E Section Name        Object

    0x08000000   0x000000ec   Data   RO          139    RESET               startup_stm32f10x_md.o
    0x080000ec   0x00000008   Code   RO          832  * !!!main             c_w.l(__main.o)
    0x080000f4   0x00000034   Code   RO         1285    !!!scatter          c_w.l(__scatter.o)
    0x08000128   0x0000005a   Code   RO         1283    !!dczerorl2         c_w.l(__dczerorl2.o)
    0x08000182   0x00000002   PAD
    0x08000184   0x0000001c   Code   RO         1287    !!handler_zi        c_w.l(__scatter_zi.o)
    0x080001a0   0x00000000   Code   RO          801    .ARM.Collect$$_printf_percent$$00000000  c_w.l(_printf_percent.o)
    0x080001a0   0x00000006   Code   RO          972    .ARM.Collect$$_printf_percent$$00000001  c_w.l(_printf_n.o)
    0x080001a6   0x00000006   Code   RO          973    .ARM.Collect$$_printf_percent$$00000002  c_w.l(_printf_p.o)
    0x080001ac   0x00000006   Code   RO          799    .ARM.Collect$$_printf_percent$$00000003  c_w.l(_printf_f.o)
    0x080001b2   0x00000006   Code   RO          800    .ARM.Collect$$_printf_percent$$00000004  c_w.l(_printf_e.o)
    0x080001b8   0x00000006   Code   RO          977    .ARM.Collect$$_printf_percent$$00000005  c_w.l(_printf_g.o)
    0x080001be   0x00000006   Code   RO          978    .ARM.Collect$$_printf_percent$$00000006  c_w.l(_printf_a.o)
    0x080001c4   0x0000000a   Code   RO          983    .ARM.Collect$$_printf_percent$$00000007  c_w.l(_printf_ll.o)
    0x080001ce   0x00000006   Code   RO          975    .ARM.Collect$$_printf_percent$$00000008  c_w.l(_printf_i.o)
    0x080001d4   0x00000006   Code   RO          798    .ARM.Collect$$_printf_percent$$00000009  c_w.l(_printf_d.o)
    0x080001da   0x00000006   Code   RO          976    .ARM.Collect$$_printf_percent$$0000000A  c_w.l(_printf_u.o)
    0x080001e0   0x00000006   Code   RO          974    .ARM.Collect$$_printf_percent$$0000000B  c_w.l(_printf_o.o)
    0x080001e6   0x00000006   Code   RO          797    .ARM.Collect$$_printf_percent$$0000000C  c_w.l(_printf_x.o)
    0x080001ec   0x00000006   Code   RO          980    .ARM.Collect$$_printf_percent$$0000000D  c_w.l(_printf_lli.o)
    0x080001f2   0x00000006   Code   RO          981    .ARM.Collect$$_printf_percent$$0000000E  c_w.l(_printf_lld.o)
    0x080001f8   0x00000006   Code   RO          982    .ARM.Collect$$_printf_percent$$0000000F  c_w.l(_printf_llu.o)
    0x080001fe   0x00000006   Code   RO          987    .ARM.Collect$$_printf_percent$$00000010  c_w.l(_printf_llo.o)
    0x08000204   0x00000006   Code   RO          988    .ARM.Collect$$_printf_percent$$00000011  c_w.l(_printf_llx.o)
    0x0800020a   0x0000000a   Code   RO          984    .ARM.Collect$$_printf_percent$$00000012  c_w.l(_printf_l.o)
    0x08000214   0x00000006   Code   RO          971    .ARM.Collect$$_printf_percent$$00000013  c_w.l(_printf_c.o)
    0x0800021a   0x00000006   Code   RO          796    .ARM.Collect$$_printf_percent$$00000014  c_w.l(_printf_s.o)
    0x08000220   0x00000006   Code   RO          985    .ARM.Collect$$_printf_percent$$00000015  c_w.l(_printf_lc.o)
    0x08000226   0x00000006   Code   RO          986    .ARM.Collect$$_printf_percent$$00000016  c_w.l(_printf_ls.o)
    0x0800022c   0x00000004   Code   RO          979    .ARM.Collect$$_printf_percent$$00000017  c_w.l(_printf_percent_end.o)
    0x08000230   0x00000002   Code   RO         1219    .ARM.Collect$$libinit$$00000000  c_w.l(libinit.o)
    0x08000232   0x00000000   Code   RO          998    .ARM.Collect$$libinit$$00000002  c_w.l(libinit2.o)
    0x08000232   0x00000000   Code   RO         1000    .ARM.Collect$$libinit$$00000004  c_w.l(libinit2.o)
    0x08000232   0x00000008   Code   RO         1001    .ARM.Collect$$libinit$$00000005  c_w.l(libinit2.o)
    0x0800023a   0x00000000   Code   RO         1003    .ARM.Collect$$libinit$$0000000A  c_w.l(libinit2.o)
    0x0800023a   0x00000000   Code   RO         1005    .ARM.Collect$$libinit$$0000000C  c_w.l(libinit2.o)
    0x0800023a   0x00000000   Code   RO         1007    .ARM.Collect$$libinit$$0000000E  c_w.l(libinit2.o)
    0x0800023a   0x00000006   Code   RO         1008    .ARM.Collect$$libinit$$0000000F  c_w.l(libinit2.o)
    0x08000240   0x00000000   Code   RO         1010    .ARM.Collect$$libinit$$00000011  c_w.l(libinit2.o)
    0x08000240   0x0000000c   Code   RO         1011    .ARM.Collect$$libinit$$00000012  c_w.l(libinit2.o)
    0x0800024c   0x00000000   Code   RO         1012    .ARM.Collect$$libinit$$00000013  c_w.l(libinit2.o)
    0x0800024c   0x00000000   Code   RO         1014    .ARM.Collect$$libinit$$00000015  c_w.l(libinit2.o)
    0x0800024c   0x0000000a   Code   RO         1015    .ARM.Collect$$libinit$$00000016  c_w.l(libinit2.o)
    0x08000256   0x00000000   Code   RO         1016    .ARM.Collect$$libinit$$00000017  c_w.l(libinit2.o)
    0x08000256   0x00000000   Code   RO         1018    .ARM.Collect$$libinit$$00000019  c_w.l(libinit2.o)
    0x08000256   0x00000000   Code   RO         1020    .ARM.Collect$$libinit$$0000001B  c_w.l(libinit2.o)
    0x08000256   0x00000000   Code   RO         1022    .ARM.Collect$$libinit$$0000001D  c_w.l(libinit2.o)
    0x08000256   0x00000000   Code   RO         1024    .ARM.Collect$$libinit$$0000001F  c_w.l(libinit2.o)
    0x08000256   0x00000000   Code   RO         1026    .ARM.Collect$$libinit$$00000021  c_w.l(libinit2.o)
    0x08000256   0x00000000   Code   RO         1028    .ARM.Collect$$libinit$$00000023  c_w.l(libinit2.o)
    0x08000256   0x00000000   Code   RO         1030    .ARM.Collect$$libinit$$00000025  c_w.l(libinit2.o)
    0x08000256   0x00000000   Code   RO         1034    .ARM.Collect$$libinit$$0000002C  c_w.l(libinit2.o)
    0x08000256   0x00000000   Code   RO         1036    .ARM.Collect$$libinit$$0000002E  c_w.l(libinit2.o)
    0x08000256   0x00000000   Code   RO         1038    .ARM.Collect$$libinit$$00000030  c_w.l(libinit2.o)
    0x08000256   0x00000000   Code   RO         1040    .ARM.Collect$$libinit$$00000032  c_w.l(libinit2.o)
    0x08000256   0x00000002   Code   RO         1041    .ARM.Collect$$libinit$$00000033  c_w.l(libinit2.o)
    0x08000258   0x00000002   Code   RO         1280    .ARM.Collect$$libshutdown$$00000000  c_w.l(libshutdown.o)
    0x0800025a   0x00000000   Code   RO         1236    .ARM.Collect$$libshutdown$$00000003  c_w.l(libshutdown2.o)
    0x0800025a   0x00000000   Code   RO         1239    .ARM.Collect$$libshutdown$$00000006  c_w.l(libshutdown2.o)
    0x0800025a   0x00000000   Code   RO         1242    .ARM.Collect$$libshutdown$$00000009  c_w.l(libshutdown2.o)
    0x0800025a   0x00000000   Code   RO         1244    .ARM.Collect$$libshutdown$$0000000B  c_w.l(libshutdown2.o)
    0x0800025a   0x00000000   Code   RO         1247    .ARM.Collect$$libshutdown$$0000000E  c_w.l(libshutdown2.o)
    0x0800025a   0x00000002   Code   RO         1248    .ARM.Collect$$libshutdown$$0000000F  c_w.l(libshutdown2.o)
    0x0800025c   0x00000000   Code   RO          914    .ARM.Collect$$rtentry$$00000000  c_w.l(__rtentry.o)
    0x0800025c   0x00000000   Code   RO         1096    .ARM.Collect$$rtentry$$00000002  c_w.l(__rtentry2.o)
    0x0800025c   0x00000006   Code   RO         1108    .ARM.Collect$$rtentry$$00000004  c_w.l(__rtentry4.o)
    0x08000262   0x00000000   Code   RO         1098    .ARM.Collect$$rtentry$$00000009  c_w.l(__rtentry2.o)
    0x08000262   0x00000004   Code   RO         1099    .ARM.Collect$$rtentry$$0000000A  c_w.l(__rtentry2.o)
    0x08000266   0x00000000   Code   RO         1101    .ARM.Collect$$rtentry$$0000000C  c_w.l(__rtentry2.o)
    0x08000266   0x00000008   Code   RO         1102    .ARM.Collect$$rtentry$$0000000D  c_w.l(__rtentry2.o)
    0x0800026e   0x00000002   Code   RO         1224    .ARM.Collect$$rtexit$$00000000  c_w.l(rtexit.o)
    0x08000270   0x00000000   Code   RO         1254    .ARM.Collect$$rtexit$$00000002  c_w.l(rtexit2.o)
    0x08000270   0x00000004   Code   RO         1255    .ARM.Collect$$rtexit$$00000003  c_w.l(rtexit2.o)
    0x08000274   0x00000006   Code   RO         1256    .ARM.Collect$$rtexit$$00000004  c_w.l(rtexit2.o)
    0x0800027a   0x00000002   PAD
    0x0800027c   0x00000000   Code   RO         1122    .emb_text           c_w.l(maybetermalloc1.o)
    0x0800027c   0x00000134   Code   RO           17    .text               stm32f10x_it.o
    0x080003b0   0x000001e0   Code   RO          119    .text               system_stm32f10x.o
    0x08000590   0x00000040   Code   RO          140    .text               startup_stm32f10x_md.o
    0x080005d0   0x000000dc   Code   RO          144    .text               misc.o
    0x080006ac   0x0000035c   Code   RO          182    .text               stm32f10x_gpio.o
    0x08000a08   0x000003a4   Code   RO          194    .text               stm32f10x_rcc.o
    0x08000dac   0x00000408   Code   RO          208    .text               stm32f10x_usart.o
    0x080011b4   0x0000011c   Code   RO          220    .text               stm32f10x_exti.o
    0x080012d0   0x0000044e   Code   RO          232    .text               stm32f10x_adc.o
    0x0800171e   0x00000002   PAD
    0x08001720   0x00000e1a   Code   RO          256    .text               stm32f10x_tim.o
    0x0800253a   0x00000002   PAD
    0x0800253c   0x000000f4   Code   RO          268    .text               delay.o
    0x08002630   0x00000298   Code   RO          286    .text               usart.o
    0x080028c8   0x00000084   Code   RO          308    .text               led.o
    0x0800294c   0x00000080   Code   RO          326    .text               key.o
    0x080029cc   0x0000009c   Code   RO          345    .text               bsp_adc.o
    0x08002a68   0x00000208   Code   RO          360    .text               tds.o
    0x08002c70   0x0000012c   Code   RO          392    .text               hx711.o
    0x08002d9c   0x0000035c   Code   RO          425    .text               ds18b20.o
    0x080030f8   0x00000108   Code   RO          448    .text               bsp_generaltim.o
    0x08003200   0x000003a8   Code   RO          464    .text               main.o
    0x080035a8   0x00000afc   Code   RO          489    .text               onenet.o
    0x080040a4   0x00000486   Code   RO          535    .text               hmac_sha1.o
    0x0800452a   0x00000002   PAD
    0x0800452c   0x000002b0   Code   RO          550    .text               base64.o
    0x080047dc   0x00000e08   Code   RO          571    .text               mqttkit.o
    0x080055e4   0x0000031c   Code   RO          599    .text               esp8266.o
    0x08005900   0x00001a80   Code   RO          619    .text               cjson.o
    0x08007380   0x000005d4   Code   RO          649    .text               oled.o
    0x08007954   0x0000005e   Code   RO          677    .text               c_w.l(h1_alloc.o)
    0x080079b2   0x0000004e   Code   RO          679    .text               c_w.l(h1_free.o)
    0x08007a00   0x0000001a   Code   RO          735    .text               c_w.l(tolower.o)
    0x08007a1a   0x00000002   PAD
    0x08007a1c   0x00000034   Code   RO          737    .text               c_w.l(vsnprintf.o)
    0x08007a50   0x0000002c   Code   RO          739    .text               c_w.l(__2sprintf.o)
    0x08007a7c   0x00000038   Code   RO          741    .text               c_w.l(__2snprintf.o)
    0x08007ab4   0x0000004e   Code   RO          749    .text               c_w.l(_printf_pad.o)
    0x08007b02   0x00000052   Code   RO          751    .text               c_w.l(_printf_str.o)
    0x08007b54   0x00000078   Code   RO          753    .text               c_w.l(_printf_dec.o)
    0x08007bcc   0x00000094   Code   RO          773    .text               c_w.l(_printf_hex_int_ll_ptr.o)
    0x08007c60   0x00000188   Code   RO          793    .text               c_w.l(__printf_flags_ss_wp.o)
    0x08007de8   0x0000003c   Code   RO          802    .text               c_w.l(__0sscanf.o)
    0x08007e24   0x0000014c   Code   RO          804    .text               c_w.l(_scanf_int.o)
    0x08007f70   0x000000e0   Code   RO          806    .text               c_w.l(_scanf_str.o)
    0x08008050   0x00000014   Code   RO          808    .text               c_w.l(strchr.o)
    0x08008064   0x00000024   Code   RO          810    .text               c_w.l(strncat.o)
    0x08008088   0x00000024   Code   RO          812    .text               c_w.l(strstr.o)
    0x080080ac   0x00000048   Code   RO          814    .text               c_w.l(strcpy.o)
    0x080080f4   0x0000003e   Code   RO          816    .text               c_w.l(strlen.o)
    0x08008132   0x00000096   Code   RO          818    .text               c_w.l(strncmp.o)
    0x080081c8   0x00000018   Code   RO          820    .text               c_w.l(strcat.o)
    0x080081e0   0x0000008a   Code   RO          822    .text               c_w.l(rt_memcpy_v6.o)
    0x0800826a   0x00000064   Code   RO          824    .text               c_w.l(rt_memcpy_w.o)
    0x080082ce   0x00000044   Code   RO          826    .text               c_w.l(rt_memclr.o)
    0x08008312   0x0000004e   Code   RO          828    .text               c_w.l(rt_memclr_w.o)
    0x08008360   0x00000006   Code   RO          830    .text               c_w.l(heapauxi.o)
    0x08008366   0x00000002   PAD
    0x08008368   0x00000010   Code   RO          915    .text               c_w.l(rt_ctype_table.o)
    0x08008378   0x00000008   Code   RO          920    .text               c_w.l(rt_heap_descriptor_intlibspace.o)
    0x08008380   0x00000004   Code   RO          922    .text               c_w.l(hguard.o)
    0x08008384   0x0000008a   Code   RO          924    .text               c_w.l(init_alloc.o)
    0x0800840e   0x0000000e   Code   RO          928    .text               c_w.l(h1_init.o)
    0x0800841c   0x00000016   Code   RO          942    .text               c_w.l(_rserrno.o)
    0x08008432   0x00000024   Code   RO          944    .text               c_w.l(_printf_truncate.o)
    0x08008456   0x000000b2   Code   RO          946    .text               c_w.l(_printf_intcommon.o)
    0x08008508   0x00000028   Code   RO          948    .text               c_w.l(_printf_charcount.o)
    0x08008530   0x0000041a   Code   RO          950    .text               c_w.l(_printf_fp_dec.o)
    0x0800894a   0x00000002   PAD
    0x0800894c   0x00000030   Code   RO          952    .text               c_w.l(_printf_char_common.o)
    0x0800897c   0x0000000a   Code   RO          954    .text               c_w.l(_sputc.o)
    0x08008986   0x00000010   Code   RO          956    .text               c_w.l(_snputc.o)
    0x08008996   0x0000002c   Code   RO          958    .text               c_w.l(_printf_char.o)
    0x080089c2   0x00000002   PAD
    0x080089c4   0x000000bc   Code   RO          960    .text               c_w.l(_printf_wctomb.o)
    0x08008a80   0x0000007c   Code   RO          963    .text               c_w.l(_printf_longlong_dec.o)
    0x08008afc   0x00000070   Code   RO          969    .text               c_w.l(_printf_oct_int_ll.o)
    0x08008b6c   0x0000001c   Code   RO          989    .text               c_w.l(_chval.o)
    0x08008b88   0x0000002c   Code   RO          991    .text               c_w.l(scanf_char.o)
    0x08008bb4   0x00000040   Code   RO          993    .text               c_w.l(_sgetc.o)
    0x08008bf4   0x00000008   Code   RO         1092    .text               c_w.l(libspace.o)
    0x08008bfc   0x00000008   Code   RO         1113    .text               c_w.l(rt_locale_intlibspace.o)
    0x08008c04   0x00000008   Code   RO         1118    .text               c_w.l(rt_errno_addr_intlibspace.o)
    0x08008c0c   0x00000034   Code   RO         1124    .text               c_w.l(h1_extend.o)
    0x08008c40   0x0000008a   Code   RO         1128    .text               c_w.l(lludiv10.o)
    0x08008cca   0x00000012   Code   RO         1130    .text               c_w.l(isspace.o)
    0x08008cdc   0x000002fc   Code   RO         1132    .text               c_w.l(_printf_fp_hex.o)
    0x08008fd8   0x00000080   Code   RO         1135    .text               c_w.l(_printf_fp_infnan.o)
    0x08009058   0x0000002c   Code   RO         1139    .text               c_w.l(_printf_wchar.o)
    0x08009084   0x00000374   Code   RO         1141    .text               c_w.l(_scanf.o)
    0x080093f8   0x000000dc   Code   RO         1143    .text               c_w.l(bigflt0.o)
    0x080094d4   0x00000040   Code   RO         1168    .text               c_w.l(_wcrtomb.o)
    0x08009514   0x0000000e   Code   RO         1176    .text               c_w.l(defsig_rtmem_outer.o)
    0x08009522   0x00000002   Code   RO         1193    .text               c_w.l(use_no_semi.o)
    0x08009524   0x00000000   Code   RO         1195    .text               c_w.l(indicate_semi.o)
    0x08009524   0x0000004a   Code   RO         1196    .text               c_w.l(sys_stackheap_outer.o)
    0x0800956e   0x0000000c   Code   RO         1202    .text               c_w.l(exit.o)
    0x0800957a   0x0000000a   Code   RO         1204    .text               c_w.l(defsig_exit.o)
    0x08009584   0x00000050   Code   RO         1206    .text               c_w.l(defsig_rtmem_inner.o)
    0x080095d4   0x00000080   Code   RO         1208    .text               c_w.l(strcmpv7m.o)
    0x08009654   0x0000000c   Code   RO         1222    .text               c_w.l(sys_exit.o)
    0x08009660   0x00000032   Code   RO         1232    .text               c_w.l(defsig_general.o)
    0x08009692   0x0000000e   Code   RO         1251    .text               c_w.l(sys_wrch.o)
    0x080096a0   0x0000003e   Code   RO         1146    CL$$btod_d2e        c_w.l(btod.o)
    0x080096de   0x00000046   Code   RO         1148    CL$$btod_d2e_denorm_low  c_w.l(btod.o)
    0x08009724   0x00000060   Code   RO         1147    CL$$btod_d2e_norm_op1  c_w.l(btod.o)
    0x08009784   0x00000338   Code   RO         1156    CL$$btod_div_common  c_w.l(btod.o)
    0x08009abc   0x000000c6   Code   RO         1153    CL$$btod_e2e        c_w.l(btod.o)
    0x08009b82   0x00000028   Code   RO         1150    CL$$btod_ediv       c_w.l(btod.o)
    0x08009baa   0x00000028   Code   RO         1149    CL$$btod_emul       c_w.l(btod.o)
    0x08009bd2   0x00000244   Code   RO         1155    CL$$btod_mult_common  c_w.l(btod.o)
    0x08009e16   0x00000028   Code   RO         1077    i.__ARM_fpclassify  m_ws.l(fpclassify.o)
    0x08009e3e   0x000000aa   Code   RO         1079    i.__kernel_poly     m_ws.l(poly.o)
    0x08009ee8   0x00000010   Code   RO         1063    i.__mathlib_dbl_divzero  m_ws.l(dunder.o)
    0x08009ef8   0x00000004   Code   RO         1065    i.__mathlib_dbl_infnan2  m_ws.l(dunder.o)
    0x08009efc   0x0000000c   Code   RO         1066    i.__mathlib_dbl_invalid  m_ws.l(dunder.o)
    0x08009f08   0x0000000e   Code   RO         1067    i.__mathlib_dbl_overflow  m_ws.l(dunder.o)
    0x08009f16   0x00000002   PAD
    0x08009f18   0x00000010   Code   RO         1069    i.__mathlib_dbl_underflow  m_ws.l(dunder.o)
    0x08009f28   0x0000000e   Code   RO          786    i._is_digit         c_w.l(__printf_wp.o)
    0x08009f36   0x00000002   PAD
    0x08009f38   0x000000dc   Code   RO          899    i.floor             m_ws.l(floor.o)
    0x0800a014   0x000009b8   Code   RO          903    i.pow               m_ws.l(pow.o)
    0x0800a9cc   0x0000004c   Code   RO         1083    i.sqrt              m_ws.l(sqrt.o)
    0x0800aa18   0x0000002c   Code   RO         1171    locale$$code        c_w.l(lc_ctype_c.o)
    0x0800aa44   0x0000002c   Code   RO         1174    locale$$code        c_w.l(lc_numeric_c.o)
    0x0800aa70   0x00000062   Code   RO          834    x$fpl$d2f           fz_ws.l(d2f.o)
    0x0800aad2   0x00000002   PAD
    0x0800aad4   0x00000150   Code   RO          836    x$fpl$dadd          fz_ws.l(daddsub_clz.o)
    0x0800ac24   0x00000010   Code   RO         1185    x$fpl$dcheck1       fz_ws.l(dcheck1.o)
    0x0800ac34   0x00000018   Code   RO         1042    x$fpl$dcmpinf       fz_ws.l(dcmpi.o)
    0x0800ac4c   0x000002b0   Code   RO          843    x$fpl$ddiv          fz_ws.l(ddiv.o)
    0x0800aefc   0x00000078   Code   RO          846    x$fpl$deqf          fz_ws.l(deqf.o)
    0x0800af74   0x0000005e   Code   RO          848    x$fpl$dfix          fz_ws.l(dfix.o)
    0x0800afd2   0x00000002   PAD
    0x0800afd4   0x0000005a   Code   RO          852    x$fpl$dfixu         fz_ws.l(dfixu.o)
    0x0800b02e   0x0000002e   Code   RO          857    x$fpl$dflt          fz_ws.l(dflt_clz.o)
    0x0800b05c   0x00000078   Code   RO          862    x$fpl$dleqf         fz_ws.l(dleqf.o)
    0x0800b0d4   0x00000154   Code   RO          864    x$fpl$dmul          fz_ws.l(dmul.o)
    0x0800b228   0x0000009c   Code   RO         1044    x$fpl$dnaninf       fz_ws.l(dnaninf.o)
    0x0800b2c4   0x0000000c   Code   RO         1046    x$fpl$dretinf       fz_ws.l(dretinf.o)
    0x0800b2d0   0x0000006c   Code   RO          866    x$fpl$drleqf        fz_ws.l(drleqf.o)
    0x0800b33c   0x00000016   Code   RO          837    x$fpl$drsb          fz_ws.l(daddsub_clz.o)
    0x0800b352   0x00000002   PAD
    0x0800b354   0x000001cc   Code   RO         1187    x$fpl$dsqrt         fz_ws.l(dsqrt_noumaal.o)
    0x0800b520   0x000001d4   Code   RO          838    x$fpl$dsub          fz_ws.l(daddsub_clz.o)
    0x0800b6f4   0x00000056   Code   RO          868    x$fpl$f2d           fz_ws.l(f2d.o)
    0x0800b74a   0x00000002   PAD
    0x0800b74c   0x000000c4   Code   RO          870    x$fpl$fadd          fz_ws.l(faddsub_clz.o)
    0x0800b810   0x00000018   Code   RO         1048    x$fpl$fcmpinf       fz_ws.l(fcmpi.o)
    0x0800b828   0x00000184   Code   RO          877    x$fpl$fdiv          fz_ws.l(fdiv.o)
    0x0800b9ac   0x0000003e   Code   RO          880    x$fpl$ffixu         fz_ws.l(ffixu.o)
    0x0800b9ea   0x00000002   PAD
    0x0800b9ec   0x00000030   Code   RO          885    x$fpl$fflt          fz_ws.l(fflt_clz.o)
    0x0800ba1c   0x00000026   Code   RO          884    x$fpl$ffltu         fz_ws.l(fflt_clz.o)
    0x0800ba42   0x00000002   PAD
    0x0800ba44   0x00000068   Code   RO          890    x$fpl$fleqf         fz_ws.l(fleqf.o)
    0x0800baac   0x00000102   Code   RO          892    x$fpl$fmul          fz_ws.l(fmul.o)
    0x0800bbae   0x0000008c   Code   RO         1050    x$fpl$fnaninf       fz_ws.l(fnaninf.o)
    0x0800bc3a   0x0000000a   Code   RO         1052    x$fpl$fretinf       fz_ws.l(fretinf.o)
    0x0800bc44   0x00000062   Code   RO          894    x$fpl$frleqf        fz_ws.l(frleqf.o)
    0x0800bca6   0x00000002   PAD
    0x0800bca8   0x000000ea   Code   RO          872    x$fpl$fsub          fz_ws.l(faddsub_clz.o)
    0x0800bd92   0x00000004   Code   RO          896    x$fpl$printf1       fz_ws.l(printf1.o)
    0x0800bd96   0x00000004   Code   RO         1054    x$fpl$printf2       fz_ws.l(printf2.o)
    0x0800bd9a   0x00000064   Code   RO         1220    x$fpl$retnan        fz_ws.l(retnan.o)
    0x0800bdfe   0x0000005c   Code   RO         1060    x$fpl$scalbn        fz_ws.l(scalbn.o)
    0x0800be5a   0x00000030   Code   RO         1249    x$fpl$trapveneer    fz_ws.l(trapv.o)
    0x0800be8a   0x00000000   Code   RO         1062    x$fpl$usenofp       fz_ws.l(usenofp.o)
    0x0800be8a   0x000000c0   Data   RO          551    .constdata          base64.o
    0x0800bf4a   0x00000007   Data   RO          620    .constdata          cjson.o
    0x0800bf51   0x00000818   Data   RO          650    .constdata          oled.o
    0x0800c769   0x00000028   Data   RO          774    .constdata          c_w.l(_printf_hex_int_ll_ptr.o)
    0x0800c791   0x00000011   Data   RO          794    .constdata          c_w.l(__printf_flags_ss_wp.o)
    0x0800c7a2   0x00000006   PAD
    0x0800c7a8   0x00000088   Data   RO          904    .constdata          m_ws.l(pow.o)
    0x0800c830   0x00000008   Data   RO          961    .constdata          c_w.l(_printf_wctomb.o)
    0x0800c838   0x00000008   Data   RO         1081    .constdata          m_ws.l(qnan.o)
    0x0800c840   0x00000026   Data   RO         1133    .constdata          c_w.l(_printf_fp_hex.o)
    0x0800c866   0x00000002   PAD
    0x0800c868   0x00000094   Data   RO         1144    .constdata          c_w.l(bigflt0.o)
    0x0800c8fc   0x00000123   Data   RO          491    .conststring        onenet.o
    0x0800ca1f   0x00000001   PAD
    0x0800ca20   0x00000020   Data   RO         1281    Region$$Table       anon$$obj.o
    0x0800ca40   0x00000110   Data   RO         1170    locale$$data        c_w.l(lc_ctype_c.o)
    0x0800cb50   0x0000001c   Data   RO         1173    locale$$data        c_w.l(lc_numeric_c.o)


    Execution Region RW_IRAM1 (Base: 0x20000000, Size: 0x00000f90, Max: 0x00005000, ABSOLUTE, COMPRESSED[0x00000104])

    Base Addr    Size         Type   Attr      Idx    E Section Name        Object

    0x20000000   0x00000014   Data   RW          120    .data               system_stm32f10x.o
    0x20000014   0x00000014   Data   RW          195    .data               stm32f10x_rcc.o
    0x20000028   0x00000004   Data   RW          269    .data               delay.o
    0x2000002c   0x00000001   Data   RW          309    .data               led.o
    0x2000002d   0x00000003   PAD
    0x20000030   0x0000000d   Data   RW          393    .data               hx711.o
    0x2000003d   0x00000003   PAD
    0x20000040   0x00000004   Data   RW          426    .data               ds18b20.o
    0x20000044   0x00000013   Data   RW          465    .data               main.o
    0x20000057   0x00000001   PAD
    0x20000058   0x00000002   Data   RW          492    .data               onenet.o
    0x2000005a   0x00000004   Data   RW          601    .data               esp8266.o
    0x2000005e   0x00000002   PAD
    0x20000060   0x0000000c   Data   RW          621    .data               cjson.o
    0x2000006c   0x00000280   Data   RW          651    .data               oled.o
    0x200002ec   0x00000040   Zero   RW          490    .bss                onenet.o
    0x2000032c   0x00000200   Zero   RW          600    .bss                esp8266.o
    0x2000052c   0x00000060   Zero   RW         1093    .bss                c_w.l(libspace.o)
    0x2000058c   0x00000004   PAD
    0x20000590   0x00000200   Zero   RW          138    HEAP                startup_stm32f10x_md.o
    0x20000790   0x00000800   Zero   RW          137    STACK               startup_stm32f10x_md.o


==============================================================================

Image component sizes


      Code (inc. data)   RO Data    RW Data    ZI Data      Debug   Object Name

       688          8        192          0          0       3222   base64.o
       156          4          0          0          0        849   bsp_adc.o
       264          8          0          0          0       1295   bsp_generaltim.o
      6784        208          7         12          0      23372   cjson.o
         0          0          0          0          0       4544   core_cm3.o
       244         10          0          4          0       1536   delay.o
       860         48          0          4          0      18684   ds18b20.o
       796        268          0          4        512       3051   esp8266.o
      1158         28          0          0          0       3132   hmac_sha1.o
       300         30          0         13          0       1500   hx711.o
       128          4          0          0          0        615   key.o
       132         14          0          1          0       1515   led.o
       936        256          0         19          0       2792   main.o
       220         22          0          0          0     216509   misc.o
      3592         74          0          0          0      14791   mqttkit.o
      1492         24       2072        640          0       6579   oled.o
      2812       1122        291          2         64       9478   onenet.o
        64         26        236          0       2560        840   startup_stm32f10x_md.o
      1102         26          0          0          0      10849   stm32f10x_adc.o
       284         10          0          0          0       2251   stm32f10x_exti.o
       860         38          0          0          0       5665   stm32f10x_gpio.o
       308        248          0          0          0      45015   stm32f10x_it.o
       932         36          0         20          0       8864   stm32f10x_rcc.o
      3610         88          0          0          0      22148   stm32f10x_tim.o
      1032         22          0          0          0       8392   stm32f10x_usart.o
       480         38          0         20          0       1887   system_stm32f10x.o
       520         68          0          0          0       1356   tds.o
       664         20          0          0          0       3701   usart.o

    ----------------------------------------------------------------------
     30424       2748       2831        748       3136     424432   Object Totals
         0          0         32          0          0          0   (incl. Generated)
         6          0          1          9          0          0   (incl. Padding)

    ----------------------------------------------------------------------

      Code (inc. data)   RO Data    RW Data    ZI Data      Debug   Library Member Name

        60          8          0          0          0         84   __0sscanf.o
        56          6          0          0          0         88   __2snprintf.o
        44          6          0          0          0         84   __2sprintf.o
        90          0          0          0          0          0   __dczerorl2.o
         8          0          0          0          0         68   __main.o
       392          4         17          0          0         92   __printf_flags_ss_wp.o
        14          0          0          0          0         68   __printf_wp.o
         0          0          0          0          0          0   __rtentry.o
        12          0          0          0          0          0   __rtentry2.o
         6          0          0          0          0          0   __rtentry4.o
        52          8          0          0          0          0   __scatter.o
        28          0          0          0          0          0   __scatter_zi.o
        28          0          0          0          0         68   _chval.o
         6          0          0          0          0          0   _printf_a.o
         6          0          0          0          0          0   _printf_c.o
        44          0          0          0          0        108   _printf_char.o
        48          6          0          0          0         96   _printf_char_common.o
        40          0          0          0          0         68   _printf_charcount.o
         6          0          0          0          0          0   _printf_d.o
       120         16          0          0          0         92   _printf_dec.o
         6          0          0          0          0          0   _printf_e.o
         6          0          0          0          0          0   _printf_f.o
      1050          0          0          0          0        216   _printf_fp_dec.o
       764         10         38          0          0        100   _printf_fp_hex.o
       128         16          0          0          0         84   _printf_fp_infnan.o
         6          0          0          0          0          0   _printf_g.o
       148          4         40          0          0        160   _printf_hex_int_ll_ptr.o
         6          0          0          0          0          0   _printf_i.o
       178          0          0          0          0         88   _printf_intcommon.o
        10          0          0          0          0          0   _printf_l.o
         6          0          0          0          0          0   _printf_lc.o
        10          0          0          0          0          0   _printf_ll.o
         6          0          0          0          0          0   _printf_lld.o
         6          0          0          0          0          0   _printf_lli.o
         6          0          0          0          0          0   _printf_llo.o
         6          0          0          0          0          0   _printf_llu.o
         6          0          0          0          0          0   _printf_llx.o
       124         16          0          0          0         92   _printf_longlong_dec.o
         6          0          0          0          0          0   _printf_ls.o
         6          0          0          0          0          0   _printf_n.o
         6          0          0          0          0          0   _printf_o.o
       112          8          0          0          0        124   _printf_oct_int_ll.o
         6          0          0          0          0          0   _printf_p.o
        78          0          0          0          0        108   _printf_pad.o
         0          0          0          0          0          0   _printf_percent.o
         4          0          0          0          0          0   _printf_percent_end.o
         6          0          0          0          0          0   _printf_s.o
        82          0          0          0          0         80   _printf_str.o
        36          0          0          0          0         84   _printf_truncate.o
         6          0          0          0          0          0   _printf_u.o
        44          0          0          0          0        108   _printf_wchar.o
       188          6          8          0          0         92   _printf_wctomb.o
         6          0          0          0          0          0   _printf_x.o
        22          0          0          0          0        100   _rserrno.o
       884          6          0          0          0        100   _scanf.o
       332          0          0          0          0         96   _scanf_int.o
       224          0          0          0          0         96   _scanf_str.o
        64          0          0          0          0         84   _sgetc.o
        16          0          0          0          0         68   _snputc.o
        10          0          0          0          0         68   _sputc.o
        64          0          0          0          0         92   _wcrtomb.o
       220          4        148          0          0         96   bigflt0.o
      1910        128          0          0          0        672   btod.o
        10          0          0          0          0         68   defsig_exit.o
        50          0          0          0          0         88   defsig_general.o
        80         58          0          0          0         76   defsig_rtmem_inner.o
        14          0          0          0          0         80   defsig_rtmem_outer.o
        12          0          0          0          0         72   exit.o
        94          0          0          0          0         80   h1_alloc.o
        52          0          0          0          0         68   h1_extend.o
        78          0          0          0          0         80   h1_free.o
        14          0          0          0          0         84   h1_init.o
         6          0          0          0          0        152   heapauxi.o
         4          0          0          0          0        136   hguard.o
         0          0          0          0          0          0   indicate_semi.o
       138          0          0          0          0        168   init_alloc.o
        18          0          0          0          0         76   isspace.o
        44         10        272          0          0         76   lc_ctype_c.o
        44         10         28          0          0         76   lc_numeric_c.o
         2          0          0          0          0          0   libinit.o
        38          0          0          0          0          0   libinit2.o
         2          0          0          0          0          0   libshutdown.o
         2          0          0          0          0          0   libshutdown2.o
         8          4          0          0         96         68   libspace.o
       138          0          0          0          0         80   lludiv10.o
         0          0          0          0          0          0   maybetermalloc1.o
        16          4          0          0          0         76   rt_ctype_table.o
         8          4          0          0          0         68   rt_errno_addr_intlibspace.o
         8          4          0          0          0         68   rt_heap_descriptor_intlibspace.o
         8          4          0          0          0         68   rt_locale_intlibspace.o
        68          0          0          0          0         68   rt_memclr.o
        78          0          0          0          0         80   rt_memclr_w.o
       138          0          0          0          0         68   rt_memcpy_v6.o
       100          0          0          0          0         80   rt_memcpy_w.o
         2          0          0          0          0          0   rtexit.o
        10          0          0          0          0          0   rtexit2.o
        44          8          0          0          0         84   scanf_char.o
        24          0          0          0          0         68   strcat.o
        20          0          0          0          0         68   strchr.o
       128          0          0          0          0         68   strcmpv7m.o
        72          0          0          0          0         80   strcpy.o
        62          0          0          0          0         76   strlen.o
        36          0          0          0          0         76   strncat.o
       150          0          0          0          0         80   strncmp.o
        36          0          0          0          0         80   strstr.o
        12          4          0          0          0         68   sys_exit.o
        74          0          0          0          0         80   sys_stackheap_outer.o
        14          0          0          0          0         76   sys_wrch.o
        26          0          0          0          0         76   tolower.o
         2          0          0          0          0         68   use_no_semi.o
        52          4          0          0          0         80   vsnprintf.o
        98          4          0          0          0         92   d2f.o
       826         16          0          0          0        348   daddsub_clz.o
        16          4          0          0          0         68   dcheck1.o
        24          0          0          0          0         68   dcmpi.o
       688        140          0          0          0        208   ddiv.o
       120          4          0          0          0         92   deqf.o
        94          4          0          0          0         92   dfix.o
        90          4          0          0          0         92   dfixu.o
        46          0          0          0          0         68   dflt_clz.o
       120          4          0          0          0         92   dleqf.o
       340         12          0          0          0        104   dmul.o
       156          4          0          0          0         92   dnaninf.o
        12          0          0          0          0         68   dretinf.o
       108          0          0          0          0         80   drleqf.o
       460         56          0          0          0        120   dsqrt_noumaal.o
        86          4          0          0          0         84   f2d.o
       430          8          0          0          0        168   faddsub_clz.o
        24          0          0          0          0         68   fcmpi.o
       388         76          0          0          0         96   fdiv.o
        62          4          0          0          0         84   ffixu.o
        86          0          0          0          0        136   fflt_clz.o
       104          4          0          0          0         84   fleqf.o
       258          4          0          0          0         84   fmul.o
       140          4          0          0          0         84   fnaninf.o
        10          0          0          0          0         68   fretinf.o
        98          0          0          0          0         68   frleqf.o
         4          0          0          0          0         68   printf1.o
         4          0          0          0          0         68   printf2.o
       100          0          0          0          0         68   retnan.o
        92          0          0          0          0         68   scalbn.o
        48          0          0          0          0         68   trapv.o
         0          0          0          0          0          0   usenofp.o
        62         10          0          0          0        340   dunder.o
       220         16          0          0          0         84   floor.o
        40          0          0          0          0         68   fpclassify.o
       170          0          0          0          0         96   poly.o
      2488        190        136          0          0        300   pow.o
         0          0          8          0          0          0   qnan.o
        76          0          0          0          0         84   sqrt.o

    ----------------------------------------------------------------------
     18118        938        703          0        100      10976   Library Totals
        30          0          8          0          4          0   (incl. Padding)

    ----------------------------------------------------------------------

      Code (inc. data)   RO Data    RW Data    ZI Data      Debug   Library Name

      9900        366        551          0         96       6956   c_w.l
      5132        356          0          0          0       3048   fz_ws.l
      3056        216        144          0          0        972   m_ws.l

    ----------------------------------------------------------------------
     18118        938        703          0        100      10976   Library Totals

    ----------------------------------------------------------------------

==============================================================================


      Code (inc. data)   RO Data    RW Data    ZI Data      Debug   

     48542       3686       3534        748       3236     426616   Grand Totals
     48542       3686       3534        260       3236     426616   ELF Image Totals (compressed)
     48542       3686       3534        260          0          0   ROM Totals

==============================================================================

    Total RO  Size (Code + RO Data)                52076 (  50.86kB)
    Total RW  Size (RW Data + ZI Data)              3984 (   3.89kB)
    Total ROM Size (Code + RO Data + RW Data)      52336 (  51.11kB)

==============================================================================

