Component: ARM Compiler 5.05 update 1 (build 106) Tool: armlink [4d0efa]

==============================================================================

Section Cross References

    stm32f10x_it.o(.text) refers to usart.o(.text) for UsartPrintf
    system_stm32f10x.o(.text) refers to system_stm32f10x.o(.data) for SystemCoreClock
    startup_stm32f10x_md.o(STACK) refers (Special) to heapauxi.o(.text) for __use_two_region_memory
    startup_stm32f10x_md.o(HEAP) refers (Special) to heapauxi.o(.text) for __use_two_region_memory
    startup_stm32f10x_md.o(RESET) refers (Special) to heapauxi.o(.text) for __use_two_region_memory
    startup_stm32f10x_md.o(RESET) refers to startup_stm32f10x_md.o(STACK) for __initial_sp
    startup_stm32f10x_md.o(RESET) refers to startup_stm32f10x_md.o(.text) for Reset_Handler
    startup_stm32f10x_md.o(RESET) refers to stm32f10x_it.o(.text) for NMI_Handler
    startup_stm32f10x_md.o(RESET) refers to key.o(.text) for EXTI1_IRQHandler
    startup_stm32f10x_md.o(RESET) refers to usart.o(.text) for USART1_IRQHandler
    startup_stm32f10x_md.o(RESET) refers to esp8266.o(.text) for USART2_IRQHandler
    startup_stm32f10x_md.o(.text) refers (Special) to heapauxi.o(.text) for __use_two_region_memory
    startup_stm32f10x_md.o(.text) refers to system_stm32f10x.o(.text) for SystemInit
    startup_stm32f10x_md.o(.text) refers to __main.o(!!!main) for __main
    startup_stm32f10x_md.o(.text) refers to startup_stm32f10x_md.o(HEAP) for Heap_Mem
    startup_stm32f10x_md.o(.text) refers to startup_stm32f10x_md.o(STACK) for Stack_Mem
    stm32f10x_gpio.o(.text) refers to stm32f10x_rcc.o(.text) for RCC_APB2PeriphResetCmd
    stm32f10x_rcc.o(.text) refers to stm32f10x_rcc.o(.data) for APBAHBPrescTable
    stm32f10x_usart.o(.text) refers to stm32f10x_rcc.o(.text) for RCC_APB2PeriphResetCmd
    stm32f10x_adc.o(.text) refers to stm32f10x_rcc.o(.text) for RCC_APB2PeriphResetCmd
    delay.o(.text) refers to delay.o(.data) for UsCount
    usart.o(.text) refers to stm32f10x_rcc.o(.text) for RCC_APB2PeriphClockCmd
    usart.o(.text) refers to stm32f10x_gpio.o(.text) for GPIO_Init
    usart.o(.text) refers to stm32f10x_usart.o(.text) for USART_Init
    usart.o(.text) refers to misc.o(.text) for NVIC_Init
    usart.o(.text) refers to vsnprintf.o(.text) for vsnprintf
    led.o(.text) refers to stm32f10x_gpio.o(.text) for GPIO_WriteBit
    led.o(.text) refers to stm32f10x_rcc.o(.text) for RCC_APB2PeriphClockCmd
    led.o(.text) refers to led.o(.data) for led_info
    key.o(.text) refers to stm32f10x_rcc.o(.text) for RCC_APB2PeriphClockCmd
    key.o(.text) refers to stm32f10x_gpio.o(.text) for GPIO_Init
    key.o(.text) refers to stm32f10x_exti.o(.text) for EXTI_Init
    key.o(.text) refers to misc.o(.text) for NVIC_Init
    key.o(.text) refers to delay.o(.text) for DelayXms
    key.o(.text) refers to led.o(.text) for Led_Set
    key.o(.text) refers to led.o(.data) for led_info
    bsp_adc.o(.text) refers to stm32f10x_rcc.o(.text) for RCC_APB2PeriphClockCmd
    bsp_adc.o(.text) refers to stm32f10x_adc.o(.text) for ADC_Init
    tds.o(.text) refers to stm32f10x_rcc.o(.text) for RCC_APB2PeriphClockCmd
    tds.o(.text) refers to stm32f10x_gpio.o(.text) for GPIO_Init
    tds.o(.text) refers to bsp_adc.o(.text) for ADCx_Init
    tds.o(.text) refers to delay.o(.text) for DelayXms
    tds.o(.text) refers to fflt_clz.o(x$fpl$ffltu) for __aeabi_ui2f
    tds.o(.text) refers to faddsub_clz.o(x$fpl$fadd) for __aeabi_fadd
    tds.o(.text) refers to fdiv.o(x$fpl$fdiv) for __aeabi_fdiv
    tds.o(.text) refers to f2d.o(x$fpl$f2d) for __aeabi_f2d
    tds.o(.text) refers to ddiv.o(x$fpl$ddiv) for __aeabi_ddiv
    tds.o(.text) refers to dmul.o(x$fpl$dmul) for __aeabi_dmul
    tds.o(.text) refers to d2f.o(x$fpl$d2f) for __aeabi_d2f
    tds.o(.text) refers to daddsub_clz.o(x$fpl$dsub) for __aeabi_dsub
    tds.o(.text) refers to daddsub_clz.o(x$fpl$dadd) for __aeabi_dadd
    tds.o(.text) refers to fleqf.o(x$fpl$fleqf) for __aeabi_cfcmple
    hx711.o(.text) refers to stm32f10x_rcc.o(.text) for RCC_APB2PeriphClockCmd
    hx711.o(.text) refers to stm32f10x_gpio.o(.text) for GPIO_Init
    hx711.o(.text) refers to delay.o(.text) for DelayUs
    hx711.o(.text) refers to fflt_clz.o(x$fpl$fflt) for __aeabi_i2f
    hx711.o(.text) refers to f2d.o(x$fpl$f2d) for __aeabi_f2d
    hx711.o(.text) refers to ddiv.o(x$fpl$ddiv) for __aeabi_ddiv
    hx711.o(.text) refers to dfix.o(x$fpl$dfix) for __aeabi_d2iz
    hx711.o(.text) refers to hx711.o(.data) for Weight_Maopi
    sys.o(.text) refers to misc.o(.text) for NVIC_PriorityGroupConfig
    ds18b20.o(.text) refers to _printf_pad.o(.text) for _printf_pre_padding
    ds18b20.o(.text) refers to _printf_percent.o(.ARM.Collect$$_printf_percent$$00000000) for _printf_percent
    ds18b20.o(.text) refers to _printf_f.o(.ARM.Collect$$_printf_percent$$00000003) for _printf_f
    ds18b20.o(.text) refers to printf1.o(x$fpl$printf1) for _printf_fp_dec
[...]
    .text                                    0x080031c6   Section       68  rt_memclr.o(.text)
    .text                                    0x0800320a   Section       78  rt_memclr_w.o(.text)
    .text                                    0x08003258   Section        0  heapauxi.o(.text)
    .text                                    0x08003260   Section       16  rt_ctype_table.o(.text)
    .text                                    0x08003270   Section        0  _printf_truncate.o(.text)
    .text                                    0x08003294   Section        0  _printf_intcommon.o(.text)
    .text                                    0x08003346   Section        0  _printf_charcount.o(.text)
    .text                                    0x0800336e   Section        0  _printf_fp_dec.o(.text)
    _fp_digits                               0x08003371   Thumb Code   428  _printf_fp_dec.o(.text)
    .text                                    0x08003788   Section        0  _printf_char_common.o(.text)
    _printf_input_char                       0x08003789   Thumb Code    10  _printf_char_common.o(.text)
    .text                                    0x080037b8   Section        0  _sputc.o(.text)
    .text                                    0x080037c2   Section        0  _snputc.o(.text)
    .text                                    0x080037d2   Section        0  _printf_char.o(.text)
    .text                                    0x08003800   Section        0  _printf_wctomb.o(.text)
    .text                                    0x080038bc   Section        0  _printf_longlong_dec.o(.text)
    .text                                    0x08003938   Section        0  _printf_oct_int_ll.o(.text)
    _printf_longlong_oct_internal            0x08003939   Thumb Code     0  _printf_oct_int_ll.o(.text)
    .text                                    0x080039a8   Section        8  libspace.o(.text)
    .text                                    0x080039b0   Section        8  rt_locale_intlibspace.o(.text)
    .text                                    0x080039b8   Section      138  lludiv10.o(.text)
    .text                                    0x08003a44   Section        0  _printf_fp_hex.o(.text)
    .text                                    0x08003d40   Section        0  _printf_fp_infnan.o(.text)
    .text                                    0x08003dc0   Section        0  _printf_wchar.o(.text)
    .text                                    0x08003dec   Section        0  bigflt0.o(.text)
    .text                                    0x08003ec8   Section        0  _wcrtomb.o(.text)
    .text                                    0x08003f08   Section        2  use_no_semi.o(.text)
    .text                                    0x08003f0a   Section        0  indicate_semi.o(.text)
    .text                                    0x08003f0a   Section       74  sys_stackheap_outer.o(.text)
    .text                                    0x08003f54   Section        0  exit.o(.text)
    .text                                    0x08003f60   Section      128  strcmpv7m.o(.text)
    .text                                    0x08003fe0   Section        0  sys_exit.o(.text)
    CL$$btod_d2e                             0x08003fec   Section       62  btod.o(CL$$btod_d2e)
    CL$$btod_d2e_denorm_low                  0x0800402a   Section       70  btod.o(CL$$btod_d2e_denorm_low)
    CL$$btod_d2e_norm_op1                    0x08004070   Section       96  btod.o(CL$$btod_d2e_norm_op1)
    CL$$btod_div_common                      0x080040d0   Section      824  btod.o(CL$$btod_div_common)
    CL$$btod_e2e                             0x08004408   Section      198  btod.o(CL$$btod_e2e)
    CL$$btod_ediv                            0x080044ce   Section       40  btod.o(CL$$btod_ediv)
    CL$$btod_emul                            0x080044f6   Section       40  btod.o(CL$$btod_emul)
    CL$$btod_mult_common                     0x0800451e   Section      580  btod.o(CL$$btod_mult_common)
    i.__ARM_fpclassify                       0x08004762   Section        0  fpclassify.o(i.__ARM_fpclassify)
    i._is_digit                              0x0800478a   Section        0  __printf_wp.o(i._is_digit)
    locale$$code                             0x08004798   Section       44  lc_ctype_c.o(locale$$code)
    locale$$code                             0x080047c4   Section       44  lc_numeric_c.o(locale$$code)
    x$fpl$d2f                                0x080047f0   Section       98  d2f.o(x$fpl$d2f)
    x$fpl$dadd                               0x08004854   Section      336  daddsub_clz.o(x$fpl$dadd)
    _dadd1                                   0x08004865   Thumb Code     0  daddsub_clz.o(x$fpl$dadd)
    x$fpl$ddiv                               0x080049a4   Section      688  ddiv.o(x$fpl$ddiv)
    ddiv_entry                               0x080049ab   Thumb Code     0  ddiv.o(x$fpl$ddiv)
    x$fpl$dfix                               0x08004c54   Section       94  dfix.o(x$fpl$dfix)
    x$fpl$dflt                               0x08004cb2   Section       46  dflt_clz.o(x$fpl$dflt)
    x$fpl$dmul                               0x08004ce0   Section      340  dmul.o(x$fpl$dmul)
    x$fpl$dnaninf                            0x08004e34   Section      156  dnaninf.o(x$fpl$dnaninf)
    x$fpl$dretinf                            0x08004ed0   Section       12  dretinf.o(x$fpl$dretinf)
    x$fpl$dsub                               0x08004edc   Section      468  daddsub_clz.o(x$fpl$dsub)
    _dsub1                                   0x08004eed   Thumb Code     0  daddsub_clz.o(x$fpl$dsub)
    x$fpl$f2d                                0x080050b0   Section       86  f2d.o(x$fpl$f2d)
    x$fpl$fadd                               0x08005108   Section      196  faddsub_clz.o(x$fpl$fadd)
    _fadd1                                   0x08005117   Thumb Code     0  faddsub_clz.o(x$fpl$fadd)
    x$fpl$fcmpinf                            0x080051cc   Section       24  fcmpi.o(x$fpl$fcmpinf)
    x$fpl$fdiv                               0x080051e4   Section      388  fdiv.o(x$fpl$fdiv)
    _fdiv1                                   0x080051e5   Thumb Code     0  fdiv.o(x$fpl$fdiv)
    x$fpl$ffixu                              0x08005368   Section       62  ffixu.o(x$fpl$ffixu)
    x$fpl$fflt                               0x080053a8   Section       48  fflt_clz.o(x$fpl$fflt)
    x$fpl$ffltu                              0x080053d8   Section       38  fflt_clz.o(x$fpl$ffltu)
    x$fpl$fleqf                              0x08005400   Section      104  fleqf.o(x$fpl$fleqf)
    x$fpl$fnaninf                            0x08005468   Section      140  fnaninf.o(x$fpl$fnaninf)
    x$fpl$fretinf                            0x080054f4   Section       10  fretinf.o(x$fpl$fretinf)
    x$fpl$frleqf                             0x080054fe   Section       98  frleqf.o(x$fpl$frleqf)
    x$fpl$fsub                               0x08005560   Section      234  faddsub_clz.o(x$fpl$fsub)
    _fsub1                                   0x0800556f   Thumb Code     0  faddsub_clz.o(x$fpl$fsub)
    x$fpl$printf1                            0x0800564a   Section        4  printf1.o(x$fpl$printf1)
    x$fpl$printf2                            0x0800564e   Section        4  printf2.o(x$fpl$printf2)
    .constdata                               0x08005652   Section     2072  oled.o(.constdata)
    x$fpl$usenofp                            0x08005652   Section        0  usenofp.o(x$fpl$usenofp)
    .constdata                               0x08005e6a   Section       40  _printf_hex_int_ll_ptr.o(.constdata)
    uc_hextab                                0x08005e6a   Data          20  _printf_hex_int_ll_ptr.o(.constdata)
    lc_hextab                                0x08005e7e   Data          20  _printf_hex_int_ll_ptr.o(.constdata)
    .constdata                               0x08005e92   Section       17  __printf_flags_ss_wp.o(.constdata)
    maptable                                 0x08005e92   Data          17  __printf_flags_ss_wp.o(.constdata)
    .constdata                               0x08005ea4   Section        8  _printf_wctomb.o(.constdata)
    initial_mbstate                          0x08005ea4   Data           8  _printf_wctomb.o(.constdata)
    .constdata                               0x08005eac   Section       38  _printf_fp_hex.o(.constdata)
    lc_hextab                                0x08005eac   Data          19  _printf_fp_hex.o(.constdata)
    uc_hextab                                0x08005ebf   Data          19  _printf_fp_hex.o(.constdata)
    .constdata                               0x08005ed4   Section      148  bigflt0.o(.constdata)
    tenpwrs_x                                0x08005ed4   Data          60  bigflt0.o(.constdata)
    tenpwrs_i                                0x08005f10   Data          64  bigflt0.o(.constdata)
    locale$$data                             0x08005f88   Section      272  lc_ctype_c.o(locale$$data)
    __lcctype_c_name                         0x08005f8c   Data           2  lc_ctype_c.o(locale$$data)
    __lcctype_c_start                        0x08005f94   Data           0  lc_ctype_c.o(locale$$data)
    locale$$data                             0x08006098   Section       28  lc_numeric_c.o(locale$$data)
    __lcctype_c_end                          0x08006098   Data           0  lc_ctype_c.o(locale$$data)
    __lcnum_c_name                           0x0800609c   Data           2  lc_numeric_c.o(locale$$data)
    __lcnum_c_start                          0x080060a4   Data           0  lc_numeric_c.o(locale$$data)
    __lcnum_c_point                          0x080060b0   Data           0  lc_numeric_c.o(locale$$data)
    __lcnum_c_thousands                      0x080060b2   Data           0  lc_numeric_c.o(locale$$data)
    __lcnum_c_grouping                       0x080060b3   Data           0  lc_numeric_c.o(locale$$data)
    __lcnum_c_end                            0x080060b4   Data           0  lc_numeric_c.o(locale$$data)
    .data                                    0x20000000   Section       20  system_stm32f10x.o(.data)
    .data                                    0x20000014   Section       20  stm32f10x_rcc.o(.data)
    APBAHBPrescTable                         0x20000014   Data          16  stm32f10x_rcc.o(.data)
    ADCPrescTable                            0x20000024   Data           4  stm32f10x_rcc.o(.data)
    .data                                    0x20000028   Section        4  delay.o(.data)
    .data                                    0x2000002c   Section        1  led.o(.data)
    .data                                    0x20000030   Section       13  hx711.o(.data)
    .data                                    0x20000040   Section       14  main.o(.data)
    .data                                    0x2000004e   Section        4  esp8266.o(.data)
    .data                                    0x20000052   Section      640  oled.o(.data)
    .bss                                     0x200002d4   Section      512  esp8266.o(.bss)
    .bss                                     0x200004d4   Section       96  libspace.o(.bss)
    HEAP                                     0x20000538   Section      512  startup_stm32f10x_md.o(HEAP)
    Heap_Mem                                 0x20000538   Data         512  startup_stm32f10x_md.o(HEAP)
    STACK                                    0x20000738   Section     2048  startup_stm32f10x_md.o(STACK)
    Stack_Mem                                0x20000738   Data        2048  startup_stm32f10x_md.o(STACK)
    __initial_sp                             0x20000f38   Data           0  startup_stm32f10x_md.o(STACK)

    Global Symbols

    Symbol Name                              Value     Ov Type        Size  Object(Section)

    BuildAttributes$$THM_ISAv4$P$D$K$B$S$PE$A:L22UL41UL21$X:L11$S22US41US21$IEEE1$IW$USESV6$~STKCKD$USESV7$~SHL$OTIME$ROPI$IEEEX$EBA8$UX$STANDARDLIB$REQ8$PRES8$EABIv2 0x00000000   Number         0  anon$$obj.o ABSOLUTE
    __ARM_use_no_argv                        0x00000000   Number         0  main.o ABSOLUTE
    _printf_flags                            0x00000000   Number         0  printf_stubs.o ABSOLUTE
    _printf_return_value                     0x00000000   Number         0  printf_stubs.o ABSOLUTE
    _printf_sizespec                         0x00000000   Number         0  printf_stubs.o ABSOLUTE
    _printf_widthprec                        0x00000000   Number         0  printf_stubs.o ABSOLUTE
    __ARM_exceptions_init                     - Undefined Weak Reference
    __alloca_initialize                       - Undefined Weak Reference
    __arm_preinit_                            - Undefined Weak Reference
    __cpp_initialize__aeabi_                  - Undefined Weak Reference
    __cxa_finalize                            - Undefined Weak Reference
    __sigvec_lookup                           - Undefined Weak Reference
    __user_heap_extent                        - Undefined Weak Reference
    _atexit_init                              - Undefined Weak Reference
    _call_atexit_fns                          - Undefined Weak Reference
    _clock_init                               - Undefined Weak Reference
    _fp_trap_init                             - Undefined Weak Reference
    _fp_trap_shutdown                         - Undefined Weak Reference
    _get_lc_collate                           - Undefined Weak Reference
    _get_lc_monetary                          - Undefined Weak Reference
    _get_lc_time                              - Undefined Weak Reference
    _getenv_init                              - Undefined Weak Reference
    _handle_redirection                       - Undefined Weak Reference
    _initio                                   - Undefined Weak Reference
    _mutex_acquire                            - Undefined Weak Reference
    _mutex_free                               - Undefined Weak Reference
    _mutex_release                            - Undefined Weak Reference
    _printf_mbtowc                            - Undefined Weak Reference
    _printf_wc                                - Undefined Weak Reference
    _rand_init                                - Undefined Weak Reference
    _scanf_longlong                           - Undefined Weak Reference
    _scanf_mbtowc                             - Undefined Weak Reference
    _scanf_real                               - Undefined Weak Reference
    _scanf_wctomb                             - Undefined Weak Reference
    _scanf_wstring                            - Undefined Weak Reference
    _signal_finish                            - Undefined Weak Reference
    _signal_init                              - Undefined Weak Reference
    _terminateio                              - Undefined Weak Reference
    __Vectors_Size                           0x000000ec   Number         0  startup_stm32f10x_md.o ABSOLUTE
    __Vectors                                0x08000000   Data           4  startup_stm32f10x_md.o(RESET)
    __Vectors_End                            0x080000ec   Data           0  startup_stm32f10x_md.o(RESET)
    __main                                   0x080000ed   Thumb Code     8  __main.o(!!!main)
    __scatterload                            0x080000f5   Thumb Code     0  __scatter.o(!!!scatter)
    __scatterload_rt2                        0x080000f5   Thumb Code    44  __scatter.o(!!!scatter)
    __scatterload_rt2_thumb_only             0x080000f5   Thumb Code     0  __scatter.o(!!!scatter)
    __scatterload_null                       0x08000103   Thumb Code     0  __scatter.o(!!!scatter)
    __decompress                             0x08000129   Thumb Code    90  __dczerorl2.o(!!dczerorl2)
    __decompress1                            0x08000129   Thumb Code     0  __dczerorl2.o(!!dczerorl2)
    __scatterload_zeroinit                   0x08000185   Thumb Code    28  __scatter_zi.o(!!handler_zi)
    _printf_n                                0x080001a1   Thumb Code     0  _printf_n.o(.ARM.Collect$$_printf_percent$$00000001)
    _printf_percent                          0x080001a1   Thumb Code     0  _printf_percent.o(.ARM.Collect$$_printf_percent$$00000000)
    _printf_p                                0x080001a7   Thumb Code     0  _printf_p.o(.ARM.Collect$$_printf_percent$$00000002)
    _printf_f                                0x080001ad   Thumb Code     0  _printf_f.o(.ARM.Collect$$_printf_percent$$00000003)
    _printf_e                                0x080001b3   Thumb Code     0  _printf_e.o(.ARM.Collect$$_printf_percent$$00000004)
    _printf_g                                0x080001b9   Thumb Code     0  _printf_g.o(.ARM.Collect$$_printf_percent$$00000005)
    _printf_a                                0x080001bf   Thumb Code     0  _printf_a.o(.ARM.Collect$$_printf_percent$$00000006)
    _printf_ll                               0x080001c5   Thumb Code     0  _printf_ll.o(.ARM.Collect$$_printf_percent$$00000007)
    _printf_i                                0x080001cf   Thumb Code     0  _printf_i.o(.ARM.Collect$$_printf_percent$$00000008)
    _printf_d                                0x080001d5   Thumb Code     0  _printf_d.o(.ARM.Collect$$_printf_percent$$00000009)
    _printf_u                                0x080001db   Thumb Code     0  _printf_u.o(.ARM.Collect$$_printf_percent$$0000000A)
    _printf_o                                0x080001e1   Thumb Code     0  _printf_o.o(.ARM.Collect$$_printf_percent$$0000000B)
    _printf_x                                0x080001e7   Thumb Code     0  _printf_x.o(.ARM.Collect$$_printf_percent$$0000000C)
    _printf_lli                              0x080001ed   Thumb Code     0  _printf_lli.o(.ARM.Collect$$_printf_percent$$0000000D)
    _printf_lld                              0x080001f3   Thumb Code     0  _printf_lld.o(.ARM.Collect$$_printf_percent$$0000000E)
    _printf_llu                              0x080001f9   Thumb Code     0  _printf_llu.o(.ARM.Collect$$_printf_percent$$0000000F)
    _printf_llo                              0x080001ff   Thumb Code     0  _printf_llo.o(.ARM.Collect$$_printf_percent$$00000010)
    _printf_llx                              0x08000205   Thumb Code     0  _printf_llx.o(.ARM.Collect$$_printf_percent$$00000011)
    _printf_l                                0x0800020b   Thumb Code     0  _printf_l.o(.ARM.Collect$$_printf_percent$$00000012)
    _printf_c                                0x08000215   Thumb Code     0  _printf_c.o(.ARM.Collect$$_printf_percent$$00000013)
    _printf_s                                0x0800021b   Thumb Code     0  _printf_s.o(.ARM.Collect$$_printf_percent$$00000014)
    _printf_lc                               0x08000221   Thumb Code     0  _printf_lc.o(.ARM.Collect$$_printf_percent$$00000015)
    _printf_ls                               0x08000227   Thumb Code     0  _printf_ls.o(.ARM.Collect$$_printf_percent$$00000016)
    _printf_percent_end                      0x0800022d   Thumb Code     0  _printf_percent_end.o(.ARM.Collect$$_printf_percent$$00000017)
    __rt_lib_init                            0x08000231   Thumb Code     0  libinit.o(.ARM.Collect$$libinit$$00000000)
    __rt_lib_init_fp_1                       0x08000233   Thumb Code     0  libinit2.o(.ARM.Collect$$libinit$$00000002)
    __rt_lib_init_heap_1                     0x08000233   Thumb Code     0  libinit2.o(.ARM.Collect$$libinit$$0000000A)
    __rt_lib_init_lc_common                  0x08000233   Thumb Code     0  libinit2.o(.ARM.Collect$$libinit$$0000000F)
    __rt_lib_init_preinit_1                  0x08000233   Thumb Code     0  libinit2.o(.ARM.Collect$$libinit$$00000004)
    __rt_lib_init_rand_1                     0x08000233   Thumb Code     0  libinit2.o(.ARM.Collect$$libinit$$0000000E)
    __rt_lib_init_user_alloc_1               0x08000233   Thumb Code     0  libinit2.o(.ARM.Collect$$libinit$$0000000C)
    __rt_lib_init_lc_collate_1               0x08000239   Thumb Code     0  libinit2.o(.ARM.Collect$$libinit$$00000011)
    __rt_lib_init_lc_ctype_2                 0x08000239   Thumb Code     0  libinit2.o(.ARM.Collect$$libinit$$00000012)
    __rt_lib_init_lc_ctype_1                 0x08000245   Thumb Code     0  libinit2.o(.ARM.Collect$$libinit$$00000013)
    __rt_lib_init_lc_monetary_1              0x08000245   Thumb Code     0  libinit2.o(.ARM.Collect$$libinit$$00000015)
    __rt_lib_init_lc_numeric_2               0x08000245   Thumb Code     0  libinit2.o(.ARM.Collect$$libinit$$00000016)
    __rt_lib_init_alloca_1                   0x0800024f   Thumb Code     0  libinit2.o(.ARM.Collect$$libinit$$0000002E)
    __rt_lib_init_argv_1                     0x0800024f   Thumb Code     0  libinit2.o(.ARM.Collect$$libinit$$0000002C)
    __rt_lib_init_atexit_1                   0x0800024f   Thumb Code     0  libinit2.o(.ARM.Collect$$libinit$$0000001B)
    __rt_lib_init_clock_1                    0x0800024f   Thumb Code     0  libinit2.o(.ARM.Collect$$libinit$$00000021)
    __rt_lib_init_cpp_1                      0x0800024f   Thumb Code     0  libinit2.o(.ARM.Collect$$libinit$$00000032)
    __rt_lib_init_exceptions_1               0x0800024f   Thumb Code     0  libinit2.o(.ARM.Collect$$libinit$$00000030)
    __rt_lib_init_fp_trap_1                  0x0800024f   Thumb Code     0  libinit2.o(.ARM.Collect$$libinit$$0000001F)
    __rt_lib_init_getenv_1                   0x0800024f   Thumb Code     0  libinit2.o(.ARM.Collect$$libinit$$00000023)
    __rt_lib_init_lc_numeric_1               0x0800024f   Thumb Code     0  libinit2.o(.ARM.Collect$$libinit$$00000017)
    __rt_lib_init_lc_time_1                  0x0800024f   Thumb Code     0  libinit2.o(.ARM.Collect$$libinit$$00000019)
    __rt_lib_init_return                     0x0800024f   Thumb Code     0  libinit2.o(.ARM.Collect$$libinit$$00000033)
    __rt_lib_init_signal_1                   0x0800024f   Thumb Code     0  libinit2.o(.ARM.Collect$$libinit$$0000001D)
    __rt_lib_init_stdio_1                    0x0800024f   Thumb Code     0  libinit2.o(.ARM.Collect$$libinit$$00000025)
    __rt_lib_shutdown                        0x08000251   Thumb Code     0  libshutdown.o(.ARM.Collect$$libshutdown$$00000000)
    __rt_lib_shutdown_fp_trap_1              0x08000253   Thumb Code     0  libshutdown2.o(.ARM.Collect$$libshutdown$$00000006)
    __rt_lib_shutdown_heap_1                 0x08000253   Thumb Code     0  libshutdown2.o(.ARM.Collect$$libshutdown$$0000000E)
    __rt_lib_shutdown_return                 0x08000253   Thumb Code     0  libshutdown2.o(.ARM.Collect$$libshutdown$$0000000F)
    __rt_lib_shutdown_signal_1               0x08000253   Thumb Code     0  libshutdown2.o(.ARM.Collect$$libshutdown$$00000009)
    __rt_lib_shutdown_stdio_1                0x08000253   Thumb Code     0  libshutdown2.o(.ARM.Collect$$libshutdown$$00000003)
    __rt_lib_shutdown_user_alloc_1           0x08000253   Thumb Code     0  libshutdown2.o(.ARM.Collect$$libshutdown$$0000000B)
    __rt_entry                               0x08000255   Thumb Code     0  __rtentry.o(.ARM.Collect$$rtentry$$00000000)
    __rt_entry_presh_1                       0x08000255   Thumb Code     0  __rtentry2.o(.ARM.Collect$$rtentry$$00000002)
    __rt_entry_sh                            0x08000255   Thumb Code     0  __rtentry4.o(.ARM.Collect$$rtentry$$00000004)
    __rt_entry_li                            0x0800025b   Thumb Code     0  __rtentry2.o(.ARM.Collect$$rtentry$$0000000A)
    __rt_entry_postsh_1                      0x0800025b   Thumb Code     0  __rtentry2.o(.ARM.Collect$$rtentry$$00000009)
    __rt_entry_main                          0x0800025f   Thumb Code     0  __rtentry2.o(.ARM.Collect$$rtentry$$0000000D)
    __rt_entry_postli_1                      0x0800025f   Thumb Code     0  __rtentry2.o(.ARM.Collect$$rtentry$$0000000C)
    __rt_exit                                0x08000267   Thumb Code     0  rtexit.o(.ARM.Collect$$rtexit$$00000000)
    __rt_exit_ls                             0x08000269   Thumb Code     0  rtexit2.o(.ARM.Collect$$rtexit$$00000003)
    __rt_exit_prels_1                        0x08000269   Thumb Code     0  rtexit2.o(.ARM.Collect$$rtexit$$00000002)
    __rt_exit_exit                           0x0800026d   Thumb Code     0  rtexit2.o(.ARM.Collect$$rtexit$$00000004)
    NMI_Handler                              0x08000275   Thumb Code     2  stm32f10x_it.o(.text)
    HardFault_Handler                        0x08000277   Thumb Code    12  stm32f10x_it.o(.text)
    MemManage_Handler                        0x08000283   Thumb Code    12  stm32f10x_it.o(.text)
    BusFault_Handler                         0x0800028f   Thumb Code    12  stm32f10x_it.o(.text)
    UsageFault_Handler                       0x0800029b   Thumb Code    12  stm32f10x_it.o(.text)
    SVC_Handler                              0x080002a7   Thumb Code     2  stm32f10x_it.o(.text)
    DebugMon_Handler                         0x080002a9   Thumb Code     2  stm32f10x_it.o(.text)
    SysTick_Handler                          0x080002ab   Thumb Code     2  stm32f10x_it.o(.text)
    EXTI0_IRQHandler                         0x080002ad   Thumb Code     2  stm32f10x_it.o(.text)
    RTC_IRQHandler                           0x080002af   Thumb Code     2  stm32f10x_it.o(.text)
    SystemInit                               0x08000487   Thumb Code    78  system_stm32f10x.o(.text)
    SystemCoreClockUpdate                    0x080004d5   Thumb Code   142  system_stm32f10x.o(.text)
    Reset_Handler                            0x08000589   Thumb Code     8  startup_stm32f10x_md.o(.text)
    PendSV_Handler                           0x0800059f   Thumb Code     2  startup_stm32f10x_md.o(.text)
    ADC1_2_IRQHandler                        0x080005a3   Thumb Code     0  startup_stm32f10x_md.o(.text)
    CAN1_RX1_IRQHandler                      0x080005a3   Thumb Code     0  startup_stm32f10x_md.o(.text)
    CAN1_SCE_IRQHandler                      0x080005a3   Thumb Code     0  startup_stm32f10x_md.o(.text)
    DMA1_Channel1_IRQHandler                 0x080005a3   Thumb Code     0  startup_stm32f10x_md.o(.text)
    DMA1_Channel2_IRQHandler                 0x080005a3   Thumb Code     0  startup_stm32f10x_md.o(.text)
    DMA1_Channel3_IRQHandler                 0x080005a3   Thumb Code     0  startup_stm32f10x_md.o(.text)
    DMA1_Channel4_IRQHandler                 0x080005a3   Thumb Code     0  startup_stm32f10x_md.o(.text)
    DMA1_Channel5_IRQHandler                 0x080005a3   Thumb Code     0  startup_stm32f10x_md.o(.text)
    DMA1_Channel6_IRQHandler                 0x080005a3   Thumb Code     0  startup_stm32f10x_md.o(.text)
    DMA1_Channel7_IRQHandler                 0x080005a3   Thumb Code     0  startup_stm32f10x_md.o(.text)
    EXTI15_10_IRQHandler                     0x080005a3   Thumb Code     0  startup_stm32f10x_md.o(.text)
    EXTI2_IRQHandler                         0x080005a3   Thumb Code     0  startup_stm32f10x_md.o(.text)
    EXTI3_IRQHandler                         0x080005a3   Thumb Code     0  startup_stm32f10x_md.o(.text)
    EXTI4_IRQHandler                         0x080005a3   Thumb Code     0  startup_stm32f10x_md.o(.text)
    EXTI9_5_IRQHandler                       0x080005a3   Thumb Code     0  startup_stm32f10x_md.o(.text)
    FLASH_IRQHandler                         0x080005a3   Thumb Code     0  startup_stm32f10x_md.o(.text)
    I2C1_ER_IRQHandler                       0x080005a3   Thumb Code     0  startup_stm32f10x_md.o(.text)
    I2C1_EV_IRQHandler                       0x080005a3   Thumb Code     0  startup_stm32f10x_md.o(.text)
    I2C2_ER_IRQHandler                       0x080005a3   Thumb Code     0  startup_stm32f10x_md.o(.text)
    I2C2_EV_IRQHandler                       0x080005a3   Thumb Code     0  startup_stm32f10x_md.o(.text)
    PVD_IRQHandler                           0x080005a3   Thumb Code     0  startup_stm32f10x_md.o(.text)
    RCC_IRQHandler                           0x080005a3   Thumb Code     0  startup_stm32f10x_md.o(.text)
    RTCAlarm_IRQHandler                      0x080005a3   Thumb Code     0  startup_stm32f10x_md.o(.text)
    SPI1_IRQHandler                          0x080005a3   Thumb Code     0  startup_stm32f10x_md.o(.text)
    SPI2_IRQHandler                          0x080005a3   Thumb Code     0  startup_stm32f10x_md.o(.text)
    TAMPER_IRQHandler                        0x080005a3   Thumb Code     0  startup_stm32f10x_md.o(.text)
    TIM1_BRK_IRQHandler                      0x080005a3   Thumb Code     0  startup_stm32f10x_md.o(.text)
    TIM1_CC_IRQHandler                       0x080005a3   Thumb Code     0  startup_stm32f10x_md.o(.text)
    TIM1_TRG_COM_IRQHandler                  0x080005a3   Thumb Code     0  startup_stm32f10x_md.o(.text)
    TIM1_UP_IRQHandler                       0x080005a3   Thumb Code     0  startup_stm32f10x_md.o(.text)
    TIM2_IRQHandler                          0x080005a3   Thumb Code     0  startup_stm32f10x_md.o(.text)
    TIM3_IRQHandler                          0x080005a3   Thumb Code     0  startup_stm32f10x_md.o(.text)
    TIM4_IRQHandler                          0x080005a3   Thumb Code     0  startup_stm32f10x_md.o(.text)
    USART3_IRQHandler                        0x080005a3   Thumb Code     0  startup_stm32f10x_md.o(.text)
    USBWakeUp_IRQHandler                     0x080005a3   Thumb Code     0  startup_stm32f10x_md.o(.text)
    USB_HP_CAN1_TX_IRQHandler                0x080005a3   Thumb Code     0  startup_stm32f10x_md.o(.text)
    USB_LP_CAN1_RX0_IRQHandler               0x080005a3   Thumb Code     0  startup_stm32f10x_md.o(.text)
    WWDG_IRQHandler                          0x080005a3   Thumb Code     0  startup_stm32f10x_md.o(.text)
    __user_initial_stackheap                 0x080005a5   Thumb Code     0  startup_stm32f10x_md.o(.text)
    NVIC_PriorityGroupConfig                 0x080005c9   Thumb Code    10  misc.o(.text)
    NVIC_Init                                0x080005d3   Thumb Code   100  misc.o(.text)
    NVIC_SetVectorTable                      0x08000637   Thumb Code    14  misc.o(.text)
    NVIC_SystemLPConfig                      0x08000645   Thumb Code    34  misc.o(.text)
    SysTick_CLKSourceConfig                  0x08000667   Thumb Code    40  misc.o(.text)
    GPIO_DeInit                              0x080006a5   Thumb Code   172  stm32f10x_gpio.o(.text)
    GPIO_AFIODeInit                          0x08000751   Thumb Code    20  stm32f10x_gpio.o(.text)
    GPIO_Init                                0x08000765   Thumb Code   278  stm32f10x_gpio.o(.text)
    GPIO_StructInit                          0x0800087b   Thumb Code    16  stm32f10x_gpio.o(.text)
    GPIO_ReadInputDataBit                    0x0800088b   Thumb Code    18  stm32f10x_gpio.o(.text)
    GPIO_ReadInputData                       0x0800089d   Thumb Code     8  stm32f10x_gpio.o(.text)
    GPIO_ReadOutputDataBit                   0x080008a5   Thumb Code    18  stm32f10x_gpio.o(.text)
    GPIO_ReadOutputData                      0x080008b7   Thumb Code     8  stm32f10x_gpio.o(.text)
    GPIO_SetBits                             0x080008bf   Thumb Code     4  stm32f10x_gpio.o(.text)
    GPIO_ResetBits                           0x080008c3   Thumb Code     4  stm32f10x_gpio.o(.text)
    GPIO_WriteBit                            0x080008c7   Thumb Code    10  stm32f10x_gpio.o(.text)
    GPIO_Write                               0x080008d1   Thumb Code     4  stm32f10x_gpio.o(.text)
    GPIO_PinLockConfig                       0x080008d5   Thumb Code    18  stm32f10x_gpio.o(.text)
    GPIO_EventOutputConfig                   0x080008e7   Thumb Code    26  stm32f10x_gpio.o(.text)
    GPIO_EventOutputCmd                      0x08000901   Thumb Code     6  stm32f10x_gpio.o(.text)
    GPIO_PinRemapConfig                      0x08000907   Thumb Code   138  stm32f10x_gpio.o(.text)
    GPIO_EXTILineConfig                      0x08000991   Thumb Code    66  stm32f10x_gpio.o(.text)
    GPIO_ETH_MediaInterfaceConfig            0x080009d3   Thumb Code     8  stm32f10x_gpio.o(.text)
    RCC_DeInit                               0x08000a01   Thumb Code    64  stm32f10x_rcc.o(.text)
    RCC_HSEConfig                            0x08000a41   Thumb Code    70  stm32f10x_rcc.o(.text)
    RCC_GetFlagStatus                        0x08000a87   Thumb Code    56  stm32f10x_rcc.o(.text)
    RCC_WaitForHSEStartUp                    0x08000abf   Thumb Code    56  stm32f10x_rcc.o(.text)
    RCC_AdjustHSICalibrationValue            0x08000af7   Thumb Code    20  stm32f10x_rcc.o(.text)
    RCC_HSICmd                               0x08000b0b   Thumb Code     6  stm32f10x_rcc.o(.text)
    RCC_PLLConfig                            0x08000b11   Thumb Code    24  stm32f10x_rcc.o(.text)
    RCC_PLLCmd                               0x08000b29   Thumb Code     6  stm32f10x_rcc.o(.text)
    RCC_SYSCLKConfig                         0x08000b2f   Thumb Code    18  stm32f10x_rcc.o(.text)
    RCC_GetSYSCLKSource                      0x08000b41   Thumb Code    10  stm32f10x_rcc.o(.text)
    RCC_HCLKConfig                           0x08000b4b   Thumb Code    18  stm32f10x_rcc.o(.text)
    RCC_PCLK1Config                          0x08000b5d   Thumb Code    18  stm32f10x_rcc.o(.text)
    RCC_PCLK2Config                          0x08000b6f   Thumb Code    20  stm32f10x_rcc.o(.text)
    RCC_ITConfig                             0x08000b83   Thumb Code    26  stm32f10x_rcc.o(.text)
    RCC_USBCLKConfig                         0x08000b9d   Thumb Code     8  stm32f10x_rcc.o(.text)
    RCC_ADCCLKConfig                         0x08000ba5   Thumb Code    18  stm32f10x_rcc.o(.text)
    RCC_LSEConfig                            0x08000bb7   Thumb Code    50  stm32f10x_rcc.o(.text)
    RCC_LSICmd                               0x08000be9   Thumb Code     6  stm32f10x_rcc.o(.text)
    RCC_RTCCLKConfig                         0x08000bef   Thumb Code    12  stm32f10x_rcc.o(.text)
    RCC_RTCCLKCmd                            0x08000bfb   Thumb Code     8  stm32f10x_rcc.o(.text)
    RCC_GetClocksFreq                        0x08000c03   Thumb Code   192  stm32f10x_rcc.o(.text)
    RCC_AHBPeriphClockCmd                    0x08000cc3   Thumb Code    26  stm32f10x_rcc.o(.text)
    RCC_APB2PeriphClockCmd                   0x08000cdd   Thumb Code    26  stm32f10x_rcc.o(.text)
    RCC_APB1PeriphClockCmd                   0x08000cf7   Thumb Code    26  stm32f10x_rcc.o(.text)
    RCC_APB2PeriphResetCmd                   0x08000d11   Thumb Code    26  stm32f10x_rcc.o(.text)
    RCC_APB1PeriphResetCmd                   0x08000d2b   Thumb Code    26  stm32f10x_rcc.o(.text)
    RCC_BackupResetCmd                       0x08000d45   Thumb Code     8  stm32f10x_rcc.o(.text)
    RCC_ClockSecuritySystemCmd               0x08000d4d   Thumb Code     6  stm32f10x_rcc.o(.text)
    RCC_MCOConfig                            0x08000d53   Thumb Code     6  stm32f10x_rcc.o(.text)
    RCC_ClearFlag                            0x08000d59   Thumb Code    14  stm32f10x_rcc.o(.text)
    RCC_GetITStatus                          0x08000d67   Thumb Code    20  stm32f10x_rcc.o(.text)
    RCC_ClearITPendingBit                    0x08000d7b   Thumb Code     6  stm32f10x_rcc.o(.text)
    USART_DeInit                             0x08000da5   Thumb Code   134  stm32f10x_usart.o(.text)
    USART_Init                               0x08000e2b   Thumb Code   210  stm32f10x_usart.o(.text)
    USART_StructInit                         0x08000efd   Thumb Code    24  stm32f10x_usart.o(.text)
    USART_ClockInit                          0x08000f15   Thumb Code    34  stm32f10x_usart.o(.text)
    USART_ClockStructInit                    0x08000f37   Thumb Code    12  stm32f10x_usart.o(.text)
    USART_Cmd                                0x08000f43   Thumb Code    24  stm32f10x_usart.o(.text)
    USART_ITConfig                           0x08000f5b   Thumb Code    74  stm32f10x_usart.o(.text)
    USART_DMACmd                             0x08000fa5   Thumb Code    18  stm32f10x_usart.o(.text)
    USART_SetAddress                         0x08000fb7   Thumb Code    18  stm32f10x_usart.o(.text)
    USART_WakeUpConfig                       0x08000fc9   Thumb Code    18  stm32f10x_usart.o(.text)
    USART_ReceiverWakeUpCmd                  0x08000fdb   Thumb Code    24  stm32f10x_usart.o(.text)
    USART_LINBreakDetectLengthConfig         0x08000ff3   Thumb Code    18  stm32f10x_usart.o(.text)
    USART_LINCmd                             0x08001005   Thumb Code    24  stm32f10x_usart.o(.text)
    USART_SendData                           0x0800101d   Thumb Code     8  stm32f10x_usart.o(.text)
    USART_ReceiveData                        0x08001025   Thumb Code    10  stm32f10x_usart.o(.text)
    USART_SendBreak                          0x0800102f   Thumb Code    10  stm32f10x_usart.o(.text)
    USART_SetGuardTime                       0x08001039   Thumb Code    16  stm32f10x_usart.o(.text)
    USART_SetPrescaler                       0x08001049   Thumb Code    16  stm32f10x_usart.o(.text)
    USART_SmartCardCmd                       0x08001059   Thumb Code    24  stm32f10x_usart.o(.text)
    USART_SmartCardNACKCmd                   0x08001071   Thumb Code    24  stm32f10x_usart.o(.text)
    USART_HalfDuplexCmd                      0x08001089   Thumb Code    24  stm32f10x_usart.o(.text)
    USART_OverSampling8Cmd                   0x080010a1   Thumb Code    22  stm32f10x_usart.o(.text)
    USART_OneBitMethodCmd                    0x080010b7   Thumb Code    24  stm32f10x_usart.o(.text)
    USART_IrDAConfig                         0x080010cf   Thumb Code    18  stm32f10x_usart.o(.text)
    USART_IrDACmd                            0x080010e1   Thumb Code    24  stm32f10x_usart.o(.text)
    USART_GetFlagStatus                      0x080010f9   Thumb Code    26  stm32f10x_usart.o(.text)
    USART_ClearFlag                          0x08001113   Thumb Code    18  stm32f10x_usart.o(.text)
    USART_GetITStatus                        0x08001125   Thumb Code    84  stm32f10x_usart.o(.text)
    USART_ClearITPendingBit                  0x08001179   Thumb Code    52  stm32f10x_usart.o(.text)
    EXTI_DeInit                              0x080011ad   Thumb Code    28  stm32f10x_exti.o(.text)
    EXTI_Init                                0x080011c9   Thumb Code   142  stm32f10x_exti.o(.text)
    EXTI_StructInit                          0x08001257   Thumb Code    16  stm32f10x_exti.o(.text)
    EXTI_GenerateSWInterrupt                 0x08001267   Thumb Code    16  stm32f10x_exti.o(.text)
    EXTI_GetFlagStatus                       0x08001277   Thumb Code    22  stm32f10x_exti.o(.text)
    EXTI_ClearFlag                           0x0800128d   Thumb Code     8  stm32f10x_exti.o(.text)
    EXTI_GetITStatus                         0x08001295   Thumb Code    34  stm32f10x_exti.o(.text)
    EXTI_ClearITPendingBit                   0x080012b7   Thumb Code     8  stm32f10x_exti.o(.text)
    ADC_DeInit                               0x080012c9   Thumb Code    78  stm32f10x_adc.o(.text)
    ADC_Init                                 0x08001317   Thumb Code    70  stm32f10x_adc.o(.text)
    ADC_StructInit                           0x0800135d   Thumb Code    18  stm32f10x_adc.o(.text)
    ADC_Cmd                                  0x0800136f   Thumb Code    22  stm32f10x_adc.o(.text)
    ADC_DMACmd                               0x08001385   Thumb Code    22  stm32f10x_adc.o(.text)
    ADC_ITConfig                             0x0800139b   Thumb Code    24  stm32f10x_adc.o(.text)
    ADC_ResetCalibration                     0x080013b3   Thumb Code    10  stm32f10x_adc.o(.text)
    ADC_GetResetCalibrationStatus            0x080013bd   Thumb Code    20  stm32f10x_adc.o(.text)
    ADC_StartCalibration                     0x080013d1   Thumb Code    10  stm32f10x_adc.o(.text)
    ADC_GetCalibrationStatus                 0x080013db   Thumb Code    20  stm32f10x_adc.o(.text)
    ADC_SoftwareStartConvCmd                 0x080013ef   Thumb Code    22  stm32f10x_adc.o(.text)
    ADC_GetSoftwareStartConvStatus           0x08001405   Thumb Code    20  stm32f10x_adc.o(.text)
    ADC_DiscModeChannelCountConfig           0x08001419   Thumb Code    24  stm32f10x_adc.o(.text)
    ADC_DiscModeCmd                          0x08001431   Thumb Code    22  stm32f10x_adc.o(.text)
    ADC_RegularChannelConfig                 0x08001447   Thumb Code   184  stm32f10x_adc.o(.text)
    ADC_ExternalTrigConvCmd                  0x080014ff   Thumb Code    22  stm32f10x_adc.o(.text)
    ADC_GetConversionValue                   0x08001515   Thumb Code     8  stm32f10x_adc.o(.text)
    ADC_GetDualModeConversionValue           0x0800151d   Thumb Code     8  stm32f10x_adc.o(.text)
    ADC_AutoInjectedConvCmd                  0x08001525   Thumb Code    22  stm32f10x_adc.o(.text)
    ADC_InjectedDiscModeCmd                  0x0800153b   Thumb Code    22  stm32f10x_adc.o(.text)
    ADC_ExternalTrigInjectedConvConfig       0x08001551   Thumb Code    16  stm32f10x_adc.o(.text)
    ADC_ExternalTrigInjectedConvCmd          0x08001561   Thumb Code    22  stm32f10x_adc.o(.text)
    ADC_SoftwareStartInjectedConvCmd         0x08001577   Thumb Code    22  stm32f10x_adc.o(.text)
    ADC_GetSoftwareStartInjectedConvCmdStatus 0x0800158d   Thumb Code    20  stm32f10x_adc.o(.text)
    ADC_InjectedChannelConfig                0x080015a1   Thumb Code   130  stm32f10x_adc.o(.text)
    ADC_InjectedSequencerLengthConfig        0x08001623   Thumb Code    24  stm32f10x_adc.o(.text)
    ADC_SetInjectedOffset                    0x0800163b   Thumb Code    20  stm32f10x_adc.o(.text)
    ADC_GetInjectedConversionValue           0x0800164f   Thumb Code    28  stm32f10x_adc.o(.text)
    ADC_AnalogWatchdogCmd                    0x0800166b   Thumb Code    16  stm32f10x_adc.o(.text)
    ADC_AnalogWatchdogThresholdsConfig       0x0800167b   Thumb Code     6  stm32f10x_adc.o(.text)
    ADC_AnalogWatchdogSingleChannelConfig    0x08001681   Thumb Code    16  stm32f10x_adc.o(.text)
    ADC_TempSensorVrefintCmd                 0x08001691   Thumb Code    64  stm32f10x_adc.o(.text)
    ADC_GetFlagStatus                        0x080016d1   Thumb Code    18  stm32f10x_adc.o(.text)
    ADC_ClearFlag                            0x080016e3   Thumb Code     6  stm32f10x_adc.o(.text)
    ADC_GetITStatus                          0x080016e9   Thumb Code    36  stm32f10x_adc.o(.text)
    ADC_ClearITPendingBit                    0x0800170d   Thumb Code    10  stm32f10x_adc.o(.text)
    Delay_Init                               0x08001719   Thumb Code    48  delay.o(.text)
    DelayUs                                  0x08001749   Thumb Code    60  delay.o(.text)
    DelayXms                                 0x08001785   Thumb Code    66  delay.o(.text)
    DelayMs                                  0x080017c7   Thumb Code    60  delay.o(.text)
    Usart1_Init                              0x0800180d   Thumb Code   166  usart.o(.text)
    Usart2_Init                              0x080018b3   Thumb Code   162  usart.o(.text)
    Usart3_Init                              0x08001955   Thumb Code   166  usart.o(.text)
    Usart_SendString                         0x080019fb   Thumb Code    50  usart.o(.text)
    UsartPrintf                              0x08001a2d   Thumb Code    72  usart.o(.text)
    USART1_IRQHandler                        0x08001a75   Thumb Code    24  usart.o(.text)
    Led_Set                                  0x08001aa1   Thumb Code    24  led.o(.text)
    Led_Init                                 0x08001ab9   Thumb Code    44  led.o(.text)
    GPIOInit                                 0x08001ae5   Thumb Code    50  led.o(.text)
    Key_Init                                 0x08001b25   Thumb Code   110  key.o(.text)
    EXTI1_IRQHandler                         0x08001b93   Thumb Code    48  key.o(.text)
    ADCx_Init                                0x08001bcd   Thumb Code   104  bsp_adc.o(.text)
    ADC_GetValue                             0x08001c35   Thumb Code    48  bsp_adc.o(.text)
    TDS_Init                                 0x08001c69   Thumb Code    36  tds.o(.text)
    TDS_ADC_Read                             0x08001c8d   Thumb Code    12  tds.o(.text)
    TDS_GetData                              0x08001c99   Thumb Code    38  tds.o(.text)
    TDS_GetData_PPM                          0x08001cbf   Thumb Code   270  tds.o(.text)
    Init_HX711pin                            0x08001df5   Thumb Code    66  hx711.o(.text)
    HX711_Read                               0x08001e37   Thumb Code   108  hx711.o(.text)
    Get_Maopi                                0x08001ea3   Thumb Code    12  hx711.o(.text)
    Get_Weight                               0x08001eaf   Thumb Code    84  hx711.o(.text)
    SoftReset                                0x08001f21   Thumb Code    38  ds18b20.o(.text)
    DQ1820_OUT                               0x08001f47   Thumb Code    32  ds18b20.o(.text)
    DS18B20_Rst                              0x08001f67   Thumb Code    44  ds18b20.o(.text)
    DQ1820_IN                                0x08001f93   Thumb Code    32  ds18b20.o(.text)
    DS18B20_Check                            0x08001fb3   Thumb Code    86  ds18b20.o(.text)
    DS18B20_Read_Bit                         0x08002009   Thumb Code    72  ds18b20.o(.text)
    DS18B20_Read_Byte                        0x08002051   Thumb Code    34  ds18b20.o(.text)
    DS18B20_Write_Byte                       0x08002073   Thumb Code   100  ds18b20.o(.text)
    DS18B20_Start                            0x080020d7   Thumb Code    24  ds18b20.o(.text)
    DS18B20_Init                             0x080020ef   Thumb Code    58  ds18b20.o(.text)
    DS18B20_Get_Temp                         0x08002129   Thumb Code   136  ds18b20.o(.text)
    DS18B20_WHILE                            0x080021b1   Thumb Code    28  ds18b20.o(.text)
    DS18B20_Test                             0x080021cd   Thumb Code   116  ds18b20.o(.text)
    getData                                  0x0800226d   Thumb Code   146  main.o(.text)
    Hardware_Init                            0x080022ff   Thumb Code    92  main.o(.text)
    main                                     0x0800235b   Thumb Code    50  main.o(.text)
    Display_Init                             0x0800238d   Thumb Code   120  main.o(.text)
    Refresh_Data                             0x08002405   Thumb Code    80  main.o(.text)
    ESP8266_Clear                            0x080024b1   Thumb Code    20  esp8266.o(.text)
    ESP8266_WaitRecive                       0x080024c5   Thumb Code    42  esp8266.o(.text)
    ESP8266_SendCmd                          0x080024ef   Thumb Code    76  esp8266.o(.text)
    ESP8266_SendData                         0x0800253b   Thumb Code    46  esp8266.o(.text)
    ESP8266_GetIPD                           0x08002569   Thumb Code    68  esp8266.o(.text)
    ESP8266_Init                             0x080025ad   Thumb Code   212  esp8266.o(.text)
    USART2_IRQHandler                        0x08002681   Thumb Code    64  esp8266.o(.text)
    IIC_Start                                0x080027cd   Thumb Code    44  oled.o(.text)
    IIC_Stop                                 0x080027f9   Thumb Code    34  oled.o(.text)
    IIC_Wait_Ack                             0x0800281b   Thumb Code    24  oled.o(.text)
    Write_IIC_Byte                           0x08002833   Thumb Code    88  oled.o(.text)
    Write_IIC_Command                        0x0800288b   Thumb Code    44  oled.o(.text)
    Write_IIC_Data                           0x080028b7   Thumb Code    44  oled.o(.text)
    OLED_WR_Byte                             0x080028e3   Thumb Code    24  oled.o(.text)
    fill_picture                             0x080028fb   Thumb Code    64  oled.o(.text)
    Delay_50ms                               0x0800293b   Thumb Code    22  oled.o(.text)
    Delay_1ms                                0x08002951   Thumb Code    26  oled.o(.text)
    OLED_Set_Pos                             0x0800296b   Thumb Code    40  oled.o(.text)
    OLED_Display_On                          0x08002993   Thumb Code    28  oled.o(.text)
    OLED_Display_Off                         0x080029af   Thumb Code    28  oled.o(.text)
    OLED_Clear                               0x080029cb   Thumb Code    62  oled.o(.text)
    OLED_On                                  0x08002a09   Thumb Code    62  oled.o(.text)
    OLED_ShowChar                            0x08002a47   Thumb Code   154  oled.o(.text)
    oled_pow                                 0x08002ae1   Thumb Code    22  oled.o(.text)
    OLED_ShowNum                             0x08002af7   Thumb Code   136  oled.o(.text)
    OLED_ShowString                          0x08002b7f   Thumb Code    70  oled.o(.text)
    OLED_ShowCHinese                         0x08002bc5   Thumb Code    98  oled.o(.text)
    OLED_DrawBMP                             0x08002c27   Thumb Code   118  oled.o(.text)
    OLED_Init                                0x08002c9d   Thumb Code   278  oled.o(.text)
    vsnprintf                                0x08002dbd   Thumb Code    48  vsnprintf.o(.text)
    __2sprintf                               0x08002df1   Thumb Code    38  __2sprintf.o(.text)
    _printf_pre_padding                      0x08002e1d   Thumb Code    44  _printf_pad.o(.text)
    _printf_post_padding                     0x08002e49   Thumb Code    34  _printf_pad.o(.text)
    _printf_str                              0x08002e6b   Thumb Code    82  _printf_str.o(.text)
    _printf_int_dec                          0x08002ebd   Thumb Code   104  _printf_dec.o(.text)
    _printf_longlong_hex                     0x08002f35   Thumb Code    86  _printf_hex_int_ll_ptr.o(.text)
    _printf_int_hex                          0x08002f8b   Thumb Code    28  _printf_hex_int_ll_ptr.o(.text)
    _printf_ll_hex                           0x08002fa7   Thumb Code    12  _printf_hex_int_ll_ptr.o(.text)
    _printf_hex_ptr                          0x08002fb3   Thumb Code    18  _printf_hex_int_ll_ptr.o(.text)
    __printf                                 0x08002fc9   Thumb Code   388  __printf_flags_ss_wp.o(.text)
    strchr                                   0x08003151   Thumb Code    20  strchr.o(.text)
    strstr                                   0x08003165   Thumb Code    36  strstr.o(.text)
    strlen                                   0x08003189   Thumb Code    62  strlen.o(.text)
    __aeabi_memclr                           0x080031c7   Thumb Code     0  rt_memclr.o(.text)
    __rt_memclr                              0x080031c7   Thumb Code    68  rt_memclr.o(.text)
    _memset                                  0x080031cb   Thumb Code     0  rt_memclr.o(.text)
    __aeabi_memclr4                          0x0800320b   Thumb Code     0  rt_memclr_w.o(.text)
    __aeabi_memclr8                          0x0800320b   Thumb Code     0  rt_memclr_w.o(.text)
    __rt_memclr_w                            0x0800320b   Thumb Code    78  rt_memclr_w.o(.text)
    _memset_w                                0x0800320f   Thumb Code     0  rt_memclr_w.o(.text)
    __use_two_region_memory                  0x08003259   Thumb Code     2  heapauxi.o(.text)
    __rt_heap_escrow                         0x0800325b   Thumb Code     2  heapauxi.o(.text)
    __rt_heap_expand                         0x0800325d   Thumb Code     2  heapauxi.o(.text)
    __rt_ctype_table                         0x08003261   Thumb Code    16  rt_ctype_table.o(.text)
    _printf_truncate_signed                  0x08003271   Thumb Code    18  _printf_truncate.o(.text)
    _printf_truncate_unsigned                0x08003283   Thumb Code    18  _printf_truncate.o(.text)
    _printf_int_common                       0x08003295   Thumb Code   178  _printf_intcommon.o(.text)
    _printf_charcount                        0x08003347   Thumb Code    40  _printf_charcount.o(.text)
    __lib_sel_fp_printf                      0x0800336f   Thumb Code     2  _printf_fp_dec.o(.text)
    _printf_fp_dec_real                      0x0800351d   Thumb Code   620  _printf_fp_dec.o(.text)
    _printf_char_common                      0x08003793   Thumb Code    32  _printf_char_common.o(.text)
    _sputc                                   0x080037b9   Thumb Code    10  _sputc.o(.text)
    _snputc                                  0x080037c3   Thumb Code    16  _snputc.o(.text)
    _printf_cs_common                        0x080037d3   Thumb Code    20  _printf_char.o(.text)
    _printf_char                             0x080037e7   Thumb Code    16  _printf_char.o(.text)
    _printf_string                           0x080037f7   Thumb Code     8  _printf_char.o(.text)
    _printf_wctomb                           0x08003801   Thumb Code   182  _printf_wctomb.o(.text)
    _printf_longlong_dec                     0x080038bd   Thumb Code   108  _printf_longlong_dec.o(.text)
    _printf_longlong_oct                     0x08003939   Thumb Code    68  _printf_oct_int_ll.o(.text)
    _printf_int_oct                          0x0800397d   Thumb Code    24  _printf_oct_int_ll.o(.text)
    _printf_ll_oct                           0x08003995   Thumb Code    12  _printf_oct_int_ll.o(.text)
    __user_libspace                          0x080039a9   Thumb Code     8  libspace.o(.text)
    __user_perproc_libspace                  0x080039a9   Thumb Code     0  libspace.o(.text)
    __user_perthread_libspace                0x080039a9   Thumb Code     0  libspace.o(.text)
    __rt_locale                              0x080039b1   Thumb Code     8  rt_locale_intlibspace.o(.text)
    _ll_udiv10                               0x080039b9   Thumb Code   138  lludiv10.o(.text)
    _printf_fp_hex_real                      0x08003a45   Thumb Code   754  _printf_fp_hex.o(.text)
    _printf_fp_infnan                        0x08003d41   Thumb Code   112  _printf_fp_infnan.o(.text)
    _printf_lcs_common                       0x08003dc1   Thumb Code    20  _printf_wchar.o(.text)
    _printf_wchar                            0x08003dd5   Thumb Code    16  _printf_wchar.o(.text)
    _printf_wstring                          0x08003de5   Thumb Code     8  _printf_wchar.o(.text)
    _btod_etento                             0x08003ded   Thumb Code   216  bigflt0.o(.text)
    _wcrtomb                                 0x08003ec9   Thumb Code    64  _wcrtomb.o(.text)
    __I$use$semihosting                      0x08003f09   Thumb Code     0  use_no_semi.o(.text)
    __use_no_semihosting_swi                 0x08003f09   Thumb Code     2  use_no_semi.o(.text)
    __semihosting_library_function           0x08003f0b   Thumb Code     0  indicate_semi.o(.text)
    __user_setup_stackheap                   0x08003f0b   Thumb Code    74  sys_stackheap_outer.o(.text)
    exit                                     0x08003f55   Thumb Code    12  exit.o(.text)
    strcmp                                   0x08003f61   Thumb Code   128  strcmpv7m.o(.text)
    _sys_exit                                0x08003fe1   Thumb Code     8  sys_exit.o(.text)
    _btod_d2e                                0x08003fed   Thumb Code    62  btod.o(CL$$btod_d2e)
    _d2e_denorm_low                          0x0800402b   Thumb Code    70  btod.o(CL$$btod_d2e_denorm_low)
    _d2e_norm_op1                            0x08004071   Thumb Code    96  btod.o(CL$$btod_d2e_norm_op1)
    __btod_div_common                        0x080040d1   Thumb Code   696  btod.o(CL$$btod_div_common)
    _e2e                                     0x08004409   Thumb Code   198  btod.o(CL$$btod_e2e)
    _btod_ediv                               0x080044cf   Thumb Code    40  btod.o(CL$$btod_ediv)
    _btod_emul                               0x080044f7   Thumb Code    40  btod.o(CL$$btod_emul)
    __btod_mult_common                       0x0800451f   Thumb Code   580  btod.o(CL$$btod_mult_common)
    __ARM_fpclassify                         0x08004763   Thumb Code    40  fpclassify.o(i.__ARM_fpclassify)
    _is_digit                                0x0800478b   Thumb Code    14  __printf_wp.o(i._is_digit)
    _get_lc_ctype                            0x08004799   Thumb Code    44  lc_ctype_c.o(locale$$code)
    _get_lc_numeric                          0x080047c5   Thumb Code    44  lc_numeric_c.o(locale$$code)
    __aeabi_d2f                              0x080047f1   Thumb Code     0  d2f.o(x$fpl$d2f)
    _d2f                                     0x080047f1   Thumb Code    98  d2f.o(x$fpl$d2f)
    __aeabi_dadd                             0x08004855   Thumb Code     0  daddsub_clz.o(x$fpl$dadd)
    _dadd                                    0x08004855   Thumb Code   332  daddsub_clz.o(x$fpl$dadd)
    __aeabi_ddiv                             0x080049a5   Thumb Code     0  ddiv.o(x$fpl$ddiv)
    _ddiv                                    0x080049a5   Thumb Code   552  ddiv.o(x$fpl$ddiv)
    __aeabi_d2iz                             0x08004c55   Thumb Code     0  dfix.o(x$fpl$dfix)
    _dfix                                    0x08004c55   Thumb Code    94  dfix.o(x$fpl$dfix)
    __aeabi_i2d                              0x08004cb3   Thumb Code     0  dflt_clz.o(x$fpl$dflt)
    _dflt                                    0x08004cb3   Thumb Code    46  dflt_clz.o(x$fpl$dflt)
    __aeabi_dmul                             0x08004ce1   Thumb Code     0  dmul.o(x$fpl$dmul)
    _dmul                                    0x08004ce1   Thumb Code   332  dmul.o(x$fpl$dmul)
    __fpl_dnaninf                            0x08004e35   Thumb Code   156  dnaninf.o(x$fpl$dnaninf)
    __fpl_dretinf                            0x08004ed1   Thumb Code    12  dretinf.o(x$fpl$dretinf)
    __aeabi_dsub                             0x08004edd   Thumb Code     0  daddsub_clz.o(x$fpl$dsub)
    _dsub                                    0x08004edd   Thumb Code   464  daddsub_clz.o(x$fpl$dsub)
    __aeabi_f2d                              0x080050b1   Thumb Code     0  f2d.o(x$fpl$f2d)
    _f2d                                     0x080050b1   Thumb Code    86  f2d.o(x$fpl$f2d)
    __aeabi_fadd                             0x08005109   Thumb Code     0  faddsub_clz.o(x$fpl$fadd)
    _fadd                                    0x08005109   Thumb Code   196  faddsub_clz.o(x$fpl$fadd)
    __fpl_fcmp_Inf                           0x080051cd   Thumb Code    24  fcmpi.o(x$fpl$fcmpinf)
    __aeabi_fdiv                             0x080051e5   Thumb Code     0  fdiv.o(x$fpl$fdiv)
    _fdiv                                    0x080051e5   Thumb Code   384  fdiv.o(x$fpl$fdiv)
    __aeabi_f2uiz                            0x08005369   Thumb Code     0  ffixu.o(x$fpl$ffixu)
    _ffixu                                   0x08005369   Thumb Code    62  ffixu.o(x$fpl$ffixu)
    __aeabi_i2f                              0x080053a9   Thumb Code     0  fflt_clz.o(x$fpl$fflt)
    _fflt                                    0x080053a9   Thumb Code    48  fflt_clz.o(x$fpl$fflt)
    __aeabi_ui2f                             0x080053d9   Thumb Code     0  fflt_clz.o(x$fpl$ffltu)
    _ffltu                                   0x080053d9   Thumb Code    38  fflt_clz.o(x$fpl$ffltu)
    __aeabi_cfcmple                          0x08005401   Thumb Code     0  fleqf.o(x$fpl$fleqf)
    _fcmple                                  0x08005401   Thumb Code   104  fleqf.o(x$fpl$fleqf)
    __fpl_fcmple_InfNaN                      0x08005453   Thumb Code     0  fleqf.o(x$fpl$fleqf)
    __fpl_fnaninf                            0x08005469   Thumb Code   140  fnaninf.o(x$fpl$fnaninf)
    __fpl_fretinf                            0x080054f5   Thumb Code    10  fretinf.o(x$fpl$fretinf)
    __aeabi_cfrcmple                         0x080054ff   Thumb Code     0  frleqf.o(x$fpl$frleqf)
    _frcmple                                 0x080054ff   Thumb Code    98  frleqf.o(x$fpl$frleqf)
    __aeabi_fsub                             0x08005561   Thumb Code     0  faddsub_clz.o(x$fpl$fsub)
    _fsub                                    0x08005561   Thumb Code   234  faddsub_clz.o(x$fpl$fsub)
    _printf_fp_dec                           0x0800564b   Thumb Code     4  printf1.o(x$fpl$printf1)
    _printf_fp_hex                           0x0800564f   Thumb Code     4  printf2.o(x$fpl$printf2)
    F6x8                                     0x08005652   Data         552  oled.o(.constdata)
    __I$use$fp                               0x08005652   Number         0  usenofp.o(x$fpl$usenofp)
    F8X16                                    0x0800587a   Data        1520  oled.o(.constdata)
    Region$$Table$$Base                      0x08005f68   Number         0  anon$$obj.o(Region$$Table)
    Region$$Table$$Limit                     0x08005f88   Number         0  anon$$obj.o(Region$$Table)
    __ctype                                  0x08005f95   Data           0  lc_ctype_c.o(locale$$data)
    SystemCoreClock                          0x20000000   Data           4  system_stm32f10x.o(.data)
    AHBPrescTable                            0x20000004   Data          16  system_stm32f10x.o(.data)
    UsCount                                  0x20000028   Data           1  delay.o(.data)
    MsCount                                  0x2000002a   Data           2  delay.o(.data)
    led_info                                 0x2000002c   Data           1  led.o(.data)
    HX711_Buffer                             0x20000030   Data           4  hx711.o(.data)
    Weight_Maopi                             0x20000034   Data           4  hx711.o(.data)
    Weight_Shiwu                             0x20000038   Data           4  hx711.o(.data)
    Flag_Error                               0x2000003c   Data           1  hx711.o(.data)
    value                                    0x20000040   Data           4  main.o(.data)
    tds_data                                 0x20000044   Data           4  main.o(.data)
    Volume_Shiwu                             0x20000048   Data           4  main.o(.data)
    temp                                     0x2000004c   Data           1  main.o(.data)
    humi                                     0x2000004d   Data           1  main.o(.data)
    esp8266_cnt                              0x2000004e   Data           2  esp8266.o(.data)
    esp8266_cntPre                           0x20000050   Data           2  esp8266.o(.data)
    Hzk                                      0x20000052   Data         640  oled.o(.data)
    esp8266_buf                              0x200002d4   Data         512  esp8266.o(.bss)
    __libspace_start                         0x200004d4   Data          96  libspace.o(.bss)
    __temporary_stack_top$libspace           0x20000534   Data           0  libspace.o(.bss)



==============================================================================

Memory Map of the image

  Image Entry point : 0x080000ed

  Load Region LR_IROM1 (Base: 0x08000000, Size: 0x00006388, Max: 0x00010000, ABSOLUTE, COMPRESSED[0x000061b0])

    Execution Region ER_IROM1 (Base: 0x08000000, Size: 0x000060b4, Max: 0x00010000, ABSOLUTE)

    Base Addr    Size         Type   Attr      Idx    E Section Name        Object

    0x08000000   0x000000ec   Data   RO          139    RESET               startup_stm32f10x_md.o
    0x080000ec   0x00000008   Code   RO          801  * !!!main             c_w.l(__main.o)
    0x080000f4   0x00000034   Code   RO         1248    !!!scatter          c_w.l(__scatter.o)
    0x08000128   0x0000005a   Code   RO         1246    !!dczerorl2         c_w.l(__dczerorl2.o)
    0x08000182   0x00000002   PAD
    0x08000184   0x0000001c   Code   RO         1250    !!handler_zi        c_w.l(__scatter_zi.o)
    0x080001a0   0x00000000   Code   RO          770    .ARM.Collect$$_printf_percent$$00000000  c_w.l(_printf_percent.o)
    0x080001a0   0x00000006   Code   RO          935    .ARM.Collect$$_printf_percent$$00000001  c_w.l(_printf_n.o)
    0x080001a6   0x00000006   Code   RO          936    .ARM.Collect$$_printf_percent$$00000002  c_w.l(_printf_p.o)
    0x080001ac   0x00000006   Code   RO          768    .ARM.Collect$$_printf_percent$$00000003  c_w.l(_printf_f.o)
    0x080001b2   0x00000006   Code   RO          769    .ARM.Collect$$_printf_percent$$00000004  c_w.l(_printf_e.o)
    0x080001b8   0x00000006   Code   RO          940    .ARM.Collect$$_printf_percent$$00000005  c_w.l(_printf_g.o)
    0x080001be   0x00000006   Code   RO          941    .ARM.Collect$$_printf_percent$$00000006  c_w.l(_printf_a.o)
    0x080001c4   0x0000000a   Code   RO          946    .ARM.Collect$$_printf_percent$$00000007  c_w.l(_printf_ll.o)
    0x080001ce   0x00000006   Code   RO          938    .ARM.Collect$$_printf_percent$$00000008  c_w.l(_printf_i.o)
    0x080001d4   0x00000006   Code   RO          767    .ARM.Collect$$_printf_percent$$00000009  c_w.l(_printf_d.o)
    0x080001da   0x00000006   Code   RO          939    .ARM.Collect$$_printf_percent$$0000000A  c_w.l(_printf_u.o)
    0x080001e0   0x00000006   Code   RO          937    .ARM.Collect$$_printf_percent$$0000000B  c_w.l(_printf_o.o)
    0x080001e6   0x00000006   Code   RO          766    .ARM.Collect$$_printf_percent$$0000000C  c_w.l(_printf_x.o)
    0x080001ec   0x00000006   Code   RO          943    .ARM.Collect$$_printf_percent$$0000000D  c_w.l(_printf_lli.o)
    0x080001f2   0x00000006   Code   RO          944    .ARM.Collect$$_printf_percent$$0000000E  c_w.l(_printf_lld.o)
    0x080001f8   0x00000006   Code   RO          945    .ARM.Collect$$_printf_percent$$0000000F  c_w.l(_printf_llu.o)
    0x080001fe   0x00000006   Code   RO          950    .ARM.Collect$$_printf_percent$$00000010  c_w.l(_printf_llo.o)
    0x08000204   0x00000006   Code   RO          951    .ARM.Collect$$_printf_percent$$00000011  c_w.l(_printf_llx.o)
    0x0800020a   0x0000000a   Code   RO          947    .ARM.Collect$$_printf_percent$$00000012  c_w.l(_printf_l.o)
    0x08000214   0x00000006   Code   RO          934    .ARM.Collect$$_printf_percent$$00000013  c_w.l(_printf_c.o)
    0x0800021a   0x00000006   Code   RO          765    .ARM.Collect$$_printf_percent$$00000014  c_w.l(_printf_s.o)
    0x08000220   0x00000006   Code   RO          948    .ARM.Collect$$_printf_percent$$00000015  c_w.l(_printf_lc.o)
    0x08000226   0x00000006   Code   RO          949    .ARM.Collect$$_printf_percent$$00000016  c_w.l(_printf_ls.o)
    0x0800022c   0x00000004   Code   RO          942    .ARM.Collect$$_printf_percent$$00000017  c_w.l(_printf_percent_end.o)
    0x08000230   0x00000002   Code   RO         1182    .ARM.Collect$$libinit$$00000000  c_w.l(libinit.o)
    0x08000232   0x00000000   Code   RO          961    .ARM.Collect$$libinit$$00000002  c_w.l(libinit2.o)
    0x08000232   0x00000000   Code   RO          963    .ARM.Collect$$libinit$$00000004  c_w.l(libinit2.o)
    0x08000232   0x00000000   Code   RO          966    .ARM.Collect$$libinit$$0000000A  c_w.l(libinit2.o)
    0x08000232   0x00000000   Code   RO          968    .ARM.Collect$$libinit$$0000000C  c_w.l(libinit2.o)
    0x08000232   0x00000000   Code   RO          970    .ARM.Collect$$libinit$$0000000E  c_w.l(libinit2.o)
    0x08000232   0x00000006   Code   RO          971    .ARM.Collect$$libinit$$0000000F  c_w.l(libinit2.o)
    0x08000238   0x00000000   Code   RO          973    .ARM.Collect$$libinit$$00000011  c_w.l(libinit2.o)
    0x08000238   0x0000000c   Code   RO          974    .ARM.Collect$$libinit$$00000012  c_w.l(libinit2.o)
    0x08000244   0x00000000   Code   RO          975    .ARM.Collect$$libinit$$00000013  c_w.l(libinit2.o)
    0x08000244   0x00000000   Code   RO          977    .ARM.Collect$$libinit$$00000015  c_w.l(libinit2.o)
    0x08000244   0x0000000a   Code   RO          978    .ARM.Collect$$libinit$$00000016  c_w.l(libinit2.o)
    0x0800024e   0x00000000   Code   RO          979    .ARM.Collect$$libinit$$00000017  c_w.l(libinit2.o)
    0x0800024e   0x00000000   Code   RO          981    .ARM.Collect$$libinit$$00000019  c_w.l(libinit2.o)
    0x0800024e   0x00000000   Code   RO          983    .ARM.Collect$$libinit$$0000001B  c_w.l(libinit2.o)
    0x0800024e   0x00000000   Code   RO          985    .ARM.Collect$$libinit$$0000001D  c_w.l(libinit2.o)
    0x0800024e   0x00000000   Code   RO          987    .ARM.Collect$$libinit$$0000001F  c_w.l(libinit2.o)
    0x0800024e   0x00000000   Code   RO          989    .ARM.Collect$$libinit$$00000021  c_w.l(libinit2.o)
    0x0800024e   0x00000000   Code   RO          991    .ARM.Collect$$libinit$$00000023  c_w.l(libinit2.o)
    0x0800024e   0x00000000   Code   RO          993    .ARM.Collect$$libinit$$00000025  c_w.l(libinit2.o)
    0x0800024e   0x00000000   Code   RO          997    .ARM.Collect$$libinit$$0000002C  c_w.l(libinit2.o)
    0x0800024e   0x00000000   Code   RO          999    .ARM.Collect$$libinit$$0000002E  c_w.l(libinit2.o)
    0x0800024e   0x00000000   Code   RO         1001    .ARM.Collect$$libinit$$00000030  c_w.l(libinit2.o)
    0x0800024e   0x00000000   Code   RO         1003    .ARM.Collect$$libinit$$00000032  c_w.l(libinit2.o)
    0x0800024e   0x00000002   Code   RO         1004    .ARM.Collect$$libinit$$00000033  c_w.l(libinit2.o)
    0x08000250   0x00000002   Code   RO         1243    .ARM.Collect$$libshutdown$$00000000  c_w.l(libshutdown.o)
    0x08000252   0x00000000   Code   RO         1199    .ARM.Collect$$libshutdown$$00000003  c_w.l(libshutdown2.o)
    0x08000252   0x00000000   Code   RO         1202    .ARM.Collect$$libshutdown$$00000006  c_w.l(libshutdown2.o)
    0x08000252   0x00000000   Code   RO         1205    .ARM.Collect$$libshutdown$$00000009  c_w.l(libshutdown2.o)
    0x08000252   0x00000000   Code   RO         1207    .ARM.Collect$$libshutdown$$0000000B  c_w.l(libshutdown2.o)
    0x08000252   0x00000000   Code   RO         1210    .ARM.Collect$$libshutdown$$0000000E  c_w.l(libshutdown2.o)
    0x08000252   0x00000002   Code   RO         1211    .ARM.Collect$$libshutdown$$0000000F  c_w.l(libshutdown2.o)
    0x08000254   0x00000000   Code   RO          877    .ARM.Collect$$rtentry$$00000000  c_w.l(__rtentry.o)
    0x08000254   0x00000000   Code   RO         1059    .ARM.Collect$$rtentry$$00000002  c_w.l(__rtentry2.o)
    0x08000254   0x00000006   Code   RO         1071    .ARM.Collect$$rtentry$$00000004  c_w.l(__rtentry4.o)
    0x0800025a   0x00000000   Code   RO         1061    .ARM.Collect$$rtentry$$00000009  c_w.l(__rtentry2.o)
    0x0800025a   0x00000004   Code   RO         1062    .ARM.Collect$$rtentry$$0000000A  c_w.l(__rtentry2.o)
    0x0800025e   0x00000000   Code   RO         1064    .ARM.Collect$$rtentry$$0000000C  c_w.l(__rtentry2.o)
    0x0800025e   0x00000008   Code   RO         1065    .ARM.Collect$$rtentry$$0000000D  c_w.l(__rtentry2.o)
    0x08000266   0x00000002   Code   RO         1187    .ARM.Collect$$rtexit$$00000000  c_w.l(rtexit.o)
    0x08000268   0x00000000   Code   RO         1217    .ARM.Collect$$rtexit$$00000002  c_w.l(rtexit2.o)
    0x08000268   0x00000004   Code   RO         1218    .ARM.Collect$$rtexit$$00000003  c_w.l(rtexit2.o)
    0x0800026c   0x00000006   Code   RO         1219    .ARM.Collect$$rtexit$$00000004  c_w.l(rtexit2.o)
    0x08000272   0x00000002   PAD
    0x08000274   0x00000134   Code   RO           17    .text               stm32f10x_it.o
    0x080003a8   0x000001e0   Code   RO          119    .text               system_stm32f10x.o
    0x08000588   0x00000040   Code   RO          140    .text               startup_stm32f10x_md.o
    0x080005c8   0x000000dc   Code   RO          144    .text               misc.o
    0x080006a4   0x0000035c   Code   RO          182    .text               stm32f10x_gpio.o
    0x08000a00   0x000003a4   Code   RO          194    .text               stm32f10x_rcc.o
    0x08000da4   0x00000408   Code   RO          208    .text               stm32f10x_usart.o
    0x080011ac   0x0000011c   Code   RO          220    .text               stm32f10x_exti.o
    0x080012c8   0x0000044e   Code   RO          232    .text               stm32f10x_adc.o
    0x08001716   0x00000002   PAD
    0x08001718   0x000000f4   Code   RO          256    .text               delay.o
    0x0800180c   0x00000294   Code   RO          274    .text               usart.o
    0x08001aa0   0x00000084   Code   RO          296    .text               led.o
    0x08001b24   0x000000a8   Code   RO          314    .text               key.o
    0x08001bcc   0x0000009c   Code   RO          333    .text               bsp_adc.o
    0x08001c68   0x0000018c   Code   RO          348    .text               tds.o
    0x08001df4   0x0000012c   Code   RO          367    .text               hx711.o
    0x08001f20   0x0000034c   Code   RO          400    .text               ds18b20.o
    0x0800226c   0x00000244   Code   RO          429    .text               main.o
    0x080024b0   0x0000031c   Code   RO          568    .text               esp8266.o
    0x080027cc   0x000005f0   Code   RO          618    .text               oled.o
    0x08002dbc   0x00000034   Code   RO          706    .text               c_w.l(vsnprintf.o)
    0x08002df0   0x0000002c   Code   RO          708    .text               c_w.l(__2sprintf.o)
    0x08002e1c   0x0000004e   Code   RO          718    .text               c_w.l(_printf_pad.o)
    0x08002e6a   0x00000052   Code   RO          720    .text               c_w.l(_printf_str.o)
    0x08002ebc   0x00000078   Code   RO          722    .text               c_w.l(_printf_dec.o)
    0x08002f34   0x00000094   Code   RO          742    .text               c_w.l(_printf_hex_int_ll_ptr.o)
    0x08002fc8   0x00000188   Code   RO          762    .text               c_w.l(__printf_flags_ss_wp.o)
    0x08003150   0x00000014   Code   RO          777    .text               c_w.l(strchr.o)
    0x08003164   0x00000024   Code   RO          781    .text               c_w.l(strstr.o)
    0x08003188   0x0000003e   Code   RO          785    .text               c_w.l(strlen.o)
    0x080031c6   0x00000044   Code   RO          795    .text               c_w.l(rt_memclr.o)
    0x0800320a   0x0000004e   Code   RO          797    .text               c_w.l(rt_memclr_w.o)
    0x08003258   0x00000006   Code   RO          799    .text               c_w.l(heapauxi.o)
    0x0800325e   0x00000002   PAD
    0x08003260   0x00000010   Code   RO          878    .text               c_w.l(rt_ctype_table.o)
    0x08003270   0x00000024   Code   RO          907    .text               c_w.l(_printf_truncate.o)
    0x08003294   0x000000b2   Code   RO          909    .text               c_w.l(_printf_intcommon.o)
    0x08003346   0x00000028   Code   RO          911    .text               c_w.l(_printf_charcount.o)
    0x0800336e   0x0000041a   Code   RO          913    .text               c_w.l(_printf_fp_dec.o)
    0x08003788   0x00000030   Code   RO          915    .text               c_w.l(_printf_char_common.o)
    0x080037b8   0x0000000a   Code   RO          917    .text               c_w.l(_sputc.o)
    0x080037c2   0x00000010   Code   RO          919    .text               c_w.l(_snputc.o)
    0x080037d2   0x0000002c   Code   RO          921    .text               c_w.l(_printf_char.o)
    0x080037fe   0x00000002   PAD
    0x08003800   0x000000bc   Code   RO          923    .text               c_w.l(_printf_wctomb.o)
    0x080038bc   0x0000007c   Code   RO          926    .text               c_w.l(_printf_longlong_dec.o)
    0x08003938   0x00000070   Code   RO          932    .text               c_w.l(_printf_oct_int_ll.o)
    0x080039a8   0x00000008   Code   RO         1055    .text               c_w.l(libspace.o)
    0x080039b0   0x00000008   Code   RO         1076    .text               c_w.l(rt_locale_intlibspace.o)
    0x080039b8   0x0000008a   Code   RO         1091    .text               c_w.l(lludiv10.o)
    0x08003a42   0x00000002   PAD
    0x08003a44   0x000002fc   Code   RO         1095    .text               c_w.l(_printf_fp_hex.o)
    0x08003d40   0x00000080   Code   RO         1098    .text               c_w.l(_printf_fp_infnan.o)
    0x08003dc0   0x0000002c   Code   RO         1102    .text               c_w.l(_printf_wchar.o)
    0x08003dec   0x000000dc   Code   RO         1106    .text               c_w.l(bigflt0.o)
    0x08003ec8   0x00000040   Code   RO         1131    .text               c_w.l(_wcrtomb.o)
    0x08003f08   0x00000002   Code   RO         1156    .text               c_w.l(use_no_semi.o)
    0x08003f0a   0x00000000   Code   RO         1158    .text               c_w.l(indicate_semi.o)
    0x08003f0a   0x0000004a   Code   RO         1159    .text               c_w.l(sys_stackheap_outer.o)
    0x08003f54   0x0000000c   Code   RO         1165    .text               c_w.l(exit.o)
    0x08003f60   0x00000080   Code   RO         1171    .text               c_w.l(strcmpv7m.o)
    0x08003fe0   0x0000000c   Code   RO         1185    .text               c_w.l(sys_exit.o)
    0x08003fec   0x0000003e   Code   RO         1109    CL$$btod_d2e        c_w.l(btod.o)
    0x0800402a   0x00000046   Code   RO         1111    CL$$btod_d2e_denorm_low  c_w.l(btod.o)
    0x08004070   0x00000060   Code   RO         1110    CL$$btod_d2e_norm_op1  c_w.l(btod.o)
    0x080040d0   0x00000338   Code   RO         1119    CL$$btod_div_common  c_w.l(btod.o)
    0x08004408   0x000000c6   Code   RO         1116    CL$$btod_e2e        c_w.l(btod.o)
    0x080044ce   0x00000028   Code   RO         1113    CL$$btod_ediv       c_w.l(btod.o)
    0x080044f6   0x00000028   Code   RO         1112    CL$$btod_emul       c_w.l(btod.o)
    0x0800451e   0x00000244   Code   RO         1118    CL$$btod_mult_common  c_w.l(btod.o)
    0x08004762   0x00000028   Code   RO         1040    i.__ARM_fpclassify  m_ws.l(fpclassify.o)
    0x0800478a   0x0000000e   Code   RO          755    i._is_digit         c_w.l(__printf_wp.o)
    0x08004798   0x0000002c   Code   RO         1134    locale$$code        c_w.l(lc_ctype_c.o)
    0x080047c4   0x0000002c   Code   RO         1137    locale$$code        c_w.l(lc_numeric_c.o)
    0x080047f0   0x00000062   Code   RO          803    x$fpl$d2f           fz_ws.l(d2f.o)
    0x08004852   0x00000002   PAD
    0x08004854   0x00000150   Code   RO          805    x$fpl$dadd          fz_ws.l(daddsub_clz.o)
    0x080049a4   0x000002b0   Code   RO          812    x$fpl$ddiv          fz_ws.l(ddiv.o)
    0x08004c54   0x0000005e   Code   RO          817    x$fpl$dfix          fz_ws.l(dfix.o)
    0x08004cb2   0x0000002e   Code   RO          822    x$fpl$dflt          fz_ws.l(dflt_clz.o)
    0x08004ce0   0x00000154   Code   RO          829    x$fpl$dmul          fz_ws.l(dmul.o)
    0x08004e34   0x0000009c   Code   RO         1007    x$fpl$dnaninf       fz_ws.l(dnaninf.o)
    0x08004ed0   0x0000000c   Code   RO         1009    x$fpl$dretinf       fz_ws.l(dretinf.o)
    0x08004edc   0x000001d4   Code   RO          807    x$fpl$dsub          fz_ws.l(daddsub_clz.o)
    0x080050b0   0x00000056   Code   RO          833    x$fpl$f2d           fz_ws.l(f2d.o)
    0x08005106   0x00000002   PAD
    0x08005108   0x000000c4   Code   RO          835    x$fpl$fadd          fz_ws.l(faddsub_clz.o)
    0x080051cc   0x00000018   Code   RO         1011    x$fpl$fcmpinf       fz_ws.l(fcmpi.o)
    0x080051e4   0x00000184   Code   RO          842    x$fpl$fdiv          fz_ws.l(fdiv.o)
    0x08005368   0x0000003e   Code   RO          845    x$fpl$ffixu         fz_ws.l(ffixu.o)
    0x080053a6   0x00000002   PAD
    0x080053a8   0x00000030   Code   RO          850    x$fpl$fflt          fz_ws.l(fflt_clz.o)
    0x080053d8   0x00000026   Code   RO          849    x$fpl$ffltu         fz_ws.l(fflt_clz.o)
    0x080053fe   0x00000002   PAD
    0x08005400   0x00000068   Code   RO          855    x$fpl$fleqf         fz_ws.l(fleqf.o)
    0x08005468   0x0000008c   Code   RO         1013    x$fpl$fnaninf       fz_ws.l(fnaninf.o)
    0x080054f4   0x0000000a   Code   RO         1015    x$fpl$fretinf       fz_ws.l(fretinf.o)
    0x080054fe   0x00000062   Code   RO          857    x$fpl$frleqf        fz_ws.l(frleqf.o)
    0x08005560   0x000000ea   Code   RO          837    x$fpl$fsub          fz_ws.l(faddsub_clz.o)
    0x0800564a   0x00000004   Code   RO          859    x$fpl$printf1       fz_ws.l(printf1.o)
    0x0800564e   0x00000004   Code   RO         1017    x$fpl$printf2       fz_ws.l(printf2.o)
    0x08005652   0x00000000   Code   RO         1025    x$fpl$usenofp       fz_ws.l(usenofp.o)
    0x08005652   0x00000818   Data   RO          619    .constdata          oled.o
    0x08005e6a   0x00000028   Data   RO          743    .constdata          c_w.l(_printf_hex_int_ll_ptr.o)
    0x08005e92   0x00000011   Data   RO          763    .constdata          c_w.l(__printf_flags_ss_wp.o)
    0x08005ea3   0x00000001   PAD
    0x08005ea4   0x00000008   Data   RO          924    .constdata          c_w.l(_printf_wctomb.o)
    0x08005eac   0x00000026   Data   RO         1096    .constdata          c_w.l(_printf_fp_hex.o)
    0x08005ed2   0x00000002   PAD
    0x08005ed4   0x00000094   Data   RO         1107    .constdata          c_w.l(bigflt0.o)
    0x08005f68   0x00000020   Data   RO         1244    Region$$Table       anon$$obj.o
    0x08005f88   0x00000110   Data   RO         1133    locale$$data        c_w.l(lc_ctype_c.o)
    0x08006098   0x0000001c   Data   RO         1136    locale$$data        c_w.l(lc_numeric_c.o)


    Execution Region RW_IRAM1 (Base: 0x20000000, Size: 0x00000f38, Max: 0x00005000, ABSOLUTE, COMPRESSED[0x000000fc])

    Base Addr    Size         Type   Attr      Idx    E Section Name        Object

    0x20000000   0x00000014   Data   RW          120    .data               system_stm32f10x.o
    0x20000014   0x00000014   Data   RW          195    .data               stm32f10x_rcc.o
    0x20000028   0x00000004   Data   RW          257    .data               delay.o
    0x2000002c   0x00000001   Data   RW          297    .data               led.o
    0x2000002d   0x00000003   PAD
    0x20000030   0x0000000d   Data   RW          368    .data               hx711.o
    0x2000003d   0x00000003   PAD
    0x20000040   0x0000000e   Data   RW          431    .data               main.o
    0x2000004e   0x00000004   Data   RW          570    .data               esp8266.o
    0x20000052   0x00000280   Data   RW          620    .data               oled.o
    0x200002d2   0x00000002   PAD
    0x200002d4   0x00000200   Zero   RW          569    .bss                esp8266.o
    0x200004d4   0x00000060   Zero   RW         1056    .bss                c_w.l(libspace.o)
    0x20000534   0x00000004   PAD
    0x20000538   0x00000200   Zero   RW          138    HEAP                startup_stm32f10x_md.o
    0x20000738   0x00000800   Zero   RW          137    STACK               startup_stm32f10x_md.o


==============================================================================

Image component sizes


      Code (inc. data)   RO Data    RW Data    ZI Data      Debug   Object Name

       156          4          0          0          0        837   bsp_adc.o
         0          0          0          0          0       4544   core_cm3.o
       244         10          0          4          0       1508   delay.o
       844         44          0          0          0      18323   ds18b20.o
       796        268          0          4        512       3015   esp8266.o
       300         30          0         13          0       1476   hx711.o
       168         10          0          0          0        752   key.o
       132         14          0          1          0       1479   led.o
       580         92          0         14          0       2372   main.o
       220         22          0          0          0     216433   misc.o
      1520         22       2072        640          0       6531   oled.o
        64         26        236          0       2560        832   startup_stm32f10x_md.o
      1102         26          0          0          0      10825   stm32f10x_adc.o
       284         10          0          0          0       2227   stm32f10x_exti.o
       860         38          0          0          0       5641   stm32f10x_gpio.o
       308        248          0          0          0      24595   stm32f10x_it.o
       932         36          0         20          0       8824   stm32f10x_rcc.o
      1032         22          0          0          0       8364   stm32f10x_usart.o
       480         38          0         20          0       1851   system_stm32f10x.o
       396         40          0          0          0       1228   tds.o
       660         20          0          0          0       3269   usart.o

    ----------------------------------------------------------------------
     11080       1020       2340        724       3072     324926   Object Totals
         0          0         32          0          0          0   (incl. Generated)
         2          0          0          8          0          0   (incl. Padding)

    ----------------------------------------------------------------------

      Code (inc. data)   RO Data    RW Data    ZI Data      Debug   Library Member Name

        44          6          0          0          0         84   __2sprintf.o
        90          0          0          0          0          0   __dczerorl2.o
         8          0          0          0          0         68   __main.o
       392          4         17          0          0         92   __printf_flags_ss_wp.o
        14          0          0          0          0         68   __printf_wp.o
         0          0          0          0          0          0   __rtentry.o
        12          0          0          0          0          0   __rtentry2.o
         6          0          0          0          0          0   __rtentry4.o
        52          8          0          0          0          0   __scatter.o
        28          0          0          0          0          0   __scatter_zi.o
         6          0          0          0          0          0   _printf_a.o
         6          0          0          0          0          0   _printf_c.o
        44          0          0          0          0        108   _printf_char.o
        48          6          0          0          0         96   _printf_char_common.o
        40          0          0          0          0         68   _printf_charcount.o
         6          0          0          0          0          0   _printf_d.o
       120         16          0          0          0         92   _printf_dec.o
         6          0          0          0          0          0   _printf_e.o
         6          0          0          0          0          0   _printf_f.o
      1050          0          0          0          0        216   _printf_fp_dec.o
       764         10         38          0          0        100   _printf_fp_hex.o
       128         16          0          0          0         84   _printf_fp_infnan.o
         6          0          0          0          0          0   _printf_g.o
       148          4         40          0          0        160   _printf_hex_int_ll_ptr.o
         6          0          0          0          0          0   _printf_i.o
       178          0          0          0          0         88   _printf_intcommon.o
        10          0          0          0          0          0   _printf_l.o
         6          0          0          0          0          0   _printf_lc.o
        10          0          0          0          0          0   _printf_ll.o
         6          0          0          0          0          0   _printf_lld.o
         6          0          0          0          0          0   _printf_lli.o
         6          0          0          0          0          0   _printf_llo.o
         6          0          0          0          0          0   _printf_llu.o
         6          0          0          0          0          0   _printf_llx.o
       124         16          0          0          0         92   _printf_longlong_dec.o
         6          0          0          0          0          0   _printf_ls.o
         6          0          0          0          0          0   _printf_n.o
         6          0          0          0          0          0   _printf_o.o
       112          8          0          0          0        124   _printf_oct_int_ll.o
         6          0          0          0          0          0   _printf_p.o
        78          0          0          0          0        108   _printf_pad.o
         0          0          0          0          0          0   _printf_percent.o
         4          0          0          0          0          0   _printf_percent_end.o
         6          0          0          0          0          0   _printf_s.o
        82          0          0          0          0         80   _printf_str.o
        36          0          0          0          0         84   _printf_truncate.o
         6          0          0          0          0          0   _printf_u.o
        44          0          0          0          0        108   _printf_wchar.o
       188          6          8          0          0         92   _printf_wctomb.o
         6          0          0          0          0          0   _printf_x.o
        16          0          0          0          0         68   _snputc.o
        10          0          0          0          0         68   _sputc.o
        64          0          0          0          0         92   _wcrtomb.o
       220          4        148          0          0         96   bigflt0.o
      1910        128          0          0          0        672   btod.o
        12          0          0          0          0         72   exit.o
         6          0          0          0          0        152   heapauxi.o
         0          0          0          0          0          0   indicate_semi.o
        44         10        272          0          0         76   lc_ctype_c.o
        44         10         28          0          0         76   lc_numeric_c.o
         2          0          0          0          0          0   libinit.o
        30          0          0          0          0          0   libinit2.o
         2          0          0          0          0          0   libshutdown.o
         2          0          0          0          0          0   libshutdown2.o
         8          4          0          0         96         68   libspace.o
       138          0          0          0          0         80   lludiv10.o
        16          4          0          0          0         76   rt_ctype_table.o
         8          4          0          0          0         68   rt_locale_intlibspace.o
        68          0          0          0          0         68   rt_memclr.o
        78          0          0          0          0         80   rt_memclr_w.o
         2          0          0          0          0          0   rtexit.o
        10          0          0          0          0          0   rtexit2.o
        20          0          0          0          0         68   strchr.o
       128          0          0          0          0         68   strcmpv7m.o
        62          0          0          0          0         76   strlen.o
        36          0          0          0          0         80   strstr.o
        12          4          0          0          0         68   sys_exit.o
        74          0          0          0          0         80   sys_stackheap_outer.o
         2          0          0          0          0         68   use_no_semi.o
        52          4          0          0          0         80   vsnprintf.o
        98          4          0          0          0         92   d2f.o
       804         16          0          0          0        272   daddsub_clz.o
       688        140          0          0          0        208   ddiv.o
        94          4          0          0          0         92   dfix.o
        46          0          0          0          0         68   dflt_clz.o
       340         12          0          0          0        104   dmul.o
       156          4          0          0          0         92   dnaninf.o
        12          0          0          0          0         68   dretinf.o
        86          4          0          0          0         84   f2d.o
       430          8          0          0          0        168   faddsub_clz.o
        24          0          0          0          0         68   fcmpi.o
       388         76          0          0          0         96   fdiv.o
        62          4          0          0          0         84   ffixu.o
        86          0          0          0          0        136   fflt_clz.o
       104          4          0          0          0         84   fleqf.o
       140          4          0          0          0         84   fnaninf.o
        10          0          0          0          0         68   fretinf.o
        98          0          0          0          0         68   frleqf.o
         4          0          0          0          0         68   printf1.o
         4          0          0          0          0         68   printf2.o
         0          0          0          0          0          0   usenofp.o
        40          0          0          0          0         68   fpclassify.o

    ----------------------------------------------------------------------
     10782        552        554          0        100       6552   Library Totals
        18          0          3          0          4          0   (incl. Padding)

    ----------------------------------------------------------------------

      Code (inc. data)   RO Data    RW Data    ZI Data      Debug   Library Name

      7050        272        551          0         96       4412   c_w.l
      3674        280          0          0          0       2072   fz_ws.l
        40          0          0          0          0         68   m_ws.l

    ----------------------------------------------------------------------
     10782        552        554          0        100       6552   Library Totals

    ----------------------------------------------------------------------

==============================================================================


      Code (inc. data)   RO Data    RW Data    ZI Data      Debug   

     21862       1572       2894        724       3172     326118   Grand Totals
     21862       1572       2894        252       3172     326118   ELF Image Totals (compressed)
     21862       1572       2894        252          0          0   ROM Totals

==============================================================================

    Total RO  Size (Code + RO Data)                24756 (  24.18kB)
    Total RW  Size (RW Data + ZI Data)              3896 (   3.80kB)
    Total ROM Size (Code + RO Data + RW Data)      25008 (  24.42kB)

==============================================================================

